******************************************************************************
                  TI ARM Linker PC v5.2.2                      
******************************************************************************
>> Linked Mon Nov 09 21:51:16 2015

OUTPUT FILE NAME:   <I2C_Draft.out>
ENTRY POINT SYMBOL: "_c_int00"  address: 00003dc9


MEMORY CONFIGURATION

         name            origin    length      used     unused   attr    fill
----------------------  --------  ---------  --------  --------  ----  --------
  RAM                   00000020   ffffffe0  00000360  fffffc80  RWIX


SEGMENT ALLOCATION MAP

run origin  load origin   length   init length attrs members
----------  ----------- ---------- ----------- ----- -------
00000000    00000000    00005f2a   00005f2a    r-x
  00000000    00000000    0000003c   0000003c    r-- .resetVecs
  00000040    00000040    00005eea   00005eea    r-x .text
00005f30    00005f30    00004364   00000000    rw-
  00005f30    00005f30    00004364   00000000    rw- .bss
0000a294    0000a294    000006bf   000006bf    r--
  0000a294    0000a294    000006bf   000006bf    r-- .const
0000a958    0000a958    000007ec   00000000    rw-
  0000a958    0000a958    000004b0   00000000    rw- .data
  0000ae08    0000ae08    00000300   00000000    rw- .stack
  0000b108    0000b108    0000003c   00000000    rw- .bss:.common
0000b148    0000b148    00000208   00000208    r--
  0000b148    0000b148    00000208   00000208    r-- .cinit
20000000    20000000    00000360   00000000    rw-
  20000000    20000000    00000360   00000000    rw- .vecs


SECTION ALLOCATION MAP

 output                                  attributes/
section   page    origin      length       input sections
--------  ----  ----------  ----------   ----------------
.bootVecs 
*          0    00000000    00000008     DSECT
                  00000000    00000008     boot.aem4f : boot.oem4f (.bootVecs)

.resetVecs 
*          0    00000000    0000003c     
                  00000000    0000003c     i2ctmp006_pem4f.oem4f (.resetVecs)

.vecs      0    20000000    00000360     UNINITIALIZED
                  20000000    00000360     i2ctmp006_pem4f.oem4f (.vecs)

xdc.meta   0    00000000    000000f7     COPY SECTION
                  00000000    000000f7     i2ctmp006_pem4f.oem4f (xdc.meta)

xdc.noload 
*          0    00000000    00000000     COPY SECTION

.text      0    00000040    00005eea     
                  00000040    00000430     sysbios.aem4f : BIOS.obj (.text:ti_sysbios_family_arm_m3_Hwi_excDumpRegs__I)
                  00000470    0000034c     ti.targets.arm.rtsarm.aem4f : System.oem4f (.text:xdc_runtime_System_doPrint__I)
                  000007bc    000002d4     rtsv7M4_T_le_v4SPD16_eabi.lib : trgdrv.obj (.text)
                  00000a90    00000214     drivers_tivaware.aem4f : UARTTiva.oem4f (.text:UARTTiva_open)
                  00000ca4    00000004     i2ctmp006.obj (.text:I2CMasterControl)
                  00000ca8    000001fc     sysbios.aem4f : BIOS.obj (.text:ti_sysbios_family_arm_m3_Hwi_excHandlerMax__I)
                  00000ea4    00000178     i2ctmp006.obj (.text:taskFxn)
                  0000101c    00000004     i2ctmp006.obj (.text:I2CMasterDataGet)
                  00001020    00000174     sysbios.aem4f : BIOS.obj (.text:ti_sysbios_family_arm_m3_Hwi_excBusFault__I)
                  00001194    00000004     i2ctmp006.obj (.text:I2CMasterDataPut)
                  00001198    00000174     sysbios.aem4f : BIOS.obj (.text:ti_sysbios_knl_Semaphore_pend__E)
                  0000130c    00000004     i2ctmp006.obj (.text:UARTIntClear)
                  00001310    00000164     sysbios.aem4f : BIOS.obj (.text:ti_sysbios_family_arm_m3_Hwi_excUsageFault__I)
                  00001474    00000148     drivers_tivaware.aem4f : GPIOTiva.oem4f (.text:GPIO_setConfig)
                  000015bc    00000004     i2ctmp006_pem4f.oem4f (.text:ti_sysbios_BIOS_RtsGateProxy_enter__E)
                  000015c0    00000148     sysbios.aem4f : BIOS.obj (.text:ti_sysbios_family_arm_m3_Hwi_excMemFault__I)
                  00001708    00000132     i2ctmp006.obj (.text:GPIOPadConfigSet)
                  0000183a    00000002     i2ctmp006_pem4f.oem4f (.text:ti_sysbios_BIOS_nullFunc__I)
                  0000183c    00000120     MPU9150.obj (.text:MPU9150_init)
                  0000195c    00000118     ti.targets.arm.rtsarm.aem4f : Error.oem4f (.text:xdc_runtime_Error_policyDefault__E)
                  00001a74    00000004     i2ctmp006_pem4f.oem4f (.text:ti_sysbios_BIOS_RtsGateProxy_leave__E)
                  00001a78    00000108     sysbios.aem4f : BIOS.obj (.text:ti_sysbios_family_arm_lm4_Timer_start__E)
                  00001b80    00000100     Boot.aem4f : Boot_sysctl.oem4f (.text:ti_catalog_arm_cortexm4_tiva_ce_Boot_sysCtlClockSetI__I)
                  00001c80    00000100     ti.targets.arm.rtsarm.aem4f : Core-mem.oem4f (.text:xdc_runtime_Core_createObject__I)
                  00001d80    000000f8                                 : Startup.oem4f (.text:xdc_runtime_Startup_startMods__I)
                  00001e78    000000f8     i2ctmp006_pem4f.oem4f (.text:xdc_runtime_System_printfExtend__I)
                  00001f70    000000f4     sysbios.aem4f : m3_Hwi_asm.obj (.text:ti_sysbios_family_arm_m3_Hwi_dispatch__I)
                  00002064    000000e8     drivers_tivaware.aem4f : I2CTiva.oem4f (.text:I2CTiva_open)
                  0000214c    000000d8     i2ctmp006.obj (.text:main)
                  00002224    000000d6     drivers_tivaware.aem4f : I2CTiva.oem4f (.text:I2CTiva_hwiFxn)
                  000022fa    00000006     i2ctmp006.obj (.text:GPIOIntClear)
                  00002300    000000cc     sysbios.aem4f : BIOS.obj (.text:ti_sysbios_heaps_HeapMem_alloc__E)
                  000023cc    000000cc     ti.targets.arm.rtsarm.aem4f : Core-smem.oem4f (.text:xdc_runtime_Core_constructObject__I)
                  00002498    000000bc     sysbios.aem4f : BIOS.obj (.text:ti_sysbios_family_arm_m3_Hwi_excDebugMon__I)
                  00002554    00000004                   : BIOS.obj (.text:ti_sysbios_family_arm_lm4_Timer_masterEnable__I)
                  00002558    000000bc                   : BIOS.obj (.text:ti_sysbios_family_arm_m3_Hwi_excHardFault__I)
                  00002614    00000004     i2ctmp006_pem4f.oem4f (.text:ti_sysbios_family_arm_m3_Hwi_destruct)
                  00002618    000000b4     sysbios.aem4f : BIOS.obj (.text:ti_sysbios_knl_Task_checkStacks__E)
                  000026cc    00000004     i2ctmp006_pem4f.oem4f (.text:ti_sysbios_family_arm_m3_TaskSupport_Module__startupDone__S)
                  000026d0    000000ac     sysbios.aem4f : BIOS.obj (.text:ti_sysbios_family_arm_lm4_Timer_enableTiva__I)
                  0000277c    000000a0     auto_init.aem4f : auto_init.oem4f (.text)
                  0000281c    000000a0     drivers_tivaware.aem4f : UARTTiva.oem4f (.text:readTaskBlocking)
                  000028bc    000000a0     ti.targets.arm.rtsarm.aem4f : Text.oem4f (.text:xdc_runtime_Text_putMod__E)
                  0000295c    0000009c     rtsv7M4_T_le_v4SPD16_eabi.lib : memcpy_t2.obj (.text)
                  000029f8    0000009c     sysbios.aem4f : BIOS.obj (.text:ti_sysbios_knl_Task_postInit__I)
                  00002a94    0000009a     ti.targets.arm.rtsarm.aem4f : Text.oem4f (.text:xdc_runtime_Text_putSite__E)
                  00002b2e    00000002     i2ctmp006_pem4f.oem4f (.text:xdc_runtime_Startup_reset__I)
                  00002b30    00000098     drivers_tivaware.aem4f : GPIOTiva.oem4f (.text:GPIO_init)
                  00002bc8    00000098                            : UARTTiva.oem4f (.text:UARTTiva_readPolling)
                  00002c60    00000098     Boot.aem4f : Boot.oem4f (.text:ti_catalog_arm_cortexm4_tiva_ce_Boot_sysCtlClockSet__E)
                  00002cf8    00000094     drivers_tivaware.aem4f : UARTTiva.oem4f (.text:UARTTiva_write)
                  00002d8c    00000004     i2ctmp006_pem4f.oem4f (.text:ti_sysbios_heaps_HeapMem_Module_GateProxy_enter__E)
                  00002d90    00000094     sysbios.aem4f : BIOS.obj (.text:ti_sysbios_family_arm_m3_Hwi_Instance_init__E)
                  00002e24    00000004     i2ctmp006_pem4f.oem4f (.text:ti_sysbios_heaps_HeapMem_Module_GateProxy_leave__E)
                  00002e28    00000094     sysbios.aem4f : BIOS.obj (.text:ti_sysbios_family_arm_m3_Hwi_initNVIC__E)
                  00002ebc    0000008c     drivers_tivaware.aem4f : UARTTiva.oem4f (.text:UARTTiva_control)
                  00002f48    0000008c     sysbios.aem4f : m3_TaskSupport_asm.obj (.text:ti_sysbios_family_arm_m3_TaskSupport_buildTaskStack)
                  00002fd4    0000008a     drivers_tivaware.aem4f : UARTTiva.oem4f (.text:readIsrTextBlocking)
                  0000305e    00000082                            : UARTTiva.oem4f (.text:readIsrTextCallback)
                  000030e0    00000080     MPU9150.obj (.text:MPU9150_read)
                  00003160    0000007e     drivers_tivaware.aem4f : I2CTiva.oem4f (.text:I2CTiva_transfer)
                  000031de    00000002     --HOLE-- [fill = 0]
                  000031e0    0000007c     EK_TM4C123GXL.obj (.text:EK_TM4C123GXL_initI2C)
                  0000325c    00000004     i2ctmp006_pem4f.oem4f (.text:ti_sysbios_knl_Clock_TimerProxy_getMaxTicks__E)
                  00003260    0000007c     sysbios.aem4f : BIOS.obj (.text:ti_sysbios_heaps_HeapMem_free__E)
                  000032dc    0000007a     drivers_tivaware.aem4f : UARTTiva.oem4f (.text:readTaskCallback)
                  00003356    0000007a     rtsv7M4_T_le_v4SPD16_eabi.lib : memset_t2.obj (.text)
                  000033d0    00000074     sysbios.aem4f : BIOS.obj (.text:ti_sysbios_family_arm_m3_Hwi_postInit__I)
                  00003444    00000004     i2ctmp006_pem4f.oem4f (.text:ti_sysbios_knl_Clock_destruct)
                  00003448    00000070     sysbios.aem4f : BIOS.obj (.text:ti_sysbios_knl_Semaphore_post__E)
                  000034b8    0000006c                   : BIOS.obj (.text:ti_sysbios_knl_Clock_workFunc__E)
                  00003524    00000004     i2ctmp006_pem4f.oem4f (.text:ti_sysbios_knl_Queue_destruct)
                  00003528    0000006c     sysbios.aem4f : BIOS.obj (.text:ti_sysbios_knl_Task_exit__E)
                  00003594    0000006c     drivers_tivaware.aem4f : UARTTiva.oem4f (.text:writeData)
                  00003600    0000006c     ti.targets.arm.rtsarm.aem4f : Error.oem4f (.text:xdc_runtime_Error_print__E)
                  0000366c    0000006c                                 : Memory.oem4f (.text:xdc_runtime_Memory_alloc__E)
                  000036d8    0000006a     rtsv7M4_T_le_v4SPD16_eabi.lib : copy_decompress_rle.obj (.text)
                  00003742    00000002     --HOLE-- [fill = 0]
                  00003744    00000068                                   : trgmsg.obj (.text)
                  000037ac    00000066     ti.targets.arm.rtsarm.aem4f : Core-mem.oem4f (.text:xdc_runtime_Core_deleteObject__I)
                  00003812    00000002     --HOLE-- [fill = 0]
                  00003814    00000064     drivers_tivaware.aem4f : GPIOTiva.oem4f (.text:GPIO_hwiIntFxn)
                  00003878    00000064     sysbios.aem4f : BIOS.obj (.text:ti_sysbios_family_arm_lm4_Timer_Module_startup__E)
                  000038dc    00000064     i2ctmp006_pem4f.oem4f (.text:ti_sysbios_family_arm_m3_Hwi_create)
                  00003940    00000064     sysbios.aem4f : BIOS.obj (.text:ti_sysbios_family_arm_m3_Hwi_dispatchC__I)
                  000039a4    00000064     ti.targets.arm.rtsarm.aem4f : System.oem4f (.text:xdc_runtime_System_formatNum__I)
                  00003a08    00000062     drivers_tivaware.aem4f : I2CTiva.oem4f (.text:I2CTiva_primeTransfer)
                  00003a6a    00000006     i2ctmp006.obj (.text:GPIOPinRead)
                  00003a70    00000060     sysbios.aem4f : BIOS.obj (.text:ti_sysbios_knl_Task_schedule__I)
                  00003ad0    0000005e     MPU9150.obj (.text:MPU9150_Int)
                  00003b2e    0000005e     drivers_tivaware.aem4f : UARTTiva.oem4f (.text:readIsrBinaryBlocking)
                  00003b8c    00000004     i2ctmp006_pem4f.oem4f (.text:ti_sysbios_knl_Semaphore_destruct)
                  00003b90    0000005c     sysbios.aem4f : BIOS.obj (.text:ti_sysbios_knl_Swi_restoreHwi__E)
                  00003bec    00000004     ti.targets.arm.rtsarm.aem4f : Error.oem4f (.text:xdc_runtime_Error_getSite__E)
                  00003bf0    0000005c     sysbios.aem4f : BIOS.obj (.text:ti_sysbios_knl_Swi_run__I)
                  00003c4c    00000004     i2ctmp006_pem4f.oem4f (.text:xdc_runtime_System_Module_GateProxy_enter__E)
                  00003c50    0000005c     sysbios.aem4f : BIOS.obj (.text:ti_sysbios_knl_Swi_schedule__I)
                  00003cac    00000004     i2ctmp006_pem4f.oem4f (.text:xdc_runtime_System_Module_GateProxy_leave__E)
                  00003cb0    0000005c     sysbios.aem4f : BIOS.obj (.text:ti_sysbios_knl_Task_Module_startup__E)
                  00003d0c    00000004     ti.targets.arm.rtsarm.aem4f : System.oem4f (.text:xdc_runtime_System_aprintf_va__F)
                  00003d10    0000005c     sysbios.aem4f : BIOS.obj (.text:ti_sysbios_knl_Task_startCore__E)
                  00003d6c    0000005b     ti.targets.arm.rtsarm.aem4f : Text.oem4f (.text:xdc_runtime_Text_putLab__E)
                  00003dc7    00000001     --HOLE-- [fill = 0]
                  00003dc8    00000058     boot.aem4f : boot.oem4f (.text)
                  00003e20    00000058     MPU9150.obj (.text:MPU9150_getAccelRaw)
                  00003e78    00000058     i2ctmp006_pem4f.oem4f (.text:ti_sysbios_family_arm_m3_Hwi_construct)
                  00003ed0    00000058     sysbios.aem4f : m3_Hwi_asm_switch.obj (.text:ti_sysbios_family_arm_m3_Hwi_initStacks__E)
                  00003f28    00000056     i2ctmp006.obj (.text:GPIOIntTypeSet)
                  00003f7e    00000054     drivers_tivaware.aem4f : UARTTiva.oem4f (.text:readIsrBinaryCallback)
                  00003fd2    00000006     i2ctmp006.obj (.text:GPIOPinWrite)
                  00003fd8    00000054     sysbios.aem4f : BIOS.obj (.text:ti_sysbios_family_arm_lm4_Timer_initDevice__I)
                  0000402c    00000054     ti.targets.arm.rtsarm.aem4f : Assert.oem4f (.text:xdc_runtime_Assert_raise__I)
                  00004080    00000050     drivers_tivaware.aem4f : GPIOTiva.oem4f (.text:GPIO_setCallback)
                  000040d0    00000050                            : GPIOTiva.oem4f (.text:GPIO_toggle)
                  00004120    00000050                            : GPIOTiva.oem4f (.text:GPIO_write)
                  00004170    00000050                            : UARTTiva.oem4f (.text:UARTTiva_writeCancel)
                  000041c0    00000050     sysbios.aem4f : BIOS.obj (.text:ti_sysbios_family_arm_m3_Hwi_Module_startup__E)
                  00004210    00000050                   : BIOS.obj (.text:ti_sysbios_knl_Clock_Instance_init__E)
                  00004260    00000050     ti.targets.arm.rtsarm.aem4f : Startup.oem4f (.text:xdc_runtime_Startup_exec__E)
                  000042b0    0000004c     i2ctmp006.obj (.text:I2CMasterInitExpClk)
                  000042fc    0000004c     drivers_tivaware.aem4f : UARTTiva.oem4f (.text:UARTTiva_close)
                  00004348    0000004c     rtsv7M4_T_le_v4SPD16_eabi.lib : cpy_tbl.obj (.text)
                  00004394    00000004     ti.targets.arm.rtsarm.aem4f : System.oem4f (.text:xdc_runtime_System_printf_va__F)
                  00004398    0000004c     sysbios.aem4f : BIOS.obj (.text:ti_sysbios_heaps_HeapMem_getStats__E)
                  000043e4    00000004     --HOLE-- [fill = 0]
                  000043e8    0000004c                   : BIOS.obj (.text:ti_sysbios_knl_Swi_runLoop__I)
                  00004434    00000004     --HOLE-- [fill = 0]
                  00004438    0000004c                   : BIOS.obj (.text:ti_sysbios_knl_Task_allBlockedFunction__I)
                  00004484    00000048     i2ctmp006.obj (.text:GPIOPinConfigure)
                  000044cc    00000004     --HOLE-- [fill = 0]
                  000044d0    00000048     sysbios.aem4f : BIOS.obj (.text:ti_sysbios_family_arm_lm4_Timer_enableTimers__I)
                  00004518    00000048                   : BIOS.obj (.text:ti_sysbios_family_arm_m3_Hwi_disableInterrupt__E)
                  00004560    00000048                   : BIOS.obj (.text:ti_sysbios_family_arm_m3_Hwi_enableInterrupt__E)
                  000045a8    00000048                   : BIOS.obj (.text:ti_sysbios_family_arm_m3_Hwi_excReserved__I)
                  000045f0    00000046     drivers_tivaware.aem4f : RingBuf.oem4f (.text:RingBuf_put)
                  00004636    00000046     i2ctmp006.obj (.text:UARTConfigSetExpClk)
                  0000467c    00000046     ti.targets.arm.rtsarm.aem4f : Core-params.oem4f (.text:xdc_runtime_Core_assignParams__I)
                  000046c2    00000002     --HOLE-- [fill = 0]
                  000046c4    00000044     rtsv7M4_T_le_v4SPD16_eabi.lib : exit.obj (.text)
                  00004708    00000044     sysbios.aem4f : BIOS.obj (.text:ti_sysbios_family_arm_lm4_Timer_isrStub__E)
                  0000474c    00000004     --HOLE-- [fill = 0]
                  00004750    00000044                   : BIOS.obj (.text:ti_sysbios_family_arm_m3_Hwi_getStackInfo__E)
                  00004794    00000004     --HOLE-- [fill = 0]
                  00004798    00000044                   : BIOS.obj (.text:ti_sysbios_knl_Swi_post__E)
                  000047dc    00000044     ti.targets.arm.rtsarm.aem4f : Error.oem4f (.text:xdc_runtime_Error_setX__E)
                  00004820    00000044                                 : SysMin.oem4f (.text:xdc_runtime_SysMin_flush__E)
                  00004864    00000044                                 : Text.oem4f (.text:xdc_runtime_Text_xprintf__I)
                  000048a8    00000042     drivers_tivaware.aem4f : UARTTiva.oem4f (.text:UARTTiva_hwiIntFxn)
                  000048ea    00000042                            : UARTTiva.oem4f (.text:UARTTiva_writePolling)
                  0000492c    00000042     rtsv7M4_T_le_v4SPD16_eabi.lib : u_divt2.obj (.text)
                  0000496e    00000040     drivers_tivaware.aem4f : RingBuf.oem4f (.text:RingBuf_get)
                  000049ae    00000040                            : UARTTiva.oem4f (.text:UARTTiva_read)
                  000049ee    00000002     --HOLE-- [fill = 0]
                  000049f0    00000040     sysbios.aem4f : BIOS.obj (.text:ti_sysbios_family_arm_lm4_Timer_startup__E)
                  00004a30    00000040                   : BIOS.obj (.text:ti_sysbios_heaps_HeapMem_Instance_init__E)
                  00004a70    0000003c                   : BIOS.obj (.text:ti_sysbios_family_arm_m3_Hwi_excSvCall__I)
                  00004aac    00000004     --HOLE-- [fill = 0]
                  00004ab0    0000003c                   : BIOS.obj (.text:ti_sysbios_family_arm_m3_TaskSupport_start__E)
                  00004aec    00000004     --HOLE-- [fill = 0]
                  00004af0    0000003c                   : BIOS.obj (.text:ti_sysbios_heaps_HeapMem_init__I)
                  00004b2c    00000004     --HOLE-- [fill = 0]
                  00004b30    0000003c                   : BIOS.obj (.text:ti_sysbios_knl_Swi_restore__E)
                  00004b6c    0000003a     drivers_tivaware.aem4f : I2CTiva.oem4f (.text:I2CTiva_completeTransfer)
                  00004ba6    00000002     --HOLE-- [fill = 0]
                  00004ba8    00000038     EK_TM4C123GXL.obj (.text:EK_TM4C123GXL_initGeneral)
                  00004be0    00000038     drivers_tivaware.aem4f : I2C.oem4f (.text:I2C_init)
                  00004c18    00000038                            : UART.oem4f (.text:UART_init)
                  00004c50    00000038     sysbios.aem4f : BIOS.obj (.text:ti_sysbios_family_arm_m3_Hwi_excNoIsr__I)
                  00004c88    00000038                   : BIOS.obj (.text:ti_sysbios_knl_Task_processVitalTaskFlag__I)
                  00004cc0    00000038     ti.targets.arm.rtsarm.aem4f : SysMin.oem4f (.text:xdc_runtime_SysMin_putch__E)
                  00004cf8    00000038                                 : System.oem4f (.text:xdc_runtime_System_atexit__E)
                  00004d30    00000036     drivers_tivaware.aem4f : I2CTiva.oem4f (.text:I2CTiva_close)
                  00004d66    00000036                            : UARTTiva.oem4f (.text:UARTTiva_readCancel)
                  00004d9c    00000034     i2ctmp006.obj (.text:SysCtlPeripheralEnable)
                  00004dd0    00000034     sysbios.aem4f : BIOS.obj (.text:ti_sysbios_family_arm_m3_Hwi_excNmi__I)
                  00004e04    00000004     --HOLE-- [fill = 0]
                  00004e08    00000034                   : BIOS.obj (.text:ti_sysbios_hal_Hwi_checkStack)
                  00004e3c    00000034     i2ctmp006_pem4f.oem4f (.text:ti_sysbios_knl_Clock_construct)
                  00004e70    00000034     ti.targets.arm.rtsarm.aem4f : Core-label.oem4f (.text:xdc_runtime_Core_assignLabel__I)
                  00004ea4    00000033                                 : Text.oem4f (.text:xdc_runtime_Text_printVisFxn__I)
                  00004ed7    00000001     --HOLE-- [fill = 0]
                  00004ed8    00000032     i2ctmp006.obj (.text:circ_size)
                  00004f0a    00000006     i2ctmp006.obj (.text:I2CMasterIntDisable)
                  00004f10    00000032     sysbios.aem4f : BIOS.obj (.text:ti_sysbios_hal_Hwi_initStack)
                  00004f42    00000002     --HOLE-- [fill = 0]
                  00004f44    00000030     drivers_tivaware.aem4f : GPIOTiva.oem4f (.text:GPIO_enableInt)
                  00004f74    00000030     i2ctmp006_pem4f.oem4f (.text:ti_sysbios_BIOS_atExitFunc__I)
                  00004fa4    00000004     --HOLE-- [fill = 0]
                  00004fa8    00000030     sysbios.aem4f : BIOS.obj (.text:ti_sysbios_family_arm_lm4_Timer_stop__E)
                  00004fd8    00000030     i2ctmp006_pem4f.oem4f (.text:ti_sysbios_gates_GateHwi_Object__create__S)
                  00005008    00000030     i2ctmp006_pem4f.oem4f (.text:ti_sysbios_gates_GateMutex_Object__create__S)
                  00005038    00000030     i2ctmp006_pem4f.oem4f (.text:ti_sysbios_gates_GateMutex_create)
                  00005068    00000030     sysbios.aem4f : BIOS.obj (.text:ti_sysbios_gates_GateMutex_enter__E)
                  00005098    00000030     i2ctmp006_pem4f.oem4f (.text:ti_sysbios_heaps_HeapMem_Object__create__S)
                  000050c8    00000030     i2ctmp006_pem4f.oem4f (.text:ti_sysbios_knl_Semaphore_construct)
                  000050f8    00000030     sysbios.aem4f : BIOS.obj (.text:ti_sysbios_knl_Semaphore_pendTimeout__I)
                  00005128    00000030                   : BIOS.obj (.text:ti_sysbios_knl_Task_unblockI__E)
                  00005158    00000030     ti.targets.arm.rtsarm.aem4f : SysMin.oem4f (.text:xdc_runtime_SysMin_abort__E)
                  00005188    00000030                                 : System.oem4f (.text:xdc_runtime_System_processAtExit__E)
                  000051b8    0000002c     EK_TM4C123GXL.obj (.text:EK_TM4C123GXL_initGPIO)
                  000051e4    0000002c     EK_TM4C123GXL.obj (.text:EK_TM4C123GXL_initUART)
                  00005210    0000002c     sysbios.aem4f : BIOS.obj (.text:ti_sysbios_family_arm_m3_Hwi_Instance_finalize__E)
                  0000523c    0000002c     i2ctmp006_pem4f.oem4f (.text:ti_sysbios_knl_Clock_doTick__I)
                  00005268    0000002c     i2ctmp006_pem4f.oem4f (.text:ti_sysbios_knl_Queue_construct)
                  00005294    00000004     --HOLE-- [fill = 0]
                  00005298    0000002c     sysbios.aem4f : BIOS.obj (.text:ti_sysbios_knl_Task_restore__E)
                  000052c4    0000002c     ti.targets.arm.rtsarm.aem4f : Text.oem4f (.text:xdc_runtime_Text_cordText__E)
                  000052f0    0000002a     i2ctmp006.obj (.text:GPIODirModeSet)
                  0000531a    0000002a     ti.targets.arm.rtsarm.aem4f : System.oem4f (.text:xdc_runtime_System_putchar__I)
                  00005344    00000004     --HOLE-- [fill = 0]
                  00005348    00000028     sysbios.aem4f : BIOS.obj (.text:ti_sysbios_knl_Swi_Module_startup__E)
                  00005370    00000026                   : m3_Hwi_asm.obj (.text:ti_sysbios_family_arm_m3_Hwi_pendSV__I)
                  00005396    00000026     ti.targets.arm.rtsarm.aem4f : System.oem4f (.text:xdc_runtime_System_avprintf__E)
                  000053bc    00000024     i2ctmp006_pem4f.oem4f (.text:ti_sysbios_BIOS_registerRTSLock__I)
                  000053e0    00000024     i2ctmp006_pem4f.oem4f (.text:ti_sysbios_BIOS_removeRTSLock__I)
                  00005404    00000024     i2ctmp006_pem4f.oem4f (.text:ti_sysbios_BIOS_startFunc__I)
                  00005428    00000024     i2ctmp006_pem4f.oem4f (.text:ti_sysbios_gates_GateMutex_Object__delete__S)
                  0000544c    00000004     --HOLE-- [fill = 0]
                  00005450    00000024     sysbios.aem4f : BIOS.obj (.text:ti_sysbios_knl_Clock_Module_startup__E)
                  00005474    00000004     --HOLE-- [fill = 0]
                  00005478    00000024                   : BIOS.obj (.text:ti_sysbios_knl_Clock_start__E)
                  0000549c    00000004     --HOLE-- [fill = 0]
                  000054a0    00000024                   : BIOS.obj (.text:ti_sysbios_knl_Semaphore_Instance_init__E)
                  000054c4    00000004     --HOLE-- [fill = 0]
                  000054c8    00000024                   : BIOS.obj (.text:ti_sysbios_knl_Task_restoreHwi__E)
                  000054ec    00000024     ti.targets.arm.rtsarm.aem4f : System.oem4f (.text:xdc_runtime_System_vprintf__E)
                  00005510    00000022     sysbios.aem4f : BIOS.obj (.text:ti_sysbios_family_arm_lm4_Timer_write__I)
                  00005532    00000022     i2ctmp006_pem4f.oem4f (.text:xdc_runtime_SysMin_output__I)
                  00005554    00000020     drivers_tivaware.aem4f : GPIOTiva.oem4f (.text:GPIO_clearInt)
                  00005574    00000020     i2ctmp006.obj (.text:UARTDisable)
                  00005594    00000020     i2ctmp006_pem4f.oem4f (.text:ti_sysbios_BIOS_rtsLock__I)
                  000055b4    00000020     sysbios.aem4f : m3_Hwi_asm.obj (.text:ti_sysbios_family_arm_m3_Hwi_excHandlerAsm__I)
                  000055d4    00000004     --HOLE-- [fill = 0]
                  000055d8    00000020                   : BIOS.obj (.text:ti_sysbios_family_arm_m3_Hwi_excHandler__I)
                  000055f8    00000020     i2ctmp006_pem4f.oem4f (.text:ti_sysbios_gates_GateHwi_Object__delete__S)
                  00005618    00000020     i2ctmp006_pem4f.oem4f (.text:ti_sysbios_heaps_HeapMem_Object__delete__S)
                  00005638    00000020     i2ctmp006_pem4f.oem4f (.text:ti_sysbios_knl_Clock_Object__destruct__S)
                  00005658    00000020     sysbios.aem4f : BIOS.obj (.text:ti_sysbios_knl_Idle_run__E)
                  00005678    00000020     i2ctmp006_pem4f.oem4f (.text:ti_sysbios_knl_Semaphore_Object__destruct__S)
                  00005698    00000020     ti.targets.arm.rtsarm.aem4f : Registry.oem4f (.text:xdc_runtime_Registry_findById__E)
                  000056b8    00000020                                 : SysMin.oem4f (.text:xdc_runtime_SysMin_Module_startup__E)
                  000056d8    0000001e     i2ctmp006_pem4f.oem4f (.text:ti_sysbios_BIOS_errorRaiseHook__I)
                  000056f6    0000001e     sysbios.aem4f : m3_Hwi_asm_switch.obj (.text:ti_sysbios_family_xxx_Hwi_switchAndRunFunc)
                  00005714    0000001c     drivers_tivaware.aem4f : GPIOTiva.oem4f (.text:getGpioIntIndex)
                  00005730    0000001c     i2ctmp006_pem4f.oem4f (.text:ti_sysbios_family_arm_m3_Hwi_Object__destruct__S)
                  0000574c    00000004     --HOLE-- [fill = 0]
                  00005750    0000001c     sysbios.aem4f : BIOS.obj (.text:ti_sysbios_gates_GateMutex_Instance_init__E)
                  0000576c    00000004     --HOLE-- [fill = 0]
                  00005770    0000001c                   : BIOS.obj (.text:ti_sysbios_knl_Clock_Instance_finalize__E)
                  0000578c    0000001c     i2ctmp006_pem4f.oem4f (.text:ti_sysbios_knl_Queue_Object__destruct__S)
                  000057a8    0000001c     sysbios.aem4f : BIOS.obj (.text:ti_sysbios_knl_Queue_put__E)
                  000057c4    00000004     --HOLE-- [fill = 0]
                  000057c8    0000001c                   : BIOS.obj (.text:ti_sysbios_knl_Task_enter__I)
                  000057e4    0000001c     ti.targets.arm.rtsarm.aem4f : Error.oem4f (.text:xdc_runtime_Error_raiseX__E)
                  00005800    0000001c                                 : Memory.oem4f (.text:xdc_runtime_Memory_valloc__E)
                  0000581c    0000001c                                 : SysMin.oem4f (.text:xdc_runtime_SysMin_exit__E)
                  00005838    0000001c                                 : System.oem4f (.text:xdc_runtime_System_abort__E)
                  00005854    0000001a     i2ctmp006_pem4f.oem4f (.text:xdc_runtime_System_aprintf__E)
                  0000586e    0000001a     i2ctmp006_pem4f.oem4f (.text:xdc_runtime_System_printf__E)
                  00005888    00000018     drivers_tivaware.aem4f : I2C.oem4f (.text:I2C_open)
                  000058a0    00000018                            : UART.oem4f (.text:UART_Params_init)
                  000058b8    00000018                            : UART.oem4f (.text:UART_open)
                  000058d0    00000018     i2ctmp006.obj (.text:gpioMPU9150DataReady)
                  000058e8    00000018     rtsv7M4_T_le_v4SPD16_eabi.lib : args_main.obj (.text)
                  00005900    00000018     i2ctmp006_pem4f.oem4f (.text:ti_sysbios_BIOS_rtsUnlock__I)
                  00005918    00000018     i2ctmp006_pem4f.oem4f (.text:ti_sysbios_family_arm_lm4_Timer_Module__startupDone__F)
                  00005930    00000018     i2ctmp006_pem4f.oem4f (.text:ti_sysbios_family_arm_m3_Hwi_Handle__label__S)
                  00005948    00000018     i2ctmp006_pem4f.oem4f (.text:ti_sysbios_family_arm_m3_Hwi_Module__startupDone__F)
                  00005960    00000018     sysbios.aem4f : m3_TaskSupport_asm.obj (.text:ti_sysbios_family_arm_m3_TaskSupport_swap__E)
                  00005978    00000018     i2ctmp006_pem4f.oem4f (.text:ti_sysbios_gates_GateHwi_Handle__label__S)
                  00005990    00000018     i2ctmp006_pem4f.oem4f (.text:ti_sysbios_gates_GateMutex_Handle__label__S)
                  000059a8    00000018     sysbios.aem4f : BIOS.obj (.text:ti_sysbios_gates_GateMutex_leave__E)
                  000059c0    00000018     i2ctmp006_pem4f.oem4f (.text:ti_sysbios_heaps_HeapMem_Handle__label__S)
                  000059d8    00000018     i2ctmp006_pem4f.oem4f (.text:ti_sysbios_knl_Swi_Handle__label__S)
                  000059f0    00000018     i2ctmp006_pem4f.oem4f (.text:ti_sysbios_knl_Task_Handle__label__S)
                  00005a08    00000018     ti.targets.arm.rtsarm.aem4f : Error.oem4f (.text:xdc_runtime_Error_check__E)
                  00005a20    00000018                                 : System.oem4f (.text:xdc_runtime_System_exit__E)
                  00005a38    00000018                                 : Text.oem4f (.text:xdc_runtime_Text_ropeText__E)
                  00005a50    00000016     i2ctmp006.obj (.text:I2CMasterErr)
                  00005a66    00000016     i2ctmp006_pem4f.oem4f (.text:ti_sysbios_BIOS_exitFunc__I)
                  00005a7c    00000014     i2ctmp006.obj (.text:UARTEnable)
                  00005a90    00000014     rtsv7M4_T_le_v4SPD16_eabi.lib : _lock.obj (.text)
                  00005aa4    00000014                                   : strcpy.obj (.text)
                  00005ab8    00000014                                   : strlen.obj (.text)
                  00005acc    00000014     i2ctmp006_pem4f.oem4f (.text:ti_sysbios_family_arm_m3_Hwi_Object__get__S)
                  00005ae0    00000014     sysbios.aem4f : BIOS.obj (.text:ti_sysbios_family_arm_m3_Hwi_switchFromBootStack__E)
                  00005af4    00000014     i2ctmp006_pem4f.oem4f (.text:ti_sysbios_heaps_HeapMem_Object__get__S)
                  00005b08    00000014     i2ctmp006_pem4f.oem4f (.text:ti_sysbios_knl_Swi_Object__get__S)
                  00005b1c    00000012     i2ctmp006.obj (.text:GPIOPinTypeGPIOInput)
                  00005b2e    00000012     i2ctmp006.obj (.text:GPIOPinTypeI2C)
                  00005b40    00000012     i2ctmp006.obj (.text:GPIOPinTypeI2CSCL)
                  00005b52    00000012     i2ctmp006.obj (.text:GPIOPinTypeUART)
                  00005b64    00000012     drivers_tivaware.aem4f : RingBuf.oem4f (.text:RingBuf_construct)
                  00005b76    00000002     --HOLE-- [fill = 0]
                  00005b78    00000012     sysbios.aem4f : BIOS.obj (.text:ti_sysbios_hal_Hwi_Module_startup__E)
                  00005b8a    00000012     i2ctmp006_pem4f.oem4f (.text:xdc_runtime_Startup_exec__I)
                  00005b9c    00000010     drivers_tivaware.aem4f : I2C.oem4f (.text:I2C_Params_init)
                  00005bac    00000010     i2ctmp006.obj (.text:circ_init)
                  00005bbc    00000010     drivers_tivaware.aem4f : UARTTiva.oem4f (.text:readBlockingTimeout)
                  00005bcc    00000004     --HOLE-- [fill = 0]
                  00005bd0    00000010     sysbios.aem4f : BIOS.obj (.text:ti_sysbios_BIOS_getCpuFreq__E)
                  00005be0    00000010                   : BIOS.obj (.text:ti_sysbios_BIOS_setThreadType__E)
                  00005bf0    00000010                   : BIOS.obj (.text:ti_sysbios_BIOS_start__E)
                  00005c00    00000010                   : m3_TaskSupport_asm.obj (.text:ti_sysbios_family_arm_m3_TaskSupport_glue)
                  00005c10    00000010                   : BIOS.obj (.text:ti_sysbios_gates_GateMutex_Instance_finalize__E)
                  00005c20    00000010                   : BIOS.obj (.text:ti_sysbios_knl_Semaphore_Instance_finalize__E)
                  00005c30    00000010                   : BIOS.obj (.text:ti_sysbios_knl_Swi_disable__E)
                  00005c40    00000010     i2ctmp006_pem4f.oem4f (.text:ti_sysbios_knl_Task_Object__get__S)
                  00005c50    00000010     sysbios.aem4f : BIOS.obj (.text:ti_sysbios_knl_Task_disable__E)
                  00005c60    00000010     ti.targets.arm.rtsarm.aem4f : Gate.oem4f (.text:xdc_runtime_Gate_leaveSystem__E)
                  00005c70    00000010                                 : Memory.oem4f (.text:xdc_runtime_Memory_free__E)
                  00005c80    00000010                                 : SysMin.oem4f (.text:xdc_runtime_SysMin_ready__E)
                  00005c90    00000010                                 : System.oem4f (.text:xdc_runtime_System_vsnprintf__E)
                  00005ca0    0000000e     i2ctmp006.obj (.text:GPIOIntStatus)
                  00005cae    0000000e     i2ctmp006.obj (.text:UARTCharGetNonBlocking)
                  00005cbc    0000000e     i2ctmp006.obj (.text:UARTCharPutNonBlocking)
                  00005cca    0000000e     rtsv7M4_T_le_v4SPD16_eabi.lib : copy_decompress_none.obj (.text:decompress:none)
                  00005cd8    0000000e     sysbios.aem4f : BIOS.obj (.text:ti_sysbios_knl_Idle_loop__E)
                  00005ce6    00000002     --HOLE-- [fill = 0]
                  00005ce8    0000000e                   : BIOS.obj (.text:ti_sysbios_knl_Queue_empty__E)
                  00005cf6    00000002     --HOLE-- [fill = 0]
                  00005cf8    0000000c     i2ctmp006_pem4f.oem4f (.text:.bootCodeSection:ti_catalog_arm_cortexm4_tiva_ce_Boot_init__I)
                  00005d04    0000000c     i2ctmp006.obj (.text:GPIOIntEnable)
                  00005d10    0000000c     drivers_tivaware.aem4f : RingBuf.oem4f (.text:RingBuf_peek)
                  00005d1c    0000000c     i2ctmp006.obj (.text:UARTFlowControlSet)
                  00005d28    0000000c     drivers_tivaware.aem4f : UARTTiva.oem4f (.text:UARTTiva_init)
                  00005d34    0000000c     rtsv7M4_T_le_v4SPD16_eabi.lib : copy_zero_init.obj (.text:decompress:ZI)
                  00005d40    0000000c     sysbios.aem4f : BIOS.obj (.text:ti_sysbios_family_arm_lm4_Timer_getMaxTicks__E)
                  00005d4c    0000000c     i2ctmp006_pem4f.oem4f (.text:ti_sysbios_family_arm_m3_Hwi_Params__init__S)
                  00005d58    0000000c     sysbios.aem4f : BIOS.obj (.text:ti_sysbios_family_arm_m3_Hwi_disableFxn__E)
                  00005d64    00000004     --HOLE-- [fill = 0]
                  00005d68    0000000c                   : BIOS.obj (.text:ti_sysbios_family_arm_m3_TaskSupport_checkStack__E)
                  00005d74    00000004     --HOLE-- [fill = 0]
                  00005d78    0000000c                   : BIOS.obj (.text:ti_sysbios_gates_GateHwi_enter__E)
                  00005d84    0000000c     i2ctmp006_pem4f.oem4f (.text:ti_sysbios_knl_Clock_Params__init__S)
                  00005d90    0000000c     i2ctmp006_pem4f.oem4f (.text:ti_sysbios_knl_Queue_Object__get__S)
                  00005d9c    0000000c     i2ctmp006_pem4f.oem4f (.text:ti_sysbios_knl_Semaphore_Params__init__S)
                  00005da8    0000000c     ti.targets.arm.rtsarm.aem4f : Error.oem4f (.text:xdc_runtime_Error_init__E)
                  00005db4    0000000c                                 : Gate.oem4f (.text:xdc_runtime_Gate_enterSystem__E)
                  00005dc0    0000000c                                 : Memory.oem4f (.text:xdc_runtime_Memory_calloc__E)
                  00005dcc    0000000c                                 : Memory.oem4f (.text:xdc_runtime_Memory_getMaxDefaultTypeAlign__E)
                  00005dd8    0000000a     i2ctmp006.obj (.text:I2CMasterDisable)
                  00005de2    0000000a     i2ctmp006.obj (.text:I2CMasterEnable)
                  00005dec    0000000a     drivers_tivaware.aem4f : I2CTiva.oem4f (.text:I2CTiva_init)
                  00005df6    0000000a                            : I2C.oem4f (.text:I2C_transfer)
                  00005e00    0000000a     i2ctmp006.obj (.text:UARTCharGet)
                  00005e0a    0000000a     i2ctmp006.obj (.text:UARTCharPut)
                  00005e14    0000000a     i2ctmp006.obj (.text:UARTIntDisable)
                  00005e1e    0000000a     i2ctmp006.obj (.text:UARTIntStatus)
                  00005e28    0000000a     drivers_tivaware.aem4f : UART.oem4f (.text:UART_write)
                  00005e32    0000000a     i2ctmp006_pem4f.oem4f (.text:xdc_runtime_IHeap_alloc)
                  00005e3c    0000000a     i2ctmp006_pem4f.oem4f (.text:xdc_runtime_IHeap_free)
                  00005e46    00000008     i2ctmp006.obj (.text:I2CMasterIntClear)
                  00005e4e    00000008     i2ctmp006.obj (.text:I2CMasterSlaveAddrSet)
                  00005e56    00000008     drivers_tivaware.aem4f : I2CTiva.oem4f (.text:I2CTiva_blockingCallback)
                  00005e5e    00000008     i2ctmp006.obj (.text:UARTIntEnable)
                  00005e66    00000008     i2ctmp006.obj (.text:UARTRxErrorGet)
                  00005e6e    00000008     drivers_tivaware.aem4f : UARTTiva.oem4f (.text:readSemCallback)
                  00005e76    00000008     sysbios.aem4f : BIOS.obj (.text:ti_sysbios_family_arm_lm4_Timer_masterDisable__I)
                  00005e7e    00000002     --HOLE-- [fill = 0]
                  00005e80    00000008                   : BIOS.obj (.text:ti_sysbios_family_arm_m3_Hwi_doSwiRestore__I)
                  00005e88    00000008                   : BIOS.obj (.text:ti_sysbios_family_arm_m3_Hwi_startup__E)
                  00005e90    00000008     drivers_tivaware.aem4f : UARTTiva.oem4f (.text:writeSemCallback)
                  00005e98    00000008     i2ctmp006_pem4f.oem4f (.text:xdc_runtime_Text_visitRope__I)
                  00005ea0    00000006     i2ctmp006.obj (.text:I2CMasterIntEnable)
                  00005ea6    00000006     drivers_tivaware.aem4f : I2CTiva.oem4f (.text:I2CTiva_control)
                  00005eac    00000006     i2ctmp006.obj (.text:UARTFIFOLevelSet)
                  00005eb2    00000006     i2ctmp006.obj (.text:UARTRxErrorClear)
                  00005eb8    00000006     ti.targets.arm.rtsarm.aem4f : xdc_noinit.oem4f (.text:__xdc__init)
                  00005ebe    00000006     rtsv7M4_T_le_v4SPD16_eabi.lib : copy_decompress_rle.obj (.text:decompress:rle24)
                  00005ec4    00000006     Boot.aem4f : Boot_sysctl.oem4f (.text:ti_catalog_arm_cortexm4_tiva_ce_Boot_sysCtlDelayI__I)
                  00005eca    00000006     ti.targets.arm.rtsarm.aem4f : System.oem4f (.text:xdc_runtime_System_Module_startup__E)
                  00005ed0    00000006     sysbios.aem4f : BIOS.obj (.text:ti_sysbios_family_arm_m3_Hwi_doTaskRestore__I)
                  00005ed6    00000002     --HOLE-- [fill = 0]
                  00005ed8    00000006                   : BIOS.obj (.text:ti_sysbios_family_arm_m3_Hwi_restoreFxn__E)
                  00005ede    00000002     --HOLE-- [fill = 0]
                  00005ee0    00000006                   : BIOS.obj (.text:ti_sysbios_gates_GateHwi_leave__E)
                  00005ee6    00000002     --HOLE-- [fill = 0]
                  00005ee8    00000006                   : BIOS.obj (.text:ti_sysbios_heaps_HeapMem_isBlocking__E)
                  00005eee    00000002     --HOLE-- [fill = 0]
                  00005ef0    00000006                   : BIOS.obj (.text:ti_sysbios_knl_Clock_stop__E)
                  00005ef6    00000002     --HOLE-- [fill = 0]
                  00005ef8    00000006                   : BIOS.obj (.text:ti_sysbios_knl_Queue_Instance_init__E)
                  00005efe    00000002     --HOLE-- [fill = 0]
                  00005f00    00000006                   : BIOS.obj (.text:ti_sysbios_knl_Swi_startup__E)
                  00005f06    00000002     --HOLE-- [fill = 0]
                  00005f08    00000004                   : BIOS.obj (.text:ti_sysbios_gates_GateHwi_query__E)
                  00005f0c    00000004     --HOLE-- [fill = 0]
                  00005f10    00000004                   : BIOS.obj (.text:ti_sysbios_gates_GateMutex_query__E)
                  00005f14    00000004     --HOLE-- [fill = 0]
                  00005f18    00000004                   : BIOS.obj (.text:ti_sysbios_knl_Task_startup__E)
                  00005f1c    00000004     --HOLE-- [fill = 0]
                  00005f20    00000002                   : BIOS.obj (.text:ti_sysbios_gates_GateHwi_Instance_init__E)
                  00005f22    00000006     --HOLE-- [fill = 0]
                  00005f28    00000002                   : BIOS.obj (.text:ti_sysbios_knl_Clock_logTick__E)

.bss       0    00005f30    00004364     UNINITIALIZED
                  00005f30    00001404     i2ctmp006.obj (.bss:cBuf2)
                  00007334    00001404     i2ctmp006.obj (.bss:cBuf)
                  00008738    00000c00     i2ctmp006_pem4f.oem4f (.bss:taskStackSection)
                  00009338    00000800     i2ctmp006_pem4f.oem4f (.bss:ti_sysbios_heaps_HeapMem_Instance_State_0_buf__A)
                  00009b38    00000360     i2ctmp006_pem4f.oem4f (.bss:ti_sysbios_family_arm_m3_Hwi_dispatchTable)
                  00009e98    00000120     rtsv7M4_T_le_v4SPD16_eabi.lib : trgmsg.obj (.bss:__CIOBUF_)
                  00009fb8    00000100     EK_TM4C123GXL.obj (.bss:i2cTivaObjects)
                  0000a0b8    000000cc     EK_TM4C123GXL.obj (.bss:uartTivaObjects)
                  0000a184    00000090     drivers_tivaware.aem4f : GPIOTiva.oem4f (.bss:gpioCallbackInfo)
                  0000a214    00000080     i2ctmp006_pem4f.oem4f (.bss:xdc_runtime_SysMin_Module_State_0_outbuf__A)

.const     0    0000a294    000006bf     
                  0000a294    00000090     i2ctmp006.obj (.const:g_pui32GPIOBaseAddrs)
                  0000a324    00000054     drivers_tivaware.aem4f : GPIOTiva.oem4f (.const:.string)
                  0000a378    0000004c                            : UARTTiva.oem4f (.const)
                  0000a3c4    00000048     i2ctmp006_pem4f.oem4f (.const:.string)
                  0000a40c    00000048     drivers_tivaware.aem4f : GPIOTiva.oem4f (.const:gpioBaseAddresses)
                  0000a454    00000030     i2ctmp006_pem4f.oem4f (.const:ti_sysbios_family_arm_m3_Hwi_Object__PARAMS__C)
                  0000a484    00000028     drivers_tivaware.aem4f : UARTTiva.oem4f (.const:UARTTiva_fxnTable)
                  0000a4ac    00000028     i2ctmp006_pem4f.oem4f (.const:ti_sysbios_heaps_HeapMem_Module__FXNS__C)
                  0000a4d4    00000024     EK_TM4C123GXL.obj (.const:I2C_config)
                  0000a4f8    00000024     drivers_tivaware.aem4f : UART.oem4f (.const:UART_defaultParams)
                  0000a51c    00000024     i2ctmp006_pem4f.oem4f (.const:ti_sysbios_gates_GateHwi_Module__FXNS__C)
                  0000a540    00000024     i2ctmp006_pem4f.oem4f (.const:ti_sysbios_gates_GateMutex_Module__FXNS__C)
                  0000a564    00000024     i2ctmp006_pem4f.oem4f (.const:ti_sysbios_heaps_HeapMem_Object__PARAMS__C)
                  0000a588    00000024     i2ctmp006_pem4f.oem4f (.const:ti_sysbios_knl_Clock_Object__PARAMS__C)
                  0000a5ac    00000024     i2ctmp006_pem4f.oem4f (.const:ti_sysbios_knl_Semaphore_Object__PARAMS__C)
                  0000a5d0    00000020     i2ctmp006_pem4f.oem4f (.const:ti_sysbios_family_arm_m3_Hwi_Object__DESC__C)
                  0000a5f0    00000020     i2ctmp006_pem4f.oem4f (.const:ti_sysbios_gates_GateHwi_Object__DESC__C)
                  0000a610    00000020     i2ctmp006_pem4f.oem4f (.const:ti_sysbios_gates_GateMutex_Object__DESC__C)
                  0000a630    00000020     i2ctmp006_pem4f.oem4f (.const:ti_sysbios_heaps_HeapMem_Object__DESC__C)
                  0000a650    00000020     i2ctmp006_pem4f.oem4f (.const:ti_sysbios_knl_Clock_Object__DESC__C)
                  0000a670    00000020     i2ctmp006_pem4f.oem4f (.const:ti_sysbios_knl_Queue_Object__DESC__C)
                  0000a690    00000020     i2ctmp006_pem4f.oem4f (.const:ti_sysbios_knl_Semaphore_Object__DESC__C)
                  0000a6b0    00000020     i2ctmp006_pem4f.oem4f (.const:xdc_runtime_Startup_sfxnTab__A)
                  0000a6d0    0000001c     drivers_tivaware.aem4f : I2CTiva.oem4f (.const)
                  0000a6ec    00000018     EK_TM4C123GXL.obj (.const:UART_config)
                  0000a704    00000018     EK_TM4C123GXL.obj (.const:i2cTivaHWAttrs)
                  0000a71c    00000018     i2ctmp006_pem4f.oem4f (.const:ti_sysbios_gates_GateHwi_Object__PARAMS__C)
                  0000a734    00000018     i2ctmp006_pem4f.oem4f (.const:ti_sysbios_gates_GateMutex_Object__PARAMS__C)
                  0000a74c    00000018     i2ctmp006_pem4f.oem4f (.const:ti_sysbios_knl_Queue_Object__PARAMS__C)
                  0000a764    00000018     EK_TM4C123GXL.obj (.const:uartTivaHWAttrs)
                  0000a77c    00000014     EK_TM4C123GXL.obj (.const:GPIOTiva_config)
                  0000a790    00000014     i2ctmp006_pem4f.oem4f (.const:xdc_runtime_Startup_firstFxns__A)
                  0000a7a4    00000012     i2ctmp006.obj (.const:.string)
                  0000a7b6    00000011     ti.targets.arm.rtsarm.aem4f : System.oem4f (.const:.string)
                  0000a7c7    00000001     i2ctmp006_pem4f.oem4f (.const:xdc_runtime_Error_policy__C)
                  0000a7c8    00000010     drivers_tivaware.aem4f : I2C.oem4f (.const)
                  0000a7d8    00000010     i2ctmp006_pem4f.oem4f (.const:xdc_runtime_Startup_sfxnRts__A)
                  0000a7e8    00000008     i2ctmp006_pem4f.oem4f (.const:ti_sysbios_family_arm_m3_Hwi_excHookFuncs__A)
                  0000a7f0    00000008     i2ctmp006_pem4f.oem4f (.const:ti_sysbios_knl_Idle_funcList__C)
                  0000a7f8    00000008     i2ctmp006_pem4f.oem4f (.const:xdc_runtime_Startup_firstFxns__C)
                  0000a800    00000008     i2ctmp006_pem4f.oem4f (.const:xdc_runtime_Startup_lastFxns__C)
                  0000a808    00000004     i2ctmp006_pem4f.oem4f (.const:ti_catalog_arm_cortexm4_tiva_ce_Boot_A_mustUseEnhancedClockMode__C)
                  0000a80c    00000004     i2ctmp006_pem4f.oem4f (.const:ti_catalog_arm_cortexm4_tiva_ce_Boot_Module__diagsEnabled__C)
                  0000a810    00000004     i2ctmp006_pem4f.oem4f (.const:ti_catalog_arm_cortexm4_tiva_ce_Boot_Module__diagsIncluded__C)
                  0000a814    00000004     i2ctmp006_pem4f.oem4f (.const:ti_catalog_arm_cortexm4_tiva_ce_Boot_Module__diagsMask__C)
                  0000a818    00000004     i2ctmp006_pem4f.oem4f (.const:ti_sysbios_family_arm_lm4_Timer_enableFunc__C)
                  0000a81c    00000004     i2ctmp006_pem4f.oem4f (.const:ti_sysbios_family_arm_lm4_Timer_numTimerDevices__C)
                  0000a820    00000004     i2ctmp006_pem4f.oem4f (.const:ti_sysbios_family_arm_lm4_Timer_startupNeeded__C)
                  0000a824    00000004     i2ctmp006_pem4f.oem4f (.const:ti_sysbios_family_arm_m3_Hwi_E_NMI__C)
                  0000a828    00000004     i2ctmp006_pem4f.oem4f (.const:ti_sysbios_family_arm_m3_Hwi_E_alreadyDefined__C)
                  0000a82c    00000004     i2ctmp006_pem4f.oem4f (.const:ti_sysbios_family_arm_m3_Hwi_E_busFault__C)
                  0000a830    00000004     i2ctmp006_pem4f.oem4f (.const:ti_sysbios_family_arm_m3_Hwi_E_debugMon__C)
                  0000a834    00000004     i2ctmp006_pem4f.oem4f (.const:ti_sysbios_family_arm_m3_Hwi_E_hardFault__C)
                  0000a838    00000004     i2ctmp006_pem4f.oem4f (.const:ti_sysbios_family_arm_m3_Hwi_E_memFault__C)
                  0000a83c    00000004     i2ctmp006_pem4f.oem4f (.const:ti_sysbios_family_arm_m3_Hwi_E_noIsr__C)
                  0000a840    00000004     i2ctmp006_pem4f.oem4f (.const:ti_sysbios_family_arm_m3_Hwi_E_reserved__C)
                  0000a844    00000004     i2ctmp006_pem4f.oem4f (.const:ti_sysbios_family_arm_m3_Hwi_E_svCall__C)
                  0000a848    00000004     i2ctmp006_pem4f.oem4f (.const:ti_sysbios_family_arm_m3_Hwi_E_usageFault__C)
                  0000a84c    00000004     i2ctmp006_pem4f.oem4f (.const:ti_sysbios_family_arm_m3_Hwi_NUM_INTERRUPTS__C)
                  0000a850    00000004     i2ctmp006_pem4f.oem4f (.const:ti_sysbios_family_arm_m3_Hwi_Object__count__C)
                  0000a854    00000004     i2ctmp006_pem4f.oem4f (.const:ti_sysbios_family_arm_m3_Hwi_ccr__C)
                  0000a858    00000004     i2ctmp006_pem4f.oem4f (.const:ti_sysbios_family_arm_m3_Hwi_excHandlerFunc__C)
                  0000a85c    00000004     i2ctmp006_pem4f.oem4f (.const:ti_sysbios_family_arm_m3_Hwi_excHookFuncs__C)
                  0000a860    00000004     i2ctmp006_pem4f.oem4f (.const:ti_sysbios_family_arm_m3_Hwi_nullIsrFunc__C)
                  0000a864    00000004     i2ctmp006_pem4f.oem4f (.const:ti_sysbios_family_arm_m3_Hwi_priGroup__C)
                  0000a868    00000004     i2ctmp006_pem4f.oem4f (.const:ti_sysbios_gates_GateMutex_Instance_State_sem__O)
                  0000a86c    00000004     i2ctmp006_pem4f.oem4f (.const:ti_sysbios_hal_Hwi_E_stackOverflow__C)
                  0000a870    00000004     i2ctmp006_pem4f.oem4f (.const:ti_sysbios_heaps_HeapMem_E_memory__C)
                  0000a874    00000004     i2ctmp006_pem4f.oem4f (.const:ti_sysbios_heaps_HeapMem_Module__gateObj__C)
                  0000a878    00000004     i2ctmp006_pem4f.oem4f (.const:ti_sysbios_heaps_HeapMem_Object__count__C)
                  0000a87c    00000004     i2ctmp006_pem4f.oem4f (.const:ti_sysbios_heaps_HeapMem_reqAlign__C)
                  0000a880    00000004     i2ctmp006_pem4f.oem4f (.const:ti_sysbios_knl_Clock_Module_State_clockQ__O)
                  0000a884    00000004     i2ctmp006_pem4f.oem4f (.const:ti_sysbios_knl_Idle_funcList__A)
                  0000a888    00000004     i2ctmp006_pem4f.oem4f (.const:ti_sysbios_knl_Semaphore_Instance_State_pendQ__O)
                  0000a88c    00000004     i2ctmp006_pem4f.oem4f (.const:ti_sysbios_knl_Swi_Object__count__C)
                  0000a890    00000004     i2ctmp006_pem4f.oem4f (.const:ti_sysbios_knl_Task_E_spOutOfBounds__C)
                  0000a894    00000004     i2ctmp006_pem4f.oem4f (.const:ti_sysbios_knl_Task_E_stackOverflow__C)
                  0000a898    00000004     i2ctmp006_pem4f.oem4f (.const:ti_sysbios_knl_Task_Module_State_inactiveQ__O)
                  0000a89c    00000004     i2ctmp006_pem4f.oem4f (.const:ti_sysbios_knl_Task_Object__count__C)
                  0000a8a0    00000004     i2ctmp006_pem4f.oem4f (.const:ti_sysbios_knl_Task_allBlockedFunc__C)
                  0000a8a4    00000004     i2ctmp006_pem4f.oem4f (.const:ti_sysbios_knl_Task_numConstructedTasks__C)
                  0000a8a8    00000004     i2ctmp006_pem4f.oem4f (.const:xdc_runtime_Assert_E_assertFailed__C)
                  0000a8ac    00000004     i2ctmp006_pem4f.oem4f (.const:xdc_runtime_Core_A_initializedParams__C)
                  0000a8b0    00000004     i2ctmp006_pem4f.oem4f (.const:xdc_runtime_Core_Module__diagsEnabled__C)
                  0000a8b4    00000004     i2ctmp006_pem4f.oem4f (.const:xdc_runtime_Core_Module__diagsIncluded__C)
                  0000a8b8    00000004     i2ctmp006_pem4f.oem4f (.const:xdc_runtime_Core_Module__diagsMask__C)
                  0000a8bc    00000004     i2ctmp006_pem4f.oem4f (.const:xdc_runtime_Error_E_memory__C)
                  0000a8c0    00000004     i2ctmp006_pem4f.oem4f (.const:xdc_runtime_Error_Module__diagsEnabled__C)
                  0000a8c4    00000004     i2ctmp006_pem4f.oem4f (.const:xdc_runtime_Error_Module__diagsIncluded__C)
                  0000a8c8    00000004     i2ctmp006_pem4f.oem4f (.const:xdc_runtime_Error_Module__diagsMask__C)
                  0000a8cc    00000004     i2ctmp006_pem4f.oem4f (.const:xdc_runtime_Error_Module__loggerFxn8__C)
                  0000a8d0    00000004     i2ctmp006_pem4f.oem4f (.const:xdc_runtime_Error_Module__loggerObj__C)
                  0000a8d4    00000004     i2ctmp006_pem4f.oem4f (.const:xdc_runtime_Error_policyFxn__C)
                  0000a8d8    00000004     i2ctmp006_pem4f.oem4f (.const:xdc_runtime_Error_raiseHook__C)
                  0000a8dc    00000004     i2ctmp006_pem4f.oem4f (.const:xdc_runtime_IGateProvider_Interface__BASE__C)
                  0000a8e0    00000004     i2ctmp006_pem4f.oem4f (.const:xdc_runtime_IHeap_Interface__BASE__C)
                  0000a8e4    00000004     i2ctmp006_pem4f.oem4f (.const:xdc_runtime_IModule_Interface__BASE__C)
                  0000a8e8    00000004     i2ctmp006_pem4f.oem4f (.const:xdc_runtime_Log_L_error__C)
                  0000a8ec    00000004     i2ctmp006_pem4f.oem4f (.const:xdc_runtime_Memory_defaultHeapInstance__C)
                  0000a8f0    00000004     i2ctmp006_pem4f.oem4f (.const:xdc_runtime_Startup_execImpl__C)
                  0000a8f4    00000004     i2ctmp006_pem4f.oem4f (.const:xdc_runtime_Startup_maxPasses__C)
                  0000a8f8    00000004     i2ctmp006_pem4f.oem4f (.const:xdc_runtime_Startup_sfxnRts__C)
                  0000a8fc    00000004     i2ctmp006_pem4f.oem4f (.const:xdc_runtime_Startup_sfxnTab__C)
                  0000a900    00000004     i2ctmp006_pem4f.oem4f (.const:xdc_runtime_SysMin_bufSize__C)
                  0000a904    00000004     i2ctmp006_pem4f.oem4f (.const:xdc_runtime_SysMin_outputFunc__C)
                  0000a908    00000004     i2ctmp006_pem4f.oem4f (.const:xdc_runtime_System_Module__gateObj__C)
                  0000a90c    00000004     i2ctmp006_pem4f.oem4f (.const:xdc_runtime_System_abortFxn__C)
                  0000a910    00000004     i2ctmp006_pem4f.oem4f (.const:xdc_runtime_System_exitFxn__C)
                  0000a914    00000004     i2ctmp006_pem4f.oem4f (.const:xdc_runtime_System_extendFxn__C)
                  0000a918    00000004     i2ctmp006_pem4f.oem4f (.const:xdc_runtime_System_maxAtexitHandlers__C)
                  0000a91c    00000004     i2ctmp006_pem4f.oem4f (.const:xdc_runtime_Text_charTab__C)
                  0000a920    00000004     i2ctmp006_pem4f.oem4f (.const:xdc_runtime_Text_nameEmpty__C)
                  0000a924    00000004     i2ctmp006_pem4f.oem4f (.const:xdc_runtime_Text_nameStatic__C)
                  0000a928    00000004     i2ctmp006_pem4f.oem4f (.const:xdc_runtime_Text_nameUnknown__C)
                  0000a92c    00000004     i2ctmp006_pem4f.oem4f (.const:xdc_runtime_Text_nodeTab__A)
                  0000a930    00000004     i2ctmp006_pem4f.oem4f (.const:xdc_runtime_Text_visitRopeFxn__C)
                  0000a934    00000002     i2ctmp006_pem4f.oem4f (.const:ti_catalog_arm_cortexm4_tiva_ce_Boot_Module__id__C)
                  0000a936    00000002     i2ctmp006_pem4f.oem4f (.const:ti_sysbios_family_arm_m3_Hwi_Module__id__C)
                  0000a938    00000002     i2ctmp006_pem4f.oem4f (.const:ti_sysbios_hal_Hwi_Module__id__C)
                  0000a93a    00000002     i2ctmp006_pem4f.oem4f (.const:ti_sysbios_heaps_HeapMem_Module__id__C)
                  0000a93c    00000002     i2ctmp006_pem4f.oem4f (.const:ti_sysbios_knl_Task_Module__id__C)
                  0000a93e    00000002     i2ctmp006_pem4f.oem4f (.const:ti_sysbios_knl_Task_initStackFlag__C)
                  0000a940    00000002     i2ctmp006_pem4f.oem4f (.const:xdc_runtime_Core_Module__id__C)
                  0000a942    00000002     i2ctmp006_pem4f.oem4f (.const:xdc_runtime_Error_Module__loggerDefined__C)
                  0000a944    00000002     i2ctmp006_pem4f.oem4f (.const:xdc_runtime_Error_maxDepth__C)
                  0000a946    00000002     i2ctmp006_pem4f.oem4f (.const:xdc_runtime_Memory_Module__id__C)
                  0000a948    00000002     i2ctmp006_pem4f.oem4f (.const:xdc_runtime_SysMin_flushAtExit__C)
                  0000a94a    00000002     i2ctmp006_pem4f.oem4f (.const:xdc_runtime_Text_charCnt__C)
                  0000a94c    00000002     i2ctmp006_pem4f.oem4f (.const:xdc_runtime_Text_isLoaded__C)
                  0000a94e    00000002     i2ctmp006_pem4f.oem4f (.const:xdc_runtime_Text_registryModsLastId__C)
                  0000a950    00000002     i2ctmp006_pem4f.oem4f (.const:xdc_runtime_Text_unnamedModsLastId__C)
                  0000a952    00000001     i2ctmp006_pem4f.oem4f (.const:xdc_runtime_Text_charTab__A)

.data      0    0000a958    000004b0     UNINITIALIZED
                  0000a958    0000013c     i2ctmp006_pem4f.oem4f (.data)
                  0000aa94    00000098     i2ctmp006_pem4f.oem4f (.data:ti_sysbios_knl_Task_Object__table__V)
                  0000ab2c    00000080     i2ctmp006_pem4f.oem4f (.data:ti_sysbios_knl_Swi_Module_State_0_readyQ__A)
                  0000abac    00000004     MPU9150.obj (.data)
                  0000abb0    00000070     MPU9150.obj (.data:object)
                  0000ac20    00000044     i2ctmp006_pem4f.oem4f (.data:ti_sysbios_knl_Task_Module__state__V)
                  0000ac64    00000040     i2ctmp006_pem4f.oem4f (.data:ti_sysbios_family_arm_lm4_Timer_Object__table__V)
                  0000aca4    00000038     i2ctmp006_pem4f.oem4f (.data:ti_sysbios_gates_GateMutex_Object__table__V)
                  0000acdc    00000034     i2ctmp006_pem4f.oem4f (.data:ti_sysbios_family_arm_m3_Hwi_Module__state__V)
                  0000ad10    00000030     i2ctmp006_pem4f.oem4f (.data:ti_sysbios_family_arm_lm4_Timer_Module_State_0_device__A)
                  0000ad40    00000030     i2ctmp006_pem4f.oem4f (.data:ti_sysbios_knl_Swi_Object__table__V)
                  0000ad70    0000002c     i2ctmp006_pem4f.oem4f (.data:ti_sysbios_knl_Clock_Module__state__V)
                  0000ad9c    00000024     EK_TM4C123GXL.obj (.data)
                  0000adc0    00000024     i2ctmp006_pem4f.oem4f (.data:ti_sysbios_BIOS_Module__state__V)
                  0000ade4    00000008     rtsv7M4_T_le_v4SPD16_eabi.lib : _lock.obj (.data)
                  0000adec    00000008                                   : exit.obj (.data)
                  0000adf4    00000005     drivers_tivaware.aem4f : GPIOTiva.oem4f (.data)
                  0000adf9    00000003     --HOLE--
                  0000adfc    00000004                            : I2C.oem4f (.data)
                  0000ae00    00000004                            : UART.oem4f (.data)
                  0000ae04    00000004     rtsv7M4_T_le_v4SPD16_eabi.lib : stkdepth_vars.obj (.data)

.stack     0    0000ae08    00000300     UNINITIALIZED
                  0000ae08    00000300     --HOLE--

.bss:.common 
*          0    0000b108    0000003c     UNINITIALIZED
                  0000b108    00000020     (.common:uartTivaRingBuffer)
                  0000b128    00000008     (.common:parmbuf)
                  0000b130    00000004     (.common:cBufAccess)
                  0000b134    00000004     (.common:gpioInterruptVectors)
                  0000b138    00000004     (.common:handle_i2c0)
                  0000b13c    00000004     (.common:imuSemaphore)
                  0000b140    00000004     (.common:mpu0)

.cinit     0    0000b148    00000208     
                  0000b148    000001bf     (.cinit..data.load) [load image, compression = rle]
                  0000b307    00000001     --HOLE-- [fill = 0]
                  0000b308    0000000c     (__TI_handler_table)
                  0000b314    00000004     --HOLE-- [fill = 0]
                  0000b318    00000008     (.cinit..bss.load) [load image, compression = zero_init]
                  0000b320    00000008     (.cinit..bss:.common.load) [load image, compression = zero_init]
                  0000b328    00000008     (.cinit..vecs.load) [load image, compression = zero_init]
                  0000b330    00000020     (__TI_cinit_table)


LINKER GENERATED COPY TABLES

__TI_cinit_table @ 0000b330 records: 4, size/record: 8, table size: 32
	.data: load addr=0000b148, load size=000001bf bytes, run addr=0000a958, run size=000004b0 bytes, compression=rle
	.bss: load addr=0000b318, load size=00000008 bytes, run addr=00005f30, run size=00004364 bytes, compression=zero_init
	.bss:.common: load addr=0000b320, load size=00000008 bytes, run addr=0000b108, run size=0000003c bytes, compression=zero_init
	.vecs: load addr=0000b328, load size=00000008 bytes, run addr=20000000, run size=00000360 bytes, compression=zero_init


LINKER GENERATED HANDLER TABLE

__TI_handler_table @ 0000b308 records: 3, size/record: 4, table size: 12
	index: 0, handler: __TI_zero_init
	index: 1, handler: __TI_decompress_rle24
	index: 2, handler: __TI_decompress_none


GLOBAL SYMBOLS: SORTED ALPHABETICALLY BY Name 

address   name                                                              
-------   ----                                                              
000046c5  C$$EXIT                                                           
00003773  C$$IO$$                                                           
000051b9  EK_TM4C123GXL_initGPIO                                            
00004ba9  EK_TM4C123GXL_initGeneral                                         
000031e1  EK_TM4C123GXL_initI2C                                             
000051e5  EK_TM4C123GXL_initUART                                            
000052f1  GPIODirModeSet                                                    
000022fb  GPIOIntClear                                                      
00005d05  GPIOIntEnable                                                     
00005ca1  GPIOIntStatus                                                     
00003f29  GPIOIntTypeSet                                                    
00001709  GPIOPadConfigSet                                                  
00004485  GPIOPinConfigure                                                  
00003a6b  GPIOPinRead                                                       
00005b1d  GPIOPinTypeGPIOInput                                              
00005b2f  GPIOPinTypeI2C                                                    
00005b41  GPIOPinTypeI2CSCL                                                 
00005b53  GPIOPinTypeUART                                                   
00003fd3  GPIOPinWrite                                                      
0000a77c  GPIOTiva_config                                                   
00005555  GPIO_clearInt                                                     
00004f45  GPIO_enableInt                                                    
00003815  GPIO_hwiIntFxn                                                    
00002b31  GPIO_init                                                         
00004081  GPIO_setCallback                                                  
00001475  GPIO_setConfig                                                    
000040d1  GPIO_toggle                                                       
00004121  GPIO_write                                                        
00000a49  HOSTclock                                                         
00000a11  HOSTclose                                                         
000009d3  HOSTgetenv                                                        
00000977  HOSTlseek                                                         
00000925  HOSTopen                                                          
000008d9  HOSTread                                                          
0000087b  HOSTrename                                                        
00000841  HOSTtime                                                          
00000809  HOSTunlink                                                        
000007bd  HOSTwrite                                                         
00000ca5  I2CMasterControl                                                  
0000101d  I2CMasterDataGet                                                  
00001195  I2CMasterDataPut                                                  
00005dd9  I2CMasterDisable                                                  
00005de3  I2CMasterEnable                                                   
00005a51  I2CMasterErr                                                      
000042b1  I2CMasterInitExpClk                                               
00005e47  I2CMasterIntClear                                                 
00004f0b  I2CMasterIntDisable                                               
00005ea1  I2CMasterIntEnable                                                
00005e4f  I2CMasterSlaveAddrSet                                             
00004d31  I2CTiva_close                                                     
00005ea7  I2CTiva_control                                                   
0000a6d0  I2CTiva_fxnTable                                                  
00005ded  I2CTiva_init                                                      
00002065  I2CTiva_open                                                      
00003161  I2CTiva_transfer                                                  
00005b9d  I2C_Params_init                                                   
0000a4d4  I2C_config                                                        
0000a7c8  I2C_defaultParams                                                 
00004be1  I2C_init                                                          
00005889  I2C_open                                                          
00005df7  I2C_transfer                                                      
00003ad1  MPU9150_Int                                                       
00003e21  MPU9150_getAccelRaw                                               
0000183d  MPU9150_init                                                      
000030e1  MPU9150_read                                                      
00005b65  RingBuf_construct                                                 
0000496f  RingBuf_get                                                       
00005d11  RingBuf_peek                                                      
000045f1  RingBuf_put                                                       
UNDEFED   SHT$$INIT_ARRAY$$Base                                             
UNDEFED   SHT$$INIT_ARRAY$$Limit                                            
00004d9d  SysCtlPeripheralEnable                                            
0000aae0  TSK_idle                                                          
00005e01  UARTCharGet                                                       
00005caf  UARTCharGetNonBlocking                                            
00005e0b  UARTCharPut                                                       
00005cbd  UARTCharPutNonBlocking                                            
00004637  UARTConfigSetExpClk                                               
00005575  UARTDisable                                                       
00005a7d  UARTEnable                                                        
00005ead  UARTFIFOLevelSet                                                  
00005d1d  UARTFlowControlSet                                                
0000130d  UARTIntClear                                                      
00005e15  UARTIntDisable                                                    
00005e5f  UARTIntEnable                                                     
00005e1f  UARTIntStatus                                                     
00005eb3  UARTRxErrorClear                                                  
00005e67  UARTRxErrorGet                                                    
000042fd  UARTTiva_close                                                    
00002ebd  UARTTiva_control                                                  
0000a484  UARTTiva_fxnTable                                                 
00005d29  UARTTiva_init                                                     
00000a91  UARTTiva_open                                                     
000049af  UARTTiva_read                                                     
00004d67  UARTTiva_readCancel                                               
00002bc9  UARTTiva_readPolling                                              
00002cf9  UARTTiva_write                                                    
00004171  UARTTiva_writeCancel                                              
000048eb  UARTTiva_writePolling                                             
000058a1  UART_Params_init                                                  
0000a6ec  UART_config                                                       
0000a4f8  UART_defaultParams                                                
00004c19  UART_init                                                         
000058b9  UART_open                                                         
00005e29  UART_write                                                        
00000000  __ASM__                                                           
00009e98  __CIOBUF_                                                         
00000075  __ISA__                                                           
00000088  __PLAT__                                                          
0000b108  __STACK_END                                                       
00000300  __STACK_SIZE                                                      
000000a9  __TARG__                                                          
0000b330  __TI_CINIT_Base                                                   
0000b350  __TI_CINIT_Limit                                                  
0000b308  __TI_Handler_Table_Base                                           
0000b314  __TI_Handler_Table_Limit                                          
0000277d  __TI_auto_init                                                    
0000adec  __TI_cleanup_ptr                                                  
00005ccb  __TI_decompress_none                                              
00005ebf  __TI_decompress_rle24                                             
0000adf0  __TI_dtors_ptr                                                    
00003777  __TI_readmsg                                                      
00000000  __TI_static_base__                                                
00003745  __TI_writemsg                                                     
00005d35  __TI_zero_init                                                    
000000cf  __TRDR__                                                          
00003357  __aeabi_memclr                                                    
00003357  __aeabi_memclr4                                                   
00003357  __aeabi_memclr8                                                   
0000295d  __aeabi_memcpy                                                    
0000295d  __aeabi_memcpy4                                                   
0000295d  __aeabi_memcpy8                                                   
00003359  __aeabi_memset                                                    
00003359  __aeabi_memset4                                                   
00003359  __aeabi_memset8                                                   
0000492d  __aeabi_uidiv                                                     
0000492d  __aeabi_uidivmod                                                  
ffffffff  __binit__                                                         
ffffffff  __c_args__                                                        
0000ae08  __stack                                                           
00005eb9  __xdc__init                                                       
0000aa90  __xdc__init__addr                                                 
000058e9  _args_main                                                        
00003dc9  _c_int00                                                          
0000ade4  _lock                                                             
00005a9f  _nop                                                              
00005a97  _register_lock                                                    
00005a91  _register_unlock                                                  
0000ade8  _unlock                                                           
000046c9  abort                                                             
ffffffff  binit                                                             
00007334  cBuf                                                              
00005f30  cBuf2                                                             
0000b130  cBufAccess                                                        
00005bad  circ_init                                                         
00004ed9  circ_size                                                         
00004349  copy_in                                                           
000046d1  exit                                                              
0000adb4  gpioCallbackFunctions                                             
000058d1  gpioMPU9150DataReady                                              
0000ada0  gpioPinConfigs                                                    
0000b138  handle_i2c0                                                       
0000a704  i2cTivaHWAttrs                                                    
00009fb8  i2cTivaObjects                                                    
0000b13c  imuSemaphore                                                      
0000214d  main                                                              
0000ae04  main_func_sp                                                      
0000295d  memcpy                                                            
0000335f  memset                                                            
0000b140  mpu0                                                              
00005aa5  strcpy                                                            
00005ab9  strlen                                                            
00000ea5  taskFxn                                                           
0000a808  ti_catalog_arm_cortexm4_tiva_ce_Boot_A_mustUseEnhancedClockMode__C
0000a80c  ti_catalog_arm_cortexm4_tiva_ce_Boot_Module__diagsEnabled__C      
0000a810  ti_catalog_arm_cortexm4_tiva_ce_Boot_Module__diagsIncluded__C     
0000a814  ti_catalog_arm_cortexm4_tiva_ce_Boot_Module__diagsMask__C         
0000a934  ti_catalog_arm_cortexm4_tiva_ce_Boot_Module__id__C                
00005cf9  ti_catalog_arm_cortexm4_tiva_ce_Boot_init__I                      
00001b81  ti_catalog_arm_cortexm4_tiva_ce_Boot_sysCtlClockSetI__I           
00002c61  ti_catalog_arm_cortexm4_tiva_ce_Boot_sysCtlClockSet__E            
00005ec5  ti_catalog_arm_cortexm4_tiva_ce_Boot_sysCtlDelayI__I              
0000adc0  ti_sysbios_BIOS_Module__state__V                                  
00005991  ti_sysbios_BIOS_RtsGateProxy_Handle__label__S                     
00005429  ti_sysbios_BIOS_RtsGateProxy_Object__delete__S                    
000015bd  ti_sysbios_BIOS_RtsGateProxy_enter__E                             
00001a75  ti_sysbios_BIOS_RtsGateProxy_leave__E                             
00005f11  ti_sysbios_BIOS_RtsGateProxy_query__E                             
00004f75  ti_sysbios_BIOS_atExitFunc__I                                     
000056d9  ti_sysbios_BIOS_errorRaiseHook__I                                 
00005a67  ti_sysbios_BIOS_exitFunc__I                                       
00005bd1  ti_sysbios_BIOS_getCpuFreq__E                                     
0000183b  ti_sysbios_BIOS_nullFunc__I                                       
000053bd  ti_sysbios_BIOS_registerRTSLock__I                                
000053e1  ti_sysbios_BIOS_removeRTSLock__I                                  
00005595  ti_sysbios_BIOS_rtsLock__I                                        
00005901  ti_sysbios_BIOS_rtsUnlock__I                                      
00005be1  ti_sysbios_BIOS_setThreadType__E                                  
00005405  ti_sysbios_BIOS_startFunc__I                                      
00005bf1  ti_sysbios_BIOS_start__E                                          
0000ad10  ti_sysbios_family_arm_lm4_Timer_Module_State_0_device__A          
0000a960  ti_sysbios_family_arm_lm4_Timer_Module_State_0_handles__A         
0000a958  ti_sysbios_family_arm_lm4_Timer_Module__root__V                   
00005919  ti_sysbios_family_arm_lm4_Timer_Module__startupDone__F            
00005919  ti_sysbios_family_arm_lm4_Timer_Module__startupDone__S            
0000a978  ti_sysbios_family_arm_lm4_Timer_Module__state__V                  
00003879  ti_sysbios_family_arm_lm4_Timer_Module_startup__E                 
0000ac64  ti_sysbios_family_arm_lm4_Timer_Object__table__V                  
0000a818  ti_sysbios_family_arm_lm4_Timer_enableFunc__C                     
000044d1  ti_sysbios_family_arm_lm4_Timer_enableTimers__I                   
000026d1  ti_sysbios_family_arm_lm4_Timer_enableTiva__I                     
00005d41  ti_sysbios_family_arm_lm4_Timer_getMaxTicks__E                    
00003fd9  ti_sysbios_family_arm_lm4_Timer_initDevice__I                     
00004709  ti_sysbios_family_arm_lm4_Timer_isrStub__E                        
00005e77  ti_sysbios_family_arm_lm4_Timer_masterDisable__I                  
00002555  ti_sysbios_family_arm_lm4_Timer_masterEnable__I                   
[...]
00005d59  ti_sysbios_hal_Hwi_HwiProxy_disable__E                            
00005d69  ti_sysbios_family_arm_m3_TaskSupport_checkStack__E                
00005d69  ti_sysbios_knl_Task_SupportProxy_checkStack__E                    
00005d79  ti_sysbios_gates_GateHwi_enter__E                                 
00005d85  ti_sysbios_knl_Clock_Params__init__S                              
00005d91  ti_sysbios_knl_Queue_Object__get__S                               
00005d9d  ti_sysbios_knl_Semaphore_Params__init__S                          
00005da9  xdc_runtime_Error_init__E                                         
00005db5  xdc_runtime_Gate_enterSystem__E                                   
00005dc1  xdc_runtime_Memory_calloc__E                                      
00005dcd  xdc_runtime_Memory_getMaxDefaultTypeAlign__E                      
00005dd9  I2CMasterDisable                                                  
00005de3  I2CMasterEnable                                                   
00005ded  I2CTiva_init                                                      
00005df7  I2C_transfer                                                      
00005e01  UARTCharGet                                                       
00005e0b  UARTCharPut                                                       
00005e15  UARTIntDisable                                                    
00005e1f  UARTIntStatus                                                     
00005e29  UART_write                                                        
00005e33  xdc_runtime_Memory_HeapProxy_alloc__E                             
00005e3d  xdc_runtime_Memory_HeapProxy_free__E                              
00005e47  I2CMasterIntClear                                                 
00005e4f  I2CMasterSlaveAddrSet                                             
00005e5f  UARTIntEnable                                                     
00005e67  UARTRxErrorGet                                                    
00005e77  ti_sysbios_family_arm_lm4_Timer_masterDisable__I                  
00005e81  ti_sysbios_family_arm_m3_Hwi_doSwiRestore__I                      
00005e89  ti_sysbios_family_arm_m3_Hwi_startup__E                           
00005e89  ti_sysbios_hal_Hwi_HwiProxy_startup__E                            
00005e99  xdc_runtime_Text_visitRope__I                                     
00005ea1  I2CMasterIntEnable                                                
00005ea7  I2CTiva_control                                                   
00005ead  UARTFIFOLevelSet                                                  
00005eb3  UARTRxErrorClear                                                  
00005eb9  __xdc__init                                                       
00005ebf  __TI_decompress_rle24                                             
00005ec5  ti_catalog_arm_cortexm4_tiva_ce_Boot_sysCtlDelayI__I              
00005ecb  xdc_runtime_System_Module_startup__E                              
00005ed1  ti_sysbios_family_arm_m3_Hwi_doTaskRestore__I                     
00005ed9  ti_sysbios_family_arm_m3_Hwi_restoreFxn__E                        
00005ed9  ti_sysbios_hal_Hwi_HwiProxy_restore__E                            
00005ee1  ti_sysbios_gates_GateHwi_leave__E                                 
00005ee9  ti_sysbios_heaps_HeapMem_isBlocking__E                            
00005ef1  ti_sysbios_knl_Clock_stop__E                                      
00005ef9  ti_sysbios_knl_Queue_Instance_init__E                             
00005f01  ti_sysbios_knl_Swi_startup__E                                     
00005f09  ti_sysbios_gates_GateHwi_query__E                                 
00005f09  xdc_runtime_Main_Module_GateProxy_query__E                        
00005f09  xdc_runtime_System_Module_GateProxy_query__E                      
00005f11  ti_sysbios_BIOS_RtsGateProxy_query__E                             
00005f11  ti_sysbios_gates_GateMutex_query__E                               
00005f11  ti_sysbios_heaps_HeapMem_Module_GateProxy_query__E                
00005f19  ti_sysbios_knl_Task_startup__E                                    
00005f21  ti_sysbios_gates_GateHwi_Instance_init__E                         
00005f29  ti_sysbios_knl_Clock_logTick__E                                   
00005f30  cBuf2                                                             
00007334  cBuf                                                              
00008738  ti_sysbios_knl_Task_Instance_State_0_stack__A                     
00008b38  ti_sysbios_knl_Task_Instance_State_1_stack__A                     
00009338  ti_sysbios_heaps_HeapMem_Instance_State_0_buf__A                  
00009b38  ti_sysbios_family_arm_m3_Hwi_dispatchTable                        
00009e98  __CIOBUF_                                                         
00009fb8  i2cTivaObjects                                                    
0000a0b8  uartTivaObjects                                                   
0000a214  xdc_runtime_SysMin_Module_State_0_outbuf__A                       
0000a454  ti_sysbios_family_arm_m3_Hwi_Object__PARAMS__C                    
0000a484  UARTTiva_fxnTable                                                 
0000a4ac  ti_sysbios_heaps_HeapMem_Module__FXNS__C                          
0000a4d4  I2C_config                                                        
0000a4f8  UART_defaultParams                                                
0000a51c  ti_sysbios_gates_GateHwi_Module__FXNS__C                          
0000a540  ti_sysbios_gates_GateMutex_Module__FXNS__C                        
0000a564  ti_sysbios_heaps_HeapMem_Object__PARAMS__C                        
0000a588  ti_sysbios_knl_Clock_Object__PARAMS__C                            
0000a5ac  ti_sysbios_knl_Semaphore_Object__PARAMS__C                        
0000a5d0  ti_sysbios_family_arm_m3_Hwi_Object__DESC__C                      
0000a5f0  ti_sysbios_gates_GateHwi_Object__DESC__C                          
0000a610  ti_sysbios_gates_GateMutex_Object__DESC__C                        
0000a630  ti_sysbios_heaps_HeapMem_Object__DESC__C                          
0000a650  ti_sysbios_knl_Clock_Object__DESC__C                              
0000a670  ti_sysbios_knl_Queue_Object__DESC__C                              
0000a690  ti_sysbios_knl_Semaphore_Object__DESC__C                          
0000a6b0  xdc_runtime_Startup_sfxnTab__A                                    
0000a6d0  I2CTiva_fxnTable                                                  
0000a6ec  UART_config                                                       
0000a704  i2cTivaHWAttrs                                                    
0000a71c  ti_sysbios_gates_GateHwi_Object__PARAMS__C                        
0000a734  ti_sysbios_gates_GateMutex_Object__PARAMS__C                      
0000a74c  ti_sysbios_knl_Queue_Object__PARAMS__C                            
0000a764  uartTivaHWAttrs                                                   
0000a77c  GPIOTiva_config                                                   
0000a790  xdc_runtime_Startup_firstFxns__A                                  
0000a7c7  xdc_runtime_Error_policy__C                                       
0000a7c8  I2C_defaultParams                                                 
0000a7d8  xdc_runtime_Startup_sfxnRts__A                                    
0000a7e8  ti_sysbios_family_arm_m3_Hwi_excHookFuncs__A                      
0000a7f0  ti_sysbios_knl_Idle_funcList__C                                   
0000a7f8  xdc_runtime_Startup_firstFxns__C                                  
0000a800  xdc_runtime_Startup_lastFxns__C                                   
0000a808  ti_catalog_arm_cortexm4_tiva_ce_Boot_A_mustUseEnhancedClockMode__C
0000a80c  ti_catalog_arm_cortexm4_tiva_ce_Boot_Module__diagsEnabled__C      
0000a810  ti_catalog_arm_cortexm4_tiva_ce_Boot_Module__diagsIncluded__C     
0000a814  ti_catalog_arm_cortexm4_tiva_ce_Boot_Module__diagsMask__C         
0000a818  ti_sysbios_family_arm_lm4_Timer_enableFunc__C                     
0000a81c  ti_sysbios_family_arm_lm4_Timer_numTimerDevices__C                
0000a820  ti_sysbios_family_arm_lm4_Timer_startupNeeded__C                  
0000a824  ti_sysbios_family_arm_m3_Hwi_E_NMI__C                             
0000a828  ti_sysbios_family_arm_m3_Hwi_E_alreadyDefined__C                  
0000a82c  ti_sysbios_family_arm_m3_Hwi_E_busFault__C                        
0000a830  ti_sysbios_family_arm_m3_Hwi_E_debugMon__C                        
0000a834  ti_sysbios_family_arm_m3_Hwi_E_hardFault__C                       
0000a838  ti_sysbios_family_arm_m3_Hwi_E_memFault__C                        
0000a83c  ti_sysbios_family_arm_m3_Hwi_E_noIsr__C                           
0000a840  ti_sysbios_family_arm_m3_Hwi_E_reserved__C                        
0000a844  ti_sysbios_family_arm_m3_Hwi_E_svCall__C                          
0000a848  ti_sysbios_family_arm_m3_Hwi_E_usageFault__C                      
0000a84c  ti_sysbios_family_arm_m3_Hwi_NUM_INTERRUPTS__C                    
0000a850  ti_sysbios_family_arm_m3_Hwi_Object__count__C                     
0000a854  ti_sysbios_family_arm_m3_Hwi_ccr__C                               
0000a858  ti_sysbios_family_arm_m3_Hwi_excHandlerFunc__C                    
0000a85c  ti_sysbios_family_arm_m3_Hwi_excHookFuncs__C                      
0000a860  ti_sysbios_family_arm_m3_Hwi_nullIsrFunc__C                       
0000a864  ti_sysbios_family_arm_m3_Hwi_priGroup__C                          
0000a868  ti_sysbios_gates_GateMutex_Instance_State_sem__O                  
0000a86c  ti_sysbios_hal_Hwi_E_stackOverflow__C                             
0000a870  ti_sysbios_heaps_HeapMem_E_memory__C                              
0000a874  ti_sysbios_heaps_HeapMem_Module__gateObj__C                       
0000a878  ti_sysbios_heaps_HeapMem_Object__count__C                         
0000a87c  ti_sysbios_heaps_HeapMem_reqAlign__C                              
0000a880  ti_sysbios_knl_Clock_Module_State_clockQ__O                       
0000a884  ti_sysbios_knl_Idle_funcList__A                                   
0000a888  ti_sysbios_knl_Semaphore_Instance_State_pendQ__O                  
0000a88c  ti_sysbios_knl_Swi_Object__count__C                               
0000a890  ti_sysbios_knl_Task_E_spOutOfBounds__C                            
0000a894  ti_sysbios_knl_Task_E_stackOverflow__C                            
0000a898  ti_sysbios_knl_Task_Module_State_inactiveQ__O                     
0000a89c  ti_sysbios_knl_Task_Object__count__C                              
0000a8a0  ti_sysbios_knl_Task_allBlockedFunc__C                             
0000a8a4  ti_sysbios_knl_Task_numConstructedTasks__C                        
0000a8a8  xdc_runtime_Assert_E_assertFailed__C                              
0000a8ac  xdc_runtime_Core_A_initializedParams__C                           
0000a8b0  xdc_runtime_Core_Module__diagsEnabled__C                          
0000a8b4  xdc_runtime_Core_Module__diagsIncluded__C                         
0000a8b8  xdc_runtime_Core_Module__diagsMask__C                             
0000a8bc  xdc_runtime_Error_E_memory__C                                     
0000a8c0  xdc_runtime_Error_Module__diagsEnabled__C                         
0000a8c4  xdc_runtime_Error_Module__diagsIncluded__C                        
0000a8c8  xdc_runtime_Error_Module__diagsMask__C                            
0000a8cc  xdc_runtime_Error_Module__loggerFxn8__C                           
0000a8d0  xdc_runtime_Error_Module__loggerObj__C                            
0000a8d4  xdc_runtime_Error_policyFxn__C                                    
0000a8d8  xdc_runtime_Error_raiseHook__C                                    
0000a8dc  xdc_runtime_IGateProvider_Interface__BASE__C                      
0000a8e0  xdc_runtime_IHeap_Interface__BASE__C                              
0000a8e4  xdc_runtime_IModule_Interface__BASE__C                            
0000a8e8  xdc_runtime_Log_L_error__C                                        
0000a8ec  xdc_runtime_Memory_defaultHeapInstance__C                         
0000a8f0  xdc_runtime_Startup_execImpl__C                                   
0000a8f4  xdc_runtime_Startup_maxPasses__C                                  
0000a8f8  xdc_runtime_Startup_sfxnRts__C                                    
0000a8fc  xdc_runtime_Startup_sfxnTab__C                                    
0000a900  xdc_runtime_SysMin_bufSize__C                                     
0000a904  xdc_runtime_SysMin_outputFunc__C                                  
0000a908  xdc_runtime_System_Module__gateObj__C                             
0000a90c  xdc_runtime_System_abortFxn__C                                    
0000a910  xdc_runtime_System_exitFxn__C                                     
0000a914  xdc_runtime_System_extendFxn__C                                   
0000a918  xdc_runtime_System_maxAtexitHandlers__C                           
0000a91c  xdc_runtime_Text_charTab__C                                       
0000a920  xdc_runtime_Text_nameEmpty__C                                     
0000a924  xdc_runtime_Text_nameStatic__C                                    
0000a928  xdc_runtime_Text_nameUnknown__C                                   
0000a92c  xdc_runtime_Text_nodeTab__A                                       
0000a930  xdc_runtime_Text_visitRopeFxn__C                                  
0000a934  ti_catalog_arm_cortexm4_tiva_ce_Boot_Module__id__C                
0000a936  ti_sysbios_family_arm_m3_Hwi_Module__id__C                        
0000a938  ti_sysbios_hal_Hwi_Module__id__C                                  
0000a93a  ti_sysbios_heaps_HeapMem_Module__id__C                            
0000a93c  ti_sysbios_knl_Task_Module__id__C                                 
0000a93e  ti_sysbios_knl_Task_initStackFlag__C                              
0000a940  xdc_runtime_Core_Module__id__C                                    
0000a942  xdc_runtime_Error_Module__loggerDefined__C                        
0000a944  xdc_runtime_Error_maxDepth__C                                     
0000a946  xdc_runtime_Memory_Module__id__C                                  
0000a948  xdc_runtime_SysMin_flushAtExit__C                                 
0000a94a  xdc_runtime_Text_charCnt__C                                       
0000a94c  xdc_runtime_Text_isLoaded__C                                      
0000a94e  xdc_runtime_Text_registryModsLastId__C                            
0000a950  xdc_runtime_Text_unnamedModsLastId__C                             
0000a952  xdc_runtime_Text_charTab__A                                       
0000a958  ti_sysbios_family_arm_lm4_Timer_Module__root__V                   
0000a960  ti_sysbios_family_arm_lm4_Timer_Module_State_0_handles__A         
0000a978  ti_sysbios_family_arm_lm4_Timer_Module__state__V                  
0000a984  ti_sysbios_family_arm_m3_Hwi_Module__root__V                      
0000a98c  ti_sysbios_family_arm_m3_Hwi_Object__table__V                     
0000a9a4  ti_sysbios_family_arm_m3_Hwi_Module_State_0_excActive__A          
0000a9a8  ti_sysbios_family_arm_m3_Hwi_Module_State_0_excContext__A         
0000a9ac  ti_sysbios_family_arm_m3_Hwi_Module_State_0_excStack__A           
0000a9b0  ti_sysbios_gates_GateHwi_Module__root__V                          
0000a9b8  ti_sysbios_gates_GateHwi_Object__table__V                         
0000a9bc  ti_sysbios_gates_GateMutex_Module__root__V                        
0000a9c4  ti_sysbios_hal_Hwi_Module__root__V                                
0000a9cc  ti_sysbios_heaps_HeapMem_Module__root__V                          
0000a9d4  ti_sysbios_heaps_HeapMem_Object__table__V                         
0000a9ec  ti_sysbios_knl_Clock_Module__root__V                              
0000a9f4  ti_sysbios_knl_Queue_Module__root__V                              
0000a9fc  ti_sysbios_knl_Semaphore_Module__root__V                          
0000aa04  ti_sysbios_knl_Swi_Module__root__V                                
0000aa0c  ti_sysbios_knl_Swi_Module__state__V                               
0000aa28  ti_sysbios_knl_Task_Module__root__V                               
0000aa30  ti_sysbios_knl_Task_Module_State_0_readyQ__A                      
0000aa50  ti_sysbios_knl_Task_Module_State_0_idleTask__A                    
0000aa54  xdc_runtime_Error_Module__state__V                                
0000aa58  xdc_runtime_Memory_Module__state__V                               
0000aa5c  xdc_runtime_Registry_Module__state__V                             
0000aa64  xdc_runtime_Startup_Module__state__V                              
0000aa6c  xdc_runtime_SysMin_Module__state__V                               
0000aa78  xdc_runtime_System_Module_State_0_atexitHandlers__A               
0000aa80  xdc_runtime_System_Module__state__V                               
0000aa88  xdc_runtime_Text_Module__state__V                                 
0000aa90  __xdc__init__addr                                                 
0000aa94  ti_sysbios_knl_Task_Object__table__V                              
0000aae0  TSK_idle                                                          
0000ab2c  ti_sysbios_knl_Swi_Module_State_0_readyQ__A                       
0000abac  x                                                                 
0000ac20  ti_sysbios_knl_Task_Module__state__V                              
0000ac64  ti_sysbios_family_arm_lm4_Timer_Object__table__V                  
0000aca4  ti_sysbios_gates_GateMutex_Object__table__V                       
0000acdc  ti_sysbios_family_arm_m3_Hwi_Module__state__V                     
0000ad10  ti_sysbios_family_arm_lm4_Timer_Module_State_0_device__A          
0000ad40  ti_sysbios_knl_Swi_Object__table__V                               
0000ad70  ti_sysbios_knl_Clock_Module__state__V                             
0000ada0  gpioPinConfigs                                                    
0000adb4  gpioCallbackFunctions                                             
0000adc0  ti_sysbios_BIOS_Module__state__V                                  
0000ade4  _lock                                                             
0000ade8  _unlock                                                           
0000adec  __TI_cleanup_ptr                                                  
0000adf0  __TI_dtors_ptr                                                    
0000ae04  main_func_sp                                                      
0000ae08  __stack                                                           
0000b108  __STACK_END                                                       
0000b108  uartTivaRingBuffer                                                
0000b130  cBufAccess                                                        
0000b138  handle_i2c0                                                       
0000b13c  imuSemaphore                                                      
0000b140  mpu0                                                              
0000b308  __TI_Handler_Table_Base                                           
0000b314  __TI_Handler_Table_Limit                                          
0000b330  __TI_CINIT_Base                                                   
0000b350  __TI_CINIT_Limit                                                  
20000000  ti_sysbios_family_arm_m3_Hwi_ramVectors                           
e000e000  ti_sysbios_family_arm_m3_Hwi_nvic                                 
ffffffff  __binit__                                                         
ffffffff  __c_args__                                                        
ffffffff  binit                                                             
UNDEFED   SHT$$INIT_ARRAY$$Base                                             
UNDEFED   SHT$$INIT_ARRAY$$Limit                                            

[610 symbols]
