******************************************************************************
                  TI ARM Linker PC v5.2.5                      
******************************************************************************
>> Linked Fri Apr 29 11:57:24 2016

OUTPUT FILE NAME:   <I2C_Draft.out>
ENTRY POINT SYMBOL: "_c_int00"  address: 000072ed


MEMORY CONFIGURATION

         name            origin    length      used     unused   attr    fill
----------------------  --------  ---------  --------  --------  ----  --------
  FLASH                 00000000   00040000  0000adc5  0003523b  R  X
  SRAM                  20000000   00008000  00006c5c  000013a4  RW X


SEGMENT ALLOCATION MAP

run origin  load origin   length   init length attrs members
----------  ----------- ---------- ----------- ----- -------
00000000    00000000    0000add0   0000add0    r-x
  00000000    00000000    0000003c   0000003c    r-- .resetVecs
  00000040    00000040    0000a01a   0000a01a    r-x .text
  0000a05c    0000a05c    00000817   00000817    r-- .const
  0000a878    0000a878    00000558   00000558    r-- .cinit
20000000    20000000    00006c60   00000000    rw-
  20000000    20000000    00000360   00000000    rw- .vecs
  20000360    20000360    00005d5c   00000000    rw- .bss
  200060c0    200060c0    000008a0   00000000    rw- .data
  20006960    20006960    00000300   00000000    rw- .stack


SECTION ALLOCATION MAP

 output                                  attributes/
section   page    origin      length       input sections
--------  ----  ----------  ----------   ----------------
.resetVecs 
*          0    00000000    0000003c     
                  00000000    0000003c     i2ctmp006_pem4f.oem4f (.resetVecs)

.text      0    00000040    0000a01a     
                  00000040    00000430     sysbios.aem4f : BIOS.obj (.text:ti_sysbios_family_arm_m3_Hwi_excDumpRegs__I)
                  00000470    00000424     i2ctmp006.obj (.text:main)
                  00000894    0000034c     ti.targets.arm.rtsarm.aem4f : System.oem4f (.text:xdc_runtime_System_doPrint__I)
                  00000be0    0000030c     rtsv7M4_T_le_v4SPD16_eabi.lib : lowlev.obj (.text)
                  00000eec    000002fc     ti.sysbios.fatfs.aem4f : ff.oem4f (.text:chk_mounted)
                  000011e8    000002d4     rtsv7M4_T_le_v4SPD16_eabi.lib : trgdrv.obj (.text)
                  000014bc    000002a8                                   : mktime.obj (.text)
                  00001764    0000023e     i2ctmp006.obj (.text:GPIOPadConfigSet)
                  000019a2    00000002     rtsv7M4_T_le_v4SPD16_eabi.lib : i_div0.obj (.text)
                  000019a4    0000023c     BNO55.obj (.text:getVector)
                  00001be0    00000214     drivers_tivaware.aem4f : UARTTiva.oem4f (.text:UARTTiva_open)
                  00001df4    00000004     ti.sysbios.fatfs.aem4f : syncsysbios.oem4f (.text:ff_rel_grant)
                  00001df8    000001fc     sysbios.aem4f : BIOS.obj (.text:ti_sysbios_family_arm_m3_Hwi_excHandlerMax__I)
                  00001ff4    000001f4     drivers_tivaware.aem4f : SDSPITiva.oem4f (.text:SDSPITiva_diskInitialize)
                  000021e8    000001d8     i2ctmp006.obj (.text:SysCtlClockGet)
                  000023c0    000001c8     i2ctmp006.obj (.text:EncoderFxn)
                  00002588    000001a6     ti.sysbios.fatfs.aem4f : ff.oem4f (.text:f_write)
                  0000272e    00000002     i2ctmp006_pem4f.oem4f (.text:ti_sysbios_BIOS_nullFunc__I)
                  00002730    00000198     i2ctmp006.obj (.text:BNOTaskFxn)
                  000028c8    00000188     i2ctmp006.obj (.text:myTimerFunc)
                  00002a50    00000176     ti.sysbios.fatfs.aem4f : ff.oem4f (.text:f_read)
                  00002bc6    00000002     i2ctmp006_pem4f.oem4f (.text:xdc_runtime_Startup_reset__I)
                  00002bc8    00000174     i2ctmp006.obj (.text:SDTaskFxn)
                  00002d3c    00000004     ti.sysbios.fatfs.aem4f : diskio.oem4f (.text:get_fattime)
                  00002d40    00000174     sysbios.aem4f : BIOS.obj (.text:ti_sysbios_family_arm_m3_Hwi_excBusFault__I)
                  00002eb4    00000004     i2ctmp006_pem4f.oem4f (.text:ti_sysbios_BIOS_RtsGateProxy_enter__E)
                  00002eb8    00000164     sysbios.aem4f : BIOS.obj (.text:ti_sysbios_family_arm_m3_Hwi_excUsageFault__I)
                  0000301c    00000158     ti.sysbios.fatfs.aem4f : ff.oem4f (.text:f_lseek)
                  00003174    00000004     i2ctmp006_pem4f.oem4f (.text:ti_sysbios_BIOS_RtsGateProxy_leave__E)
                  00003178    00000158     sysbios.aem4f : BIOS.obj (.text:ti_sysbios_knl_Semaphore_pend__E)
                  000032d0    00000150     ti.sysbios.fatfs.aem4f : ff.oem4f (.text:f_open)
                  00003420    00000148     drivers_tivaware.aem4f : GPIOTiva.oem4f (.text:GPIO_setConfig)
                  00003568    00000148     sysbios.aem4f : BIOS.obj (.text:ti_sysbios_family_arm_m3_Hwi_excMemFault__I)
                  000036b0    0000011c     ti.sysbios.fatfs.aem4f : ff.oem4f (.text:f_rename)
                  000037cc    00000118     ti.targets.arm.rtsarm.aem4f : Error.oem4f (.text:xdc_runtime_Error_policyDefault__E)
                  000038e4    00000117     ti.sysbios.fatfs.aem4f : ff.oem4f (.text:create_name)
                  000039fb    00000001     --HOLE-- [fill = 0]
                  000039fc    00000004     sysbios.aem4f : BIOS.obj (.text:ti_sysbios_family_arm_lm4_Timer_masterEnable__I)
                  00003a00    00000108                   : BIOS.obj (.text:ti_sysbios_family_arm_lm4_Timer_start__E)
                  00003b08    00000108                   : BIOS.obj (.text:ti_sysbios_family_arm_lm4_TimestampProvider_get64__E)
                  00003c10    00000100     Boot.aem4f : Boot_sysctl.oem4f (.text:ti_catalog_arm_cortexm4_tiva_ce_Boot_sysCtlClockSetI__I)
                  00003d10    00000100     ti.targets.arm.rtsarm.aem4f : Core-mem.oem4f (.text:xdc_runtime_Core_createObject__I)
                  00003e10    000000fc     ti.sysbios.fatfs.aem4f : ff.oem4f (.text:dir_next)
                  00003f0c    000000f8     drivers_tivaware.aem4f : SDSPITiva.oem4f (.text:SDSPITiva_open)
                  00004004    000000f8     ti.targets.arm.rtsarm.aem4f : Startup.oem4f (.text:xdc_runtime_Startup_startMods__I)
                  000040fc    000000f8     i2ctmp006_pem4f.oem4f (.text:xdc_runtime_System_printfExtend__I)
                  000041f4    000000f4     drivers_tivaware.aem4f : SDSPITiva.oem4f (.text:SDSPITiva_diskIOctrl)
                  000042e8    000000f4     sysbios.aem4f : m3_Hwi_asm.obj (.text:ti_sysbios_family_arm_m3_Hwi_dispatch__I)
                  000043dc    000000e8     drivers_tivaware.aem4f : I2CTiva.oem4f (.text:I2CTiva_open)
                  000044c4    000000e8                            : SDSPITiva.oem4f (.text:SDSPITiva_diskWrite)
                  000045ac    000000e2     ti.sysbios.fatfs.aem4f : ff.oem4f (.text:put_fat)
                  0000468e    000000d6     drivers_tivaware.aem4f : I2CTiva.oem4f (.text:I2CTiva_hwiFxn)
                  00004764    000000cc     BNO55.obj (.text:BNO55_init)
                  00004830    000000cc     ti.sysbios.fatfs.aem4f : ff.oem4f (.text:get_fat)
                  000048fc    00000004     i2ctmp006_pem4f.oem4f (.text:ti_sysbios_family_arm_m3_Hwi_destruct)
                  00004900    000000cc     sysbios.aem4f : BIOS.obj (.text:ti_sysbios_heaps_HeapMem_alloc__E)
                  000049cc    000000cc     ti.targets.arm.rtsarm.aem4f : Core-smem.oem4f (.text:xdc_runtime_Core_constructObject__I)
                  00004a98    000000c6     drivers_tivaware.aem4f : SDSPITiva.oem4f (.text:send_cmd)
                  00004b5e    00000002     --HOLE-- [fill = 0]
                  00004b60    000000c0                            : SDSPITiva.oem4f (.text:SDSPITiva_diskRead)
                  00004c20    000000c0     sysbios.aem4f : BIOS.obj (.text:ti_sysbios_knl_Task_sleep__E)
                  00004ce0    000000be     ti.sysbios.fatfs.aem4f : ff.oem4f (.text:f_unlink)
                  00004d9e    00000002     --HOLE-- [fill = 0]
                  00004da0    000000bc     sysbios.aem4f : BIOS.obj (.text:ti_sysbios_family_arm_m3_Hwi_excDebugMon__I)
                  00004e5c    00000004     i2ctmp006_pem4f.oem4f (.text:ti_sysbios_family_arm_m3_TaskSupport_Module__startupDone__S)
                  00004e60    000000bc     sysbios.aem4f : BIOS.obj (.text:ti_sysbios_family_arm_m3_Hwi_excHardFault__I)
                  00004f1c    000000b8     ti.sysbios.fatfs.aem4f : ffcio.oem4f (.text:ffcio_open)
                  00004fd4    00000004     i2ctmp006_pem4f.oem4f (.text:ti_sysbios_heaps_HeapMem_Module_GateProxy_enter__E)
                  00004fd8    000000b4     sysbios.aem4f : BIOS.obj (.text:ti_sysbios_knl_Task_checkStacks__E)
                  0000508c    000000b2     ti.sysbios.fatfs.aem4f : ff.oem4f (.text:sync)
                  0000513e    000000ac     drivers_tivaware.aem4f : UARTTiva.oem4f (.text:readTaskBlocking)
                  000051ea    00000006                            : I2CTiva.oem4f (.text:I2CTiva_control)
                  000051f0    000000ac     sysbios.aem4f : BIOS.obj (.text:ti_sysbios_family_arm_lm4_Timer_enableTiva__I)
                  0000529c    000000a6     ti.sysbios.fatfs.aem4f : ff.oem4f (.text:f_sync)
                  00005342    000000a4     i2ctmp006.obj (.text:GPIOIntTypeSet)
                  000053e6    00000002     --HOLE-- [fill = 0]
                  000053e8    000000a0     auto_init.aem4f : auto_init.oem4f (.text)
                  00005488    000000a0     drivers_tivaware.aem4f : SDSPITiva.oem4f (.text:rcvr_datablock)
                  00005528    000000a0     ti.targets.arm.rtsarm.aem4f : Text.oem4f (.text:xdc_runtime_Text_putMod__E)
                  000055c8    0000009c     rtsv7M4_T_le_v4SPD16_eabi.lib : memcpy_t2.obj (.text)
                  00005664    0000009a     ti.targets.arm.rtsarm.aem4f : Text.oem4f (.text:xdc_runtime_Text_putSite__E)
                  000056fe    0000009a     drivers_tivaware.aem4f : SDSPITiva.oem4f (.text:xmit_datablock)
                  00005798    00000098                            : GPIOTiva.oem4f (.text:GPIO_init)
                  00005830    00000098                            : UARTTiva.oem4f (.text:UARTTiva_readPolling)
                  000058c8    00000098     ti.sysbios.fatfs.aem4f : ff.oem4f (.text:create_chain)
                  00005960    00000098     Boot.aem4f : Boot.oem4f (.text:ti_catalog_arm_cortexm4_tiva_ce_Boot_sysCtlClockSet__E)
                  000059f8    00000094     drivers_tivaware.aem4f : UARTTiva.oem4f (.text:UARTTiva_write)
                  00005a8c    00000004     i2ctmp006_pem4f.oem4f (.text:ti_sysbios_heaps_HeapMem_Module_GateProxy_leave__E)
                  00005a90    00000094     sysbios.aem4f : BIOS.obj (.text:ti_sysbios_family_arm_m3_Hwi_Instance_init__E)
                  00005b24    00000004     i2ctmp006_pem4f.oem4f (.text:ti_sysbios_knl_Clock_TimerProxy_getMaxTicks__E)
                  00005b28    00000094     sysbios.aem4f : BIOS.obj (.text:ti_sysbios_family_arm_m3_Hwi_initNVIC__E)
                  00005bbc    0000008e     i2ctmp006.obj (.text:circ_add)
                  00005c4a    0000008c     drivers_tivaware.aem4f : UARTTiva.oem4f (.text:UARTTiva_control)
                  00005cd6    00000002     --HOLE-- [fill = 0]
                  00005cd8    0000008c     sysbios.aem4f : m3_TaskSupport_asm.obj (.text:ti_sysbios_family_arm_m3_TaskSupport_buildTaskStack)
                  00005d64    00000004     i2ctmp006_pem4f.oem4f (.text:ti_sysbios_knl_Clock_TimerProxy_getPeriod__E)
                  00005d68    0000008c     sysbios.aem4f : BIOS.obj (.text:ti_sysbios_knl_Task_postInit__I)
                  00005df4    0000008a     drivers_tivaware.aem4f : UARTTiva.oem4f (.text:readIsrTextBlocking)
                  00005e7e    00000002     --HOLE-- [fill = 0]
                  00005e80    00000086     BNO55.obj (.text:Write_Byte)
                  00005f06    00000002     --HOLE-- [fill = 0]
                  00005f08    00000084     i2ctmp006.obj (.text:I2CMasterInitExpClk)
                  00005f8c    00000004     i2ctmp006_pem4f.oem4f (.text:ti_sysbios_knl_Clock_destruct)
                  00005f90    00000084     sysbios.aem4f : BIOS.obj (.text:ti_sysbios_family_arm_lm4_Timer_getExpiredCounts__E)
                  00006014    00000082     drivers_tivaware.aem4f : UARTTiva.oem4f (.text:readIsrTextCallback)
                  00006096    0000007e                            : I2CTiva.oem4f (.text:I2CTiva_transfer)
                  00006114    0000007c     ti.sysbios.fatfs.aem4f : ff.oem4f (.text:dir_sdi)
                  00006190    0000007c     sysbios.aem4f : BIOS.obj (.text:ti_sysbios_heaps_HeapMem_free__E)
                  0000620c    0000007a     i2ctmp006.obj (.text:SSIConfigSetExpClk)
                  00006286    0000007a     drivers_tivaware.aem4f : UARTTiva.oem4f (.text:readTaskCallback)
                  00006300    0000007a     rtsv7M4_T_le_v4SPD16_eabi.lib : memset_t2.obj (.text)
                  0000637a    00000002     --HOLE-- [fill = 0]
                  0000637c    00000078     EK_TM4C123GXL.obj (.text:EK_TM4C123GXL_initI2C)
                  000063f4    00000076     i2ctmp006.obj (.text:UARTConfigSetExpClk)
                  0000646a    00000076     ti.sysbios.fatfs.aem4f : ff.oem4f (.text:follow_path)
                  000064e0    00000074                            : ff.oem4f (.text:check_fs)
                  00006554    00000004     i2ctmp006_pem4f.oem4f (.text:ti_sysbios_knl_Queue_destruct)
                  00006558    00000074     sysbios.aem4f : BIOS.obj (.text:ti_sysbios_family_arm_m3_Hwi_postInit__I)
                  000065cc    00000070     EK_TM4C123GXL.obj (.text:EK_TM4C123GXL_initSDSPI)
                  0000663c    00000070     i2ctmp006.obj (.text:Motor_init)
                  000066ac    00000070     ti.sysbios.fatfs.aem4f : ff.oem4f (.text:move_window)
                  0000671c    00000004     i2ctmp006_pem4f.oem4f (.text:ti_sysbios_knl_Semaphore_delete)
                  00006720    00000070     sysbios.aem4f : BIOS.obj (.text:ti_sysbios_knl_Semaphore_post__E)
                  00006790    0000006c                   : BIOS.obj (.text:ti_sysbios_knl_Clock_workFunc__E)
                  000067fc    00000004     i2ctmp006_pem4f.oem4f (.text:ti_sysbios_knl_Semaphore_destruct)
                  00006800    0000006c     sysbios.aem4f : BIOS.obj (.text:ti_sysbios_knl_Swi_restoreHwi__E)
                  0000686c    00000004     ti.targets.arm.rtsarm.aem4f : Error.oem4f (.text:xdc_runtime_Error_getSite__E)
                  00006870    0000006c     sysbios.aem4f : BIOS.obj (.text:ti_sysbios_knl_Task_exit__E)
                  000068dc    0000006c     drivers_tivaware.aem4f : UARTTiva.oem4f (.text:writeData)
                  00006948    0000006c     ti.targets.arm.rtsarm.aem4f : Error.oem4f (.text:xdc_runtime_Error_print__E)
                  000069b4    0000006c                                 : Memory.oem4f (.text:xdc_runtime_Memory_alloc__E)
                  00006a20    0000006a     rtsv7M4_T_le_v4SPD16_eabi.lib : copy_decompress_rle.obj (.text)
                  00006a8a    00000002     --HOLE-- [fill = 0]
                  00006a8c    00000068     i2ctmp006.obj (.text:GPIOPinConfigure)
                  00006af4    00000068     rtsv7M4_T_le_v4SPD16_eabi.lib : trgmsg.obj (.text)
                  00006b5c    00000066     ti.targets.arm.rtsarm.aem4f : Core-mem.oem4f (.text:xdc_runtime_Core_deleteObject__I)
                  00006bc2    00000002     --HOLE-- [fill = 0]
                  00006bc4    00000064     drivers_tivaware.aem4f : GPIOTiva.oem4f (.text:GPIO_hwiIntFxn)
                  00006c28    00000064     sysbios.aem4f : BIOS.obj (.text:ti_sysbios_family_arm_lm4_Timer_Module_startup__E)
                  00006c8c    00000064     i2ctmp006_pem4f.oem4f (.text:ti_sysbios_family_arm_m3_Hwi_create)
                  00006cf0    00000064     sysbios.aem4f : BIOS.obj (.text:ti_sysbios_family_arm_m3_Hwi_dispatchC__I)
                  00006d54    00000064     ti.targets.arm.rtsarm.aem4f : System.oem4f (.text:xdc_runtime_System_formatNum__I)
                  00006db8    00000062     drivers_tivaware.aem4f : I2CTiva.oem4f (.text:I2CTiva_primeTransfer)
                  00006e1a    00000062     i2ctmp006.obj (.text:circ_rem)
                  00006e7c    00000062     ti.sysbios.fatfs.aem4f : ff.oem4f (.text:remove_chain)
                  00006ede    00000060     i2ctmp006.obj (.text:circ_size)
                  00006f3e    00000002     --HOLE-- [fill = 0]
                  00006f40    00000060     sysbios.aem4f : BIOS.obj (.text:ti_sysbios_knl_Task_schedule__I)
                  00006fa0    0000005e     ti.sysbios.fatfs.aem4f : ff.oem4f (.text:dir_register)
                  00006ffe    0000005e     drivers_tivaware.aem4f : UARTTiva.oem4f (.text:readIsrBinaryBlocking)
                  0000705c    0000005c     i2ctmp006.obj (.text:GPIODirModeSet)
                  000070b8    0000005c     sysbios.aem4f : BIOS.obj (.text:ti_sysbios_knl_Swi_run__I)
                  00007114    00000004     i2ctmp006_pem4f.oem4f (.text:xdc_runtime_System_Module_GateProxy_enter__E)
                  00007118    0000005c     sysbios.aem4f : BIOS.obj (.text:ti_sysbios_knl_Swi_schedule__I)
                  00007174    00000004     i2ctmp006_pem4f.oem4f (.text:xdc_runtime_System_Module_GateProxy_leave__E)
                  00007178    0000005c     sysbios.aem4f : BIOS.obj (.text:ti_sysbios_knl_Task_Module_startup__E)
                  000071d4    00000004     ti.targets.arm.rtsarm.aem4f : System.oem4f (.text:xdc_runtime_System_aprintf_va__F)
                  000071d8    0000005c     sysbios.aem4f : BIOS.obj (.text:ti_sysbios_knl_Task_startCore__E)
                  00007234    0000005c     drivers_tivaware.aem4f : SDSPITiva.oem4f (.text:wait_ready)
                  00007290    0000005b     ti.targets.arm.rtsarm.aem4f : Text.oem4f (.text:xdc_runtime_Text_putLab__E)
                  000072eb    00000001     --HOLE-- [fill = 0]
                  000072ec    00000058     boot.aem4f : boot.oem4f (.text)
                  00007344    00000004     ti.targets.arm.rtsarm.aem4f : System.oem4f (.text:xdc_runtime_System_printf_va__F)
                  00007348    00000058     sysbios.aem4f : BIOS.obj (.text:ti_sysbios_family_arm_lm4_TimestampProvider_get32__E)
                  000073a0    00000058     i2ctmp006_pem4f.oem4f (.text:ti_sysbios_family_arm_m3_Hwi_construct)
                  000073f8    00000058     sysbios.aem4f : m3_Hwi_asm_switch.obj (.text:ti_sysbios_family_arm_m3_Hwi_initStacks__E)
                  00007450    00000054     EK_TM4C123GXL.obj (.text:EK_TM4C123GXL_initUART)
                  000074a4    00000054     i2ctmp006.obj (.text:gpioButtonFxn0)
                  000074f8    00000054     drivers_tivaware.aem4f : UARTTiva.oem4f (.text:readIsrBinaryCallback)
                  0000754c    00000004     ti.targets.arm.rtsarm.aem4f : System.oem4f (.text:xdc_runtime_System_sprintf_va__F)
                  00007550    00000054     sysbios.aem4f : BIOS.obj (.text:ti_sysbios_family_arm_lm4_Timer_initDevice__I)
                  000075a4    00000054     ti.targets.arm.rtsarm.aem4f : Assert.oem4f (.text:xdc_runtime_Assert_raise__I)
                  000075f8    00000050     drivers_tivaware.aem4f : GPIOTiva.oem4f (.text:GPIO_setCallback)
                  00007648    00000050                            : GPIOTiva.oem4f (.text:GPIO_toggle)
                  00007698    00000050                            : UARTTiva.oem4f (.text:UARTTiva_writeCancel)
                  000076e8    00000050     sysbios.aem4f : BIOS.obj (.text:ti_sysbios_family_arm_m3_Hwi_Module_startup__E)
                  00007738    00000050     ti.targets.arm.rtsarm.aem4f : Startup.oem4f (.text:xdc_runtime_Startup_exec__E)
                  00007788    0000004c     drivers_tivaware.aem4f : UARTTiva.oem4f (.text:UARTTiva_close)
                  000077d4    0000004c     rtsv7M4_T_le_v4SPD16_eabi.lib : cpy_tbl.obj (.text)
                  00007820    0000004c                                   : localtim.obj (.text)
                  0000786c    0000004c     i2ctmp006_pem4f.oem4f (.text:ti_sysbios_fatfs_startup)
                  000078b8    0000004c     sysbios.aem4f : BIOS.obj (.text:ti_sysbios_heaps_HeapMem_getStats__E)
                  00007904    00000004     --HOLE-- [fill = 0]
                  00007908    0000004c                   : BIOS.obj (.text:ti_sysbios_knl_Swi_runLoop__I)
                  00007954    00000004     --HOLE-- [fill = 0]
                  00007958    0000004c                   : BIOS.obj (.text:ti_sysbios_knl_Task_allBlockedFunction__I)
                  000079a4    0000004a     i2ctmp006.obj (.text:PWMGenConfigure)
                  000079ee    0000004a     i2ctmp006.obj (.text:PWMPulseWidthSet)
                  00007a38    0000004a     BNO55.obj (.text:Read_len)
                  00007a82    00000048     BNO55.obj (.text:Read_Byte)
                  00007aca    00000048     ti.sysbios.fatfs.aem4f : ff.oem4f (.text:dir_find)
                  00007b12    00000006     drivers_tivaware.aem4f : SDSPITiva.oem4f (.text:SDSPITiva_control)
                  00007b18    00000048     sysbios.aem4f : BIOS.obj (.text:ti_sysbios_family_arm_lm4_Timer_enableTimers__I)
                  00007b60    00000048                   : BIOS.obj (.text:ti_sysbios_family_arm_m3_Hwi_disableInterrupt__E)
                  00007ba8    00000048                   : BIOS.obj (.text:ti_sysbios_family_arm_m3_Hwi_enableInterrupt__E)
                  00007bf0    00000048                   : BIOS.obj (.text:ti_sysbios_family_arm_m3_Hwi_excReserved__I)
                  00007c38    00000046     drivers_tivaware.aem4f : RingBuf.oem4f (.text:RingBuf_put)
                  00007c7e    00000046     ti.targets.arm.rtsarm.aem4f : Core-params.oem4f (.text:xdc_runtime_Core_assignParams__I)
                  00007cc4    00000044     ti.sysbios.fatfs.aem4f : ff.oem4f (.text:f_mount)
                  00007d08    00000044     i2ctmp006.obj (.text:gpioButtonFxn1)
                  00007d4c    00000044     rtsv7M4_T_le_v4SPD16_eabi.lib : exit.obj (.text)
                  00007d90    00000044     drivers_tivaware.aem4f : SDSPITiva.oem4f (.text:send_initial_clock_train)
                  00007dd4    00000004     --HOLE-- [fill = 0]
                  00007dd8    00000044     sysbios.aem4f : BIOS.obj (.text:ti_sysbios_family_arm_lm4_Timer_isrStub__E)
                  00007e1c    00000004     --HOLE-- [fill = 0]
                  00007e20    00000044                   : BIOS.obj (.text:ti_sysbios_family_arm_m3_Hwi_getStackInfo__E)
                  00007e64    00000004     --HOLE-- [fill = 0]
                  00007e68    00000044                   : BIOS.obj (.text:ti_sysbios_knl_Swi_post__E)
                  00007eac    00000044     ti.targets.arm.rtsarm.aem4f : Error.oem4f (.text:xdc_runtime_Error_setX__E)
                  00007ef0    00000044                                 : SysMin.oem4f (.text:xdc_runtime_SysMin_flush__E)
                  00007f34    00000044                                 : Text.oem4f (.text:xdc_runtime_Text_xprintf__I)
                  00007f78    00000042     drivers_tivaware.aem4f : UARTTiva.oem4f (.text:UARTTiva_hwiIntFxn)
                  00007fba    00000042                            : UARTTiva.oem4f (.text:UARTTiva_writePolling)
                  00007ffc    00000040     BNO55.obj (.text:BNO55_Create)
                  0000803c    00000040     EK_TM4C123GXL.obj (.text:EK_TM4C123GXL_initGeneral)
                  0000807c    00000040     drivers_tivaware.aem4f : RingBuf.oem4f (.text:RingBuf_get)
                  000080bc    00000040     i2ctmp006.obj (.text:SysCtlPeripheralEnable)
                  000080fc    00000040     drivers_tivaware.aem4f : UARTTiva.oem4f (.text:UARTTiva_read)
                  0000813c    00000040     ti.sysbios.fatfs.aem4f : ff.oem4f (.text:dir_read)
                  0000817c    00000040     rtsv7M4_T_le_v4SPD16_eabi.lib : u_divt2.obj (.text)
                  000081bc    00000004     --HOLE-- [fill = 0]
                  000081c0    00000040     sysbios.aem4f : BIOS.obj (.text:ti_sysbios_family_arm_lm4_Timer_startup__E)
                  00008200    00000040                   : BIOS.obj (.text:ti_sysbios_heaps_HeapMem_Instance_init__E)
                  00008240    0000003c                   : BIOS.obj (.text:ti_sysbios_family_arm_m3_Hwi_excSvCall__I)
                  0000827c    00000004     --HOLE-- [fill = 0]
                  00008280    0000003c                   : BIOS.obj (.text:ti_sysbios_family_arm_m3_TaskSupport_start__E)
                  000082bc    00000004     --HOLE-- [fill = 0]
                  000082c0    0000003c                   : BIOS.obj (.text:ti_sysbios_heaps_HeapMem_init__I)
                  000082fc    00000004     --HOLE-- [fill = 0]
                  00008300    0000003c                   : BIOS.obj (.text:ti_sysbios_knl_Clock_Instance_init__E)
                  0000833c    00000004     --HOLE-- [fill = 0]
                  00008340    0000003c                   : BIOS.obj (.text:ti_sysbios_knl_Swi_restore__E)
                  0000837c    0000003a     drivers_tivaware.aem4f : I2CTiva.oem4f (.text:I2CTiva_completeTransfer)
                  000083b6    00000002     --HOLE-- [fill = 0]
                  000083b8    00000038                            : I2C.oem4f (.text:I2C_init)
                  000083f0    00000038                            : SDSPI.oem4f (.text:SDSPI_init)
                  00008428    00000038                            : UART.oem4f (.text:UART_init)
                  00008460    00000038     sysbios.aem4f : BIOS.obj (.text:ti_sysbios_family_arm_m3_Hwi_excNoIsr__I)
                  00008498    00000038     ti.targets.arm.rtsarm.aem4f : SysMin.oem4f (.text:xdc_runtime_SysMin_putch__E)
                  000084d0    00000038                                 : System.oem4f (.text:xdc_runtime_System_atexit__E)
                  00008508    00000036     drivers_tivaware.aem4f : I2CTiva.oem4f (.text:I2CTiva_close)
                  0000853e    00000036                            : UARTTiva.oem4f (.text:UARTTiva_readCancel)
                  00008574    00000036     i2ctmp006_pem4f.oem4f (.text:ti_sysbios_fatfs_getFatTime)
                  000085aa    00000002     --HOLE-- [fill = 0]
                  000085ac    00000034     ti.sysbios.fatfs.aem4f : ffcio.oem4f (.text:ffcio_lseek)
                  000085e0    00000034     sysbios.aem4f : BIOS.obj (.text:ti_sysbios_family_arm_m3_Hwi_excNmi__I)
                  00008614    00000004     --HOLE-- [fill = 0]
                  00008618    00000034                   : BIOS.obj (.text:ti_sysbios_hal_Hwi_checkStack)
                  0000864c    00000034     i2ctmp006_pem4f.oem4f (.text:ti_sysbios_knl_Clock_construct)
                  00008680    00000034     i2ctmp006_pem4f.oem4f (.text:ti_sysbios_knl_Semaphore_create)
                  000086b4    00000034     ti.targets.arm.rtsarm.aem4f : Core-label.oem4f (.text:xdc_runtime_Core_assignLabel__I)
                  000086e8    00000033                                 : Text.oem4f (.text:xdc_runtime_Text_printVisFxn__I)
                  0000871b    00000001     --HOLE-- [fill = 0]
                  0000871c    00000032     i2ctmp006.obj (.text:PWMOutputState)
                  0000874e    00000002     --HOLE-- [fill = 0]
                  00008750    00000032     sysbios.aem4f : BIOS.obj (.text:ti_sysbios_hal_Hwi_initStack)
                  00008782    00000002     --HOLE-- [fill = 0]
                  00008784    00000030     EK_TM4C123GXL.obj (.text:EK_TM4C123GXL_initGPIO)
                  000087b4    00000030     drivers_tivaware.aem4f : GPIOTiva.oem4f (.text:GPIO_enableInt)
                  000087e4    00000030     i2ctmp006.obj (.text:PWMGenPeriodSet)
                  00008814    00000030     i2ctmp006.obj (.text:UARTDisable)
                  00008844    00000030     rtsv7M4_T_le_v4SPD16_eabi.lib : strncpy.obj (.text)
                  00008874    00000030     i2ctmp006_pem4f.oem4f (.text:ti_sysbios_BIOS_atExitFunc__I)
                  000088a4    00000004     --HOLE-- [fill = 0]
                  000088a8    00000030     sysbios.aem4f : BIOS.obj (.text:ti_sysbios_family_arm_lm4_Timer_stop__E)
                  000088d8    00000030     i2ctmp006_pem4f.oem4f (.text:ti_sysbios_gates_GateHwi_Object__create__S)
                  00008908    00000030     i2ctmp006_pem4f.oem4f (.text:ti_sysbios_gates_GateMutex_Object__create__S)
                  00008938    00000030     i2ctmp006_pem4f.oem4f (.text:ti_sysbios_gates_GateMutex_create)
                  00008968    00000030     sysbios.aem4f : BIOS.obj (.text:ti_sysbios_gates_GateMutex_enter__E)
                  00008998    00000030     i2ctmp006_pem4f.oem4f (.text:ti_sysbios_heaps_HeapMem_Object__create__S)
                  000089c8    00000030     i2ctmp006_pem4f.oem4f (.text:ti_sysbios_knl_Semaphore_construct)
                  000089f8    00000030     sysbios.aem4f : BIOS.obj (.text:ti_sysbios_knl_Semaphore_pendTimeout__I)
                  00008a28    00000030                   : BIOS.obj (.text:ti_sysbios_knl_Task_processVitalTaskFlag__I)
                  00008a58    00000030                   : BIOS.obj (.text:ti_sysbios_knl_Task_unblockI__E)
                  00008a88    00000030     ti.sysbios.fatfs.aem4f : ff.oem4f (.text:validate)
                  00008ab8    00000030     ti.targets.arm.rtsarm.aem4f : SysMin.oem4f (.text:xdc_runtime_SysMin_abort__E)
                  00008ae8    00000030                                 : System.oem4f (.text:xdc_runtime_System_processAtExit__E)
                  00008b18    0000002c     i2ctmp006.obj (.text:I2CMasterErr)
                  00008b44    0000002c     drivers_tivaware.aem4f : SDSPITiva.oem4f (.text:SDSPITiva_close)
                  00008b70    0000002c     ti.sysbios.fatfs.aem4f : diskio.oem4f (.text:disk_register)
                  00008b9c    00000004     --HOLE-- [fill = 0]
                  00008ba0    0000002c     sysbios.aem4f : BIOS.obj (.text:ti_sysbios_family_arm_m3_Hwi_Instance_finalize__E)
                  00008bcc    0000002c     i2ctmp006_pem4f.oem4f (.text:ti_sysbios_knl_Clock_doTick__I)
                  00008bf8    0000002c     i2ctmp006_pem4f.oem4f (.text:ti_sysbios_knl_Queue_construct)
                  00008c24    00000004     --HOLE-- [fill = 0]
                  00008c28    0000002c     sysbios.aem4f : BIOS.obj (.text:ti_sysbios_knl_Task_restore__E)
                  00008c54    0000002c     ti.targets.arm.rtsarm.aem4f : Text.oem4f (.text:xdc_runtime_Text_cordText__E)
                  00008c80    0000002a                                 : System.oem4f (.text:xdc_runtime_System_putchar__I)
                  00008caa    00000002     --HOLE-- [fill = 0]
                  00008cac    00000028     i2ctmp006.obj (.text:CalcNewPos)
                  00008cd4    00000028     ti.sysbios.fatfs.aem4f : diskio.oem4f (.text:disk_unregister)
                  00008cfc    00000028     i2ctmp006_pem4f.oem4f (.text:ti_sysbios_BIOS_startFunc__I)
                  00008d24    00000004     --HOLE-- [fill = 0]
                  00008d28    00000028     sysbios.aem4f : BIOS.obj (.text:ti_sysbios_knl_Clock_addI__E)
                  00008d50    00000028                   : BIOS.obj (.text:ti_sysbios_knl_Swi_Module_startup__E)
                  00008d78    00000026     i2ctmp006.obj (.text:QEIVelocityConfigure)
                  00008d9e    00000026     sysbios.aem4f : m3_Hwi_asm.obj (.text:ti_sysbios_family_arm_m3_Hwi_pendSV__I)
                  00008dc4    00000026     ti.targets.arm.rtsarm.aem4f : System.oem4f (.text:xdc_runtime_System_avprintf__E)
                  00008dea    00000024     i2ctmp006.obj (.text:GPIOPinTypeGPIOInput)
                  00008e0e    00000024     i2ctmp006.obj (.text:GPIOPinTypeGPIOOutput)
                  00008e32    00000024     i2ctmp006.obj (.text:GPIOPinTypeI2C)
                  00008e56    00000024     i2ctmp006.obj (.text:GPIOPinTypeI2CSCL)
                  00008e7a    00000024     i2ctmp006.obj (.text:GPIOPinTypePWM)
                  00008e9e    00000024     i2ctmp006.obj (.text:GPIOPinTypeUART)
                  00008ec2    00000024     i2ctmp006.obj (.text:QEIConfigure)
                  00008ee6    00000024     i2ctmp006.obj (.text:UARTCharPutNonBlocking)
                  00008f0a    00000024     i2ctmp006.obj (.text:UARTEnable)
                  00008f2e    00000024     ti.sysbios.fatfs.aem4f : ff.oem4f (.text:dir_remove)
                  00008f52    00000002     --HOLE-- [fill = 0]
                  00008f54    00000024                            : diskio.oem4f (.text:disk_ioctl)
                  00008f78    00000024                            : ffcio.oem4f (.text:ffcio_close)
                  00008f9c    00000024     i2ctmp006_pem4f.oem4f (.text:ti_sysbios_BIOS_registerRTSLock__I)
                  00008fc0    00000024     i2ctmp006_pem4f.oem4f (.text:ti_sysbios_BIOS_removeRTSLock__I)
                  00008fe4    00000024     i2ctmp006_pem4f.oem4f (.text:ti_sysbios_gates_GateMutex_Object__delete__S)
                  00009008    00000024     sysbios.aem4f : BIOS.obj (.text:ti_sysbios_knl_Clock_Module_startup__E)
                  0000902c    00000004     --HOLE-- [fill = 0]
                  00009030    00000024                   : BIOS.obj (.text:ti_sysbios_knl_Clock_start__E)
                  00009054    00000004     --HOLE-- [fill = 0]
                  00009058    00000024                   : BIOS.obj (.text:ti_sysbios_knl_Semaphore_Instance_init__E)
                  0000907c    00000024     i2ctmp006_pem4f.oem4f (.text:ti_sysbios_knl_Semaphore_Object__delete__S)
                  000090a0    00000024     sysbios.aem4f : BIOS.obj (.text:ti_sysbios_knl_Task_restoreHwi__E)
                  000090c4    00000024     ti.targets.arm.rtsarm.aem4f : System.oem4f (.text:xdc_runtime_System_vprintf__E)
                  000090e8    00000022     i2ctmp006.obj (.text:GPIOIntStatus)
                  0000910a    00000022     i2ctmp006.obj (.text:I2CMasterSlaveAddrSet)
                  0000912c    00000004     --HOLE-- [fill = 0]
                  00009130    00000022     sysbios.aem4f : BIOS.obj (.text:ti_sysbios_family_arm_lm4_Timer_write__I)
                  00009152    00000022     i2ctmp006_pem4f.oem4f (.text:xdc_runtime_SysMin_output__I)
                  00009174    00000020     i2ctmp006.obj (.text:GPIOPinWrite)
                  00009194    00000020     drivers_tivaware.aem4f : GPIOTiva.oem4f (.text:GPIO_clearInt)
                  000091b4    00000020     i2ctmp006.obj (.text:SysCtlPWMClockSet)
                  000091d4    00000020     ti.sysbios.fatfs.aem4f : ffcio.oem4f (.text:ffcio_read)
                  000091f4    00000020                            : ffcio.oem4f (.text:ffcio_write)
                  00009214    00000020     i2ctmp006_pem4f.oem4f (.text:ti_sysbios_BIOS_rtsLock__I)
                  00009234    00000020     sysbios.aem4f : m3_Hwi_asm.obj (.text:ti_sysbios_family_arm_m3_Hwi_excHandlerAsm__I)
                  00009254    00000004     --HOLE-- [fill = 0]
                  00009258    00000020                   : BIOS.obj (.text:ti_sysbios_family_arm_m3_Hwi_excHandler__I)
                  00009278    00000020     i2ctmp006_pem4f.oem4f (.text:ti_sysbios_gates_GateHwi_Object__delete__S)
                  00009298    00000020     i2ctmp006_pem4f.oem4f (.text:ti_sysbios_heaps_HeapMem_Object__delete__S)
                  000092b8    00000020     i2ctmp006_pem4f.oem4f (.text:ti_sysbios_knl_Clock_Object__destruct__S)
                  000092d8    00000020     sysbios.aem4f : BIOS.obj (.text:ti_sysbios_knl_Idle_run__E)
                  000092f8    00000020     i2ctmp006_pem4f.oem4f (.text:ti_sysbios_knl_Semaphore_Object__destruct__S)
                  00009318    00000020     ti.targets.arm.rtsarm.aem4f : Registry.oem4f (.text:xdc_runtime_Registry_findById__E)
                  00009338    00000020                                 : SysMin.oem4f (.text:xdc_runtime_SysMin_Module_startup__E)
                  00009358    0000001e     i2ctmp006.obj (.text:UARTCharPut)
                  00009376    0000001e     i2ctmp006.obj (.text:UARTIntStatus)
                  00009394    0000001e     i2ctmp006.obj (.text:circ_init)
                  000093b2    0000001e     i2ctmp006_pem4f.oem4f (.text:ti_sysbios_BIOS_errorRaiseHook__I)
                  000093d0    0000001e     sysbios.aem4f : m3_Hwi_asm_switch.obj (.text:ti_sysbios_family_xxx_Hwi_switchAndRunFunc)
                  000093ee    0000001c     i2ctmp006.obj (.text:SSIDataGet)
                  0000940a    0000001c     i2ctmp006.obj (.text:UARTCharGetNonBlocking)
                  00009426    0000001c     i2ctmp006.obj (.text:UARTFlowControlSet)
                  00009442    00000002     --HOLE-- [fill = 0]
                  00009444    0000001c     ti.sysbios.fatfs.aem4f : diskio.oem4f (.text:disk_initialize)
                  00009460    0000001c                            : diskio.oem4f (.text:disk_read)
                  0000947c    0000001c                            : diskio.oem4f (.text:disk_status)
                  00009498    0000001c                            : diskio.oem4f (.text:disk_write)
                  000094b4    0000001c     drivers_tivaware.aem4f : GPIOTiva.oem4f (.text:getGpioIntIndex)
                  000094d0    0000001c     ti.sysbios.fatfs.aem4f : ff.oem4f (.text:mem_cmp)
                  000094ec    00000004     --HOLE-- [fill = 0]
                  000094f0    0000001c     sysbios.aem4f : BIOS.obj (.text:ti_sysbios_family_arm_lm4_Seconds_get__E)
                  0000950c    0000001c     i2ctmp006_pem4f.oem4f (.text:ti_sysbios_family_arm_m3_Hwi_Object__destruct__S)
                  00009528    0000001c     sysbios.aem4f : BIOS.obj (.text:ti_sysbios_gates_GateMutex_Instance_init__E)
                  00009544    00000004     --HOLE-- [fill = 0]
                  00009548    0000001c                   : BIOS.obj (.text:ti_sysbios_knl_Clock_Instance_finalize__E)
                  00009564    0000001c     i2ctmp006_pem4f.oem4f (.text:ti_sysbios_knl_Queue_Object__destruct__S)
                  00009580    0000001c     sysbios.aem4f : BIOS.obj (.text:ti_sysbios_knl_Queue_put__E)
                  0000959c    00000004     --HOLE-- [fill = 0]
                  000095a0    0000001c                   : BIOS.obj (.text:ti_sysbios_knl_Task_enter__I)
                  000095bc    0000001c     ti.targets.arm.rtsarm.aem4f : Error.oem4f (.text:xdc_runtime_Error_raiseX__E)
                  000095d8    0000001c                                 : Memory.oem4f (.text:xdc_runtime_Memory_valloc__E)
                  000095f4    0000001c                                 : SysMin.oem4f (.text:xdc_runtime_SysMin_exit__E)
                  00009610    0000001c                                 : System.oem4f (.text:xdc_runtime_System_abort__E)
                  0000962c    0000001c     i2ctmp006_pem4f.oem4f (.text:xdc_runtime_System_sprintf__E)
                  00009648    0000001a     i2ctmp006.obj (.text:GPIOIntEnable)
                  00009662    0000001a     i2ctmp006.obj (.text:PWMGenEnable)
                  0000967c    0000001a     i2ctmp006.obj (.text:SSIDataPut)
                  00009696    0000001a     ti.sysbios.fatfs.aem4f : syncsysbios.oem4f (.text:ff_cre_syncobj)
                  000096b0    0000001a     BNO55.obj (.text:getID)
                  000096ca    0000001a     i2ctmp006_pem4f.oem4f (.text:xdc_runtime_System_aprintf__E)
                  000096e4    0000001a     i2ctmp006_pem4f.oem4f (.text:xdc_runtime_System_printf__E)
                  000096fe    00000018     i2ctmp006.obj (.text:GPIOPinRead)
                  00009716    00000002     --HOLE-- [fill = 0]
                  00009718    00000018     drivers_tivaware.aem4f : I2C.oem4f (.text:I2C_open)
                  00009730    00000018                            : SDSPI.oem4f (.text:SDSPI_open)
                  00009748    00000018     i2ctmp006.obj (.text:UARTFIFOLevelSet)
                  00009760    00000018     i2ctmp006.obj (.text:UARTIntDisable)
                  00009778    00000018     i2ctmp006.obj (.text:UARTIntEnable)
                  00009790    00000018     drivers_tivaware.aem4f : UART.oem4f (.text:UART_Params_init)
                  000097a8    00000018                            : UART.oem4f (.text:UART_open)
                  000097c0    00000018     ti.sysbios.fatfs.aem4f : ff.oem4f (.text:clust2sect)
                  000097d8    00000018     i2ctmp006.obj (.text:gpioMPU9150DataReady)
                  000097f0    00000018     rtsv7M4_T_le_v4SPD16_eabi.lib : args_main.obj (.text)
                  00009808    00000018                                   : strcmp.obj (.text)
                  00009820    00000018     i2ctmp006_pem4f.oem4f (.text:ti_sysbios_BIOS_rtsUnlock__I)
                  00009838    00000018     i2ctmp006_pem4f.oem4f (.text:ti_sysbios_family_arm_lm4_Timer_Module__startupDone__F)
                  00009850    00000018     i2ctmp006_pem4f.oem4f (.text:ti_sysbios_family_arm_m3_Hwi_Handle__label__S)
                  00009868    00000018     i2ctmp006_pem4f.oem4f (.text:ti_sysbios_family_arm_m3_Hwi_Module__startupDone__F)
                  00009880    00000018     sysbios.aem4f : m3_TaskSupport_asm.obj (.text:ti_sysbios_family_arm_m3_TaskSupport_swap__E)
                  00009898    00000018     i2ctmp006_pem4f.oem4f (.text:ti_sysbios_gates_GateHwi_Handle__label__S)
                  000098b0    00000018     i2ctmp006_pem4f.oem4f (.text:ti_sysbios_gates_GateMutex_Handle__label__S)
                  000098c8    00000018     sysbios.aem4f : BIOS.obj (.text:ti_sysbios_gates_GateMutex_leave__E)
                  000098e0    00000018     i2ctmp006_pem4f.oem4f (.text:ti_sysbios_heaps_HeapMem_Handle__label__S)
                  000098f8    00000018     i2ctmp006_pem4f.oem4f (.text:ti_sysbios_knl_Swi_Handle__label__S)
                  00009910    00000018     i2ctmp006_pem4f.oem4f (.text:ti_sysbios_knl_Task_Handle__label__S)
                  00009928    00000018     sysbios.aem4f : BIOS.obj (.text:ti_sysbios_knl_Task_sleepTimeout__I)
                  00009940    00000018     i2ctmp006_pem4f.oem4f (.text:time)
                  00009958    00000018     ti.sysbios.fatfs.aem4f : ff.oem4f (.text:unlock_fs)
                  00009970    00000018     ti.targets.arm.rtsarm.aem4f : Error.oem4f (.text:xdc_runtime_Error_check__E)
                  00009988    00000018                                 : System.oem4f (.text:xdc_runtime_System_exit__E)
                  000099a0    00000018                                 : Text.oem4f (.text:xdc_runtime_Text_ropeText__E)
                  000099b8    00000016     i2ctmp006.obj (.text:I2CMasterDataPut)
                  000099ce    00000016     i2ctmp006.obj (.text:I2CMasterDisable)
                  000099e4    00000016     i2ctmp006.obj (.text:I2CMasterEnable)
                  000099fa    00000016     i2ctmp006.obj (.text:I2CMasterIntClear)
                  00009a10    00000016     i2ctmp006.obj (.text:SSIDisable)
                  00009a26    00000016     i2ctmp006.obj (.text:SSIEnable)
                  00009a3c    00000016     i2ctmp006.obj (.text:UARTCharGet)
                  00009a52    00000016     ti.sysbios.fatfs.aem4f : ff.oem4f (.text:mem_cpy)
                  00009a68    00000016     rtsv7M4_T_le_v4SPD16_eabi.lib : strchr.obj (.text)
                  00009a7e    00000016     BNO55.obj (.text:setMode)
                  00009a94    00000016     i2ctmp006_pem4f.oem4f (.text:ti_sysbios_BIOS_exitFunc__I)
                  00009aaa    00000006     ti.targets.arm.rtsarm.aem4f : xdc_noinit.oem4f (.text:__xdc__init)
                  00009ab0    00000016     sysbios.aem4f : BIOS.obj (.text:ti_sysbios_knl_Task_unblock__E)
                  00009ac6    00000016     ti.targets.arm.rtsarm.aem4f : System.oem4f (.text:xdc_runtime_System_vsprintf__E)
                  00009adc    00000014     i2ctmp006.obj (.text:GPIOIntClear)
                  00009af0    00000014     i2ctmp006.obj (.text:QEIEnable)
                  00009b04    00000014     i2ctmp006.obj (.text:QEIVelocityEnable)
                  00009b18    00000014     ti.sysbios.fatfs.aem4f : ff.oem4f (.text:mem_set)
                  00009b2c    00000014     rtsv7M4_T_le_v4SPD16_eabi.lib : _lock.obj (.text)
                  00009b40    00000014                                   : strcpy.obj (.text)
                  00009b54    00000014                                   : strlen.obj (.text)
                  00009b68    00000014     i2ctmp006_pem4f.oem4f (.text:ti_sysbios_family_arm_m3_Hwi_Object__get__S)
                  00009b7c    00000004     --HOLE-- [fill = 0]
                  00009b80    00000014     sysbios.aem4f : BIOS.obj (.text:ti_sysbios_family_arm_m3_Hwi_switchFromBootStack__E)
                  00009b94    00000014     i2ctmp006_pem4f.oem4f (.text:ti_sysbios_heaps_HeapMem_Object__get__S)
                  00009ba8    00000014     i2ctmp006_pem4f.oem4f (.text:ti_sysbios_knl_Swi_Object__get__S)
                  00009bbc    00000012     i2ctmp006.obj (.text:I2CMasterControl)
                  00009bce    00000012     drivers_tivaware.aem4f : RingBuf.oem4f (.text:RingBuf_construct)
                  00009be0    00000012                            : SDSPITiva.oem4f (.text:SDSPITiva_init)
                  00009bf2    00000012     i2ctmp006.obj (.text:UARTIntClear)
                  00009c04    00000012     i2ctmp006.obj (.text:UARTRxErrorGet)
                  00009c16    00000012     ti.sysbios.fatfs.aem4f : ff.oem4f (.text:chk_chr)
                  00009c28    00000012                            : ffcio.oem4f (.text:ffcio_rename)
                  00009c3a    00000012                            : ffcio.oem4f (.text:ffcio_unlink)
                  00009c4c    00000012     i2ctmp006.obj (.text:setSpeed)
                  00009c5e    00000002     --HOLE-- [fill = 0]
                  00009c60    00000012     sysbios.aem4f : BIOS.obj (.text:ti_sysbios_hal_Hwi_Module_startup__E)
                  00009c72    00000006     rtsv7M4_T_le_v4SPD16_eabi.lib : copy_decompress_rle.obj (.text:decompress:rle24)
                  00009c78    00000012     sysbios.aem4f : BIOS.obj (.text:ti_sysbios_hal_Timer_Module_startup__E)
                  00009c8a    00000012     i2ctmp006_pem4f.oem4f (.text:xdc_runtime_Startup_exec__I)
                  00009c9c    00000010     i2ctmp006.obj (.text:I2CMasterIntDisable)
                  00009cac    00000010     i2ctmp006.obj (.text:I2CMasterIntEnable)
                  00009cbc    00000010     drivers_tivaware.aem4f : I2C.oem4f (.text:I2C_Params_init)
                  00009ccc    00000010                            : SDSPITiva.oem4f (.text:SDSPITiva_diskStatus)
                  00009cdc    00000010                            : SDSPI.oem4f (.text:SDSPI_Params_init)
                  00009cec    00000010     i2ctmp006.obj (.text:UARTRxErrorClear)
                  00009cfc    00000010     ti.sysbios.fatfs.aem4f : ff.oem4f (.text:f_close)
                  00009d0c    00000010     drivers_tivaware.aem4f : UARTTiva.oem4f (.text:readBlockingTimeout)
                  00009d1c    00000004     --HOLE-- [fill = 0]
                  00009d20    00000010     sysbios.aem4f : BIOS.obj (.text:ti_sysbios_BIOS_exit__E)
                  00009d30    00000010                   : BIOS.obj (.text:ti_sysbios_BIOS_getCpuFreq__E)
                  00009d40    00000010                   : BIOS.obj (.text:ti_sysbios_BIOS_setThreadType__E)
                  00009d50    00000010                   : BIOS.obj (.text:ti_sysbios_BIOS_start__E)
                  00009d60    00000010                   : BIOS.obj (.text:ti_sysbios_family_arm_lm4_TimestampProvider_rolloverFunc__E)
                  00009d70    00000010                   : m3_TaskSupport_asm.obj (.text:ti_sysbios_family_arm_m3_TaskSupport_glue)
                  00009d80    00000010                   : BIOS.obj (.text:ti_sysbios_gates_GateMutex_Instance_finalize__E)
                  00009d90    00000010                   : BIOS.obj (.text:ti_sysbios_knl_Semaphore_Instance_finalize__E)
                  00009da0    00000010                   : BIOS.obj (.text:ti_sysbios_knl_Swi_disable__E)
                  00009db0    00000010     i2ctmp006_pem4f.oem4f (.text:ti_sysbios_knl_Task_Object__get__S)
                  00009dc0    00000010     sysbios.aem4f : BIOS.obj (.text:ti_sysbios_knl_Task_disable__E)
                  00009dd0    00000010     ti.targets.arm.rtsarm.aem4f : Gate.oem4f (.text:xdc_runtime_Gate_leaveSystem__E)
                  00009de0    00000010                                 : Memory.oem4f (.text:xdc_runtime_Memory_free__E)
                  00009df0    00000010                                 : SysMin.oem4f (.text:xdc_runtime_SysMin_ready__E)
                  00009e00    00000010                                 : System.oem4f (.text:xdc_runtime_System_vsnprintf__E)
                  00009e10    0000000e     i2ctmp006.obj (.text:I2CMasterDataGet)
                  00009e1e    0000000e     i2ctmp006.obj (.text:QEIPositionGet)
                  00009e2c    0000000e     rtsv7M4_T_le_v4SPD16_eabi.lib : copy_decompress_none.obj (.text:decompress:none)
                  00009e3a    0000000e     ti.sysbios.fatfs.aem4f : syncsysbios.oem4f (.text:ff_del_syncobj)
                  00009e48    0000000e     sysbios.aem4f : BIOS.obj (.text:ti_sysbios_knl_Idle_loop__E)
                  00009e56    00000002     --HOLE-- [fill = 0]
                  00009e58    0000000e                   : BIOS.obj (.text:ti_sysbios_knl_Queue_empty__E)
                  00009e66    00000002     --HOLE-- [fill = 0]
                  00009e68    0000000c     i2ctmp006_pem4f.oem4f (.text:.bootCodeSection:ti_catalog_arm_cortexm4_tiva_ce_Boot_init__I)
                  00009e74    0000000c     i2ctmp006.obj (.text:EscControl)
                  00009e80    0000000c     drivers_tivaware.aem4f : RingBuf.oem4f (.text:RingBuf_peek)
                  00009e8c    0000000c                            : UARTTiva.oem4f (.text:UARTTiva_init)
                  00009e98    0000000c     rtsv7M4_T_le_v4SPD16_eabi.lib : copy_zero_init.obj (.text:decompress:ZI)
                  00009ea4    00000004     --HOLE-- [fill = 0]
                  00009ea8    0000000c     sysbios.aem4f : BIOS.obj (.text:ti_sysbios_family_arm_lm4_Timer_getMaxTicks__E)
                  00009eb4    00000004     --HOLE-- [fill = 0]
                  00009eb8    0000000c                   : BIOS.obj (.text:ti_sysbios_family_arm_lm4_TimestampProvider_startTimer__E)
                  00009ec4    0000000c     i2ctmp006_pem4f.oem4f (.text:ti_sysbios_family_arm_m3_Hwi_Params__init__S)
                  00009ed0    0000000c     sysbios.aem4f : BIOS.obj (.text:ti_sysbios_family_arm_m3_Hwi_disableFxn__E)
                  00009edc    00000004     --HOLE-- [fill = 0]
                  00009ee0    0000000c                   : BIOS.obj (.text:ti_sysbios_family_arm_m3_TaskSupport_checkStack__E)
                  00009eec    00000004     --HOLE-- [fill = 0]
                  00009ef0    0000000c                   : BIOS.obj (.text:ti_sysbios_gates_GateHwi_enter__E)
                  00009efc    0000000c     i2ctmp006_pem4f.oem4f (.text:ti_sysbios_knl_Clock_Params__init__S)
                  00009f08    0000000c     sysbios.aem4f : BIOS.obj (.text:ti_sysbios_knl_Clock_getTickPeriod__E)
                  00009f14    0000000c     i2ctmp006_pem4f.oem4f (.text:ti_sysbios_knl_Queue_Object__get__S)
                  00009f20    0000000c     i2ctmp006_pem4f.oem4f (.text:ti_sysbios_knl_Semaphore_Params__init__S)
                  00009f2c    0000000c     ti.targets.arm.rtsarm.aem4f : Error.oem4f (.text:xdc_runtime_Error_init__E)
                  00009f38    0000000c                                 : Gate.oem4f (.text:xdc_runtime_Gate_enterSystem__E)
                  00009f44    0000000c                                 : Memory.oem4f (.text:xdc_runtime_Memory_calloc__E)
                  00009f50    0000000c                                 : Memory.oem4f (.text:xdc_runtime_Memory_getMaxDefaultTypeAlign__E)
                  00009f5c    0000000a     i2ctmp006.obj (.text:CalibrationHandler)
                  00009f66    0000000a     drivers_tivaware.aem4f : I2CTiva.oem4f (.text:I2CTiva_init)
                  00009f70    0000000a                            : I2C.oem4f (.text:I2C_transfer)
                  00009f7a    0000000a                            : UART.oem4f (.text:UART_write)
                  00009f84    0000000a     i2ctmp006_pem4f.oem4f (.text:xdc_runtime_IHeap_alloc)
                  00009f8e    0000000a     i2ctmp006_pem4f.oem4f (.text:xdc_runtime_IHeap_free)
                  00009f98    00000008     drivers_tivaware.aem4f : I2CTiva.oem4f (.text:I2CTiva_blockingCallback)
                  00009fa0    00000008     ti.sysbios.fatfs.aem4f : syncsysbios.oem4f (.text:ff_req_grant)
                  00009fa8    00000008     drivers_tivaware.aem4f : UARTTiva.oem4f (.text:readSemCallback)
                  00009fb0    00000008     sysbios.aem4f : BIOS.obj (.text:ti_sysbios_family_arm_lm4_Timer_masterDisable__I)
                  00009fb8    00000008                   : BIOS.obj (.text:ti_sysbios_family_arm_m3_Hwi_doSwiRestore__I)
                  00009fc0    00000008                   : BIOS.obj (.text:ti_sysbios_family_arm_m3_Hwi_startup__E)
                  00009fc8    00000008     drivers_tivaware.aem4f : UARTTiva.oem4f (.text:writeSemCallback)
                  00009fd0    00000008     i2ctmp006_pem4f.oem4f (.text:xdc_runtime_Text_visitRope__I)
                  00009fd8    00000006     ti.sysbios.fatfs.aem4f : ff.oem4f (.text:lock_fs)
                  00009fde    00000006     Boot.aem4f : Boot_sysctl.oem4f (.text:ti_catalog_arm_cortexm4_tiva_ce_Boot_sysCtlDelayI__I)
                  00009fe4    00000004     --HOLE-- [fill = 0]
                  00009fe8    00000006     sysbios.aem4f : BIOS.obj (.text:ti_sysbios_family_arm_lm4_TimestampProvider_Module_startup__E)
                  00009fee    00000002     --HOLE-- [fill = 0]
                  00009ff0    00000006                   : BIOS.obj (.text:ti_sysbios_family_arm_m3_Hwi_doTaskRestore__I)
                  00009ff6    00000002     --HOLE-- [fill = 0]
                  00009ff8    00000006                   : BIOS.obj (.text:ti_sysbios_family_arm_m3_Hwi_restoreFxn__E)
                  00009ffe    00000002     --HOLE-- [fill = 0]
                  0000a000    00000006                   : BIOS.obj (.text:ti_sysbios_gates_GateHwi_leave__E)
                  0000a006    00000002     --HOLE-- [fill = 0]
                  0000a008    00000006                   : BIOS.obj (.text:ti_sysbios_heaps_HeapMem_isBlocking__E)
                  0000a00e    00000002     --HOLE-- [fill = 0]
                  0000a010    00000006                   : BIOS.obj (.text:ti_sysbios_knl_Clock_stop__E)
                  0000a016    00000002     --HOLE-- [fill = 0]
                  0000a018    00000006                   : BIOS.obj (.text:ti_sysbios_knl_Queue_Instance_init__E)
                  0000a01e    00000002     --HOLE-- [fill = 0]
                  0000a020    00000006                   : BIOS.obj (.text:ti_sysbios_knl_Swi_startup__E)
                  0000a026    00000006     ti.targets.arm.rtsarm.aem4f : System.oem4f (.text:xdc_runtime_System_Module_startup__E)
                  0000a02c    00000004     --HOLE-- [fill = 0]
                  0000a030    00000004     sysbios.aem4f : BIOS.obj (.text:ti_sysbios_family_arm_lm4_Timer_getPeriod__E)
                  0000a034    00000004     --HOLE-- [fill = 0]
                  0000a038    00000004                   : BIOS.obj (.text:ti_sysbios_gates_GateHwi_query__E)
                  0000a03c    00000004     --HOLE-- [fill = 0]
                  0000a040    00000004                   : BIOS.obj (.text:ti_sysbios_gates_GateMutex_query__E)
                  0000a044    00000004     --HOLE-- [fill = 0]
                  0000a048    00000004                   : BIOS.obj (.text:ti_sysbios_knl_Task_startup__E)
                  0000a04c    00000004     --HOLE-- [fill = 0]
                  0000a050    00000002                   : BIOS.obj (.text:ti_sysbios_gates_GateHwi_Instance_init__E)
                  0000a052    00000006     --HOLE-- [fill = 0]
                  0000a058    00000002                   : BIOS.obj (.text:ti_sysbios_knl_Clock_logTick__E)

.const     0    0000a05c    00000817     
                  0000a05c    00000090     i2ctmp006.obj (.const:g_pui32GPIOBaseAddrs)
                  0000a0ec    0000006c     i2ctmp006.obj (.const:g_pui32Xtals)
                  0000a158    00000060     rtsv7M4_T_le_v4SPD16_eabi.lib : mktime.obj (.const)
                  0000a1b8    00000054     drivers_tivaware.aem4f : GPIOTiva.oem4f (.const:.string)
                  0000a20c    0000004c                            : UARTTiva.oem4f (.const)
                  0000a258    00000048     i2ctmp006_pem4f.oem4f (.const:.string)
                  0000a2a0    00000048     drivers_tivaware.aem4f : GPIOTiva.oem4f (.const:gpioBaseAddresses)
                  0000a2e8    00000030     i2ctmp006_pem4f.oem4f (.const:ti_sysbios_family_arm_m3_Hwi_Object__PARAMS__C)
                  0000a318    00000030     EK_TM4C123GXL.obj (.const:uartTivaHWAttrs)
                  0000a348    00000028     drivers_tivaware.aem4f : UARTTiva.oem4f (.const:UARTTiva_fxnTable)
                  0000a370    00000028     i2ctmp006_pem4f.oem4f (.const:ti_sysbios_heaps_HeapMem_Module__FXNS__C)
                  0000a398    00000028     i2ctmp006_pem4f.oem4f (.const:xdc_runtime_Startup_sfxnTab__A)
                  0000a3c0    00000024     EK_TM4C123GXL.obj (.const:I2C_config)
                  0000a3e4    00000024     EK_TM4C123GXL.obj (.const:UART_config)
                  0000a408    00000024     drivers_tivaware.aem4f : UART.oem4f (.const:UART_defaultParams)
                  0000a42c    00000024     EK_TM4C123GXL.obj (.const:sdspiTivaHWattrs)
                  0000a450    00000024     i2ctmp006_pem4f.oem4f (.const:ti_sysbios_gates_GateHwi_Module__FXNS__C)
                  0000a474    00000024     i2ctmp006_pem4f.oem4f (.const:ti_sysbios_gates_GateMutex_Module__FXNS__C)
                  0000a498    00000024     i2ctmp006_pem4f.oem4f (.const:ti_sysbios_heaps_HeapMem_Object__PARAMS__C)
                  0000a4bc    00000024     i2ctmp006_pem4f.oem4f (.const:ti_sysbios_knl_Clock_Object__PARAMS__C)
                  0000a4e0    00000024     i2ctmp006_pem4f.oem4f (.const:ti_sysbios_knl_Semaphore_Object__PARAMS__C)
                  0000a504    00000020     i2ctmp006_pem4f.oem4f (.const:ti_sysbios_family_arm_m3_Hwi_Object__DESC__C)
                  0000a524    00000020     i2ctmp006_pem4f.oem4f (.const:ti_sysbios_gates_GateHwi_Object__DESC__C)
                  0000a544    00000020     i2ctmp006_pem4f.oem4f (.const:ti_sysbios_gates_GateMutex_Object__DESC__C)
                  0000a564    00000020     i2ctmp006_pem4f.oem4f (.const:ti_sysbios_heaps_HeapMem_Object__DESC__C)
                  0000a584    00000020     i2ctmp006_pem4f.oem4f (.const:ti_sysbios_knl_Clock_Object__DESC__C)
                  0000a5a4    00000020     i2ctmp006_pem4f.oem4f (.const:ti_sysbios_knl_Queue_Object__DESC__C)
                  0000a5c4    00000020     i2ctmp006_pem4f.oem4f (.const:ti_sysbios_knl_Semaphore_Object__DESC__C)
                  0000a5e4    0000001c     drivers_tivaware.aem4f : I2CTiva.oem4f (.const)
                  0000a600    00000018     EK_TM4C123GXL.obj (.const:SDSPI_config)
                  0000a618    00000018     EK_TM4C123GXL.obj (.const:i2cTivaHWAttrs)
                  0000a630    00000018     i2ctmp006_pem4f.oem4f (.const:ti_sysbios_gates_GateHwi_Object__PARAMS__C)
                  0000a648    00000018     i2ctmp006_pem4f.oem4f (.const:ti_sysbios_gates_GateMutex_Object__PARAMS__C)
                  0000a660    00000018     i2ctmp006_pem4f.oem4f (.const:ti_sysbios_knl_Queue_Object__PARAMS__C)
                  0000a678    00000014     EK_TM4C123GXL.obj (.const:GPIOTiva_config)
                  0000a68c    00000014     i2ctmp006_pem4f.oem4f (.const)
                  0000a6a0    00000014     i2ctmp006_pem4f.oem4f (.const:xdc_runtime_Startup_firstFxns__A)
                  0000a6b4    00000014     i2ctmp006_pem4f.oem4f (.const:xdc_runtime_Startup_sfxnRts__A)
                  0000a6c8    00000011     ti.targets.arm.rtsarm.aem4f : System.oem4f (.const:.string)
                  0000a6d9    00000001     i2ctmp006_pem4f.oem4f (.const:xdc_runtime_Error_policy__C)
                  0000a6da    00000002     i2ctmp006_pem4f.oem4f (.const:ti_catalog_arm_cortexm4_tiva_ce_Boot_Module__id__C)
                  0000a6dc    00000010     drivers_tivaware.aem4f : I2C.oem4f (.const)
                  0000a6ec    00000010                            : SDSPITiva.oem4f (.const)
                  0000a6fc    00000008                            : SDSPI.oem4f (.const)
                  0000a704    00000008     i2ctmp006_pem4f.oem4f (.const:ti_sysbios_family_arm_m3_Hwi_excHookFuncs__A)
                  0000a70c    00000008     i2ctmp006_pem4f.oem4f (.const:ti_sysbios_knl_Idle_funcList__C)
                  0000a714    00000008     i2ctmp006_pem4f.oem4f (.const:xdc_runtime_Startup_firstFxns__C)
                  0000a71c    00000008     i2ctmp006_pem4f.oem4f (.const:xdc_runtime_Startup_lastFxns__C)
                  0000a724    00000004     i2ctmp006_pem4f.oem4f (.const:ti_catalog_arm_cortexm4_tiva_ce_Boot_A_mustUseEnhancedClockMode__C)
                  0000a728    00000004     i2ctmp006_pem4f.oem4f (.const:ti_catalog_arm_cortexm4_tiva_ce_Boot_Module__diagsEnabled__C)
                  0000a72c    00000004     i2ctmp006_pem4f.oem4f (.const:ti_catalog_arm_cortexm4_tiva_ce_Boot_Module__diagsIncluded__C)
                  0000a730    00000004     i2ctmp006_pem4f.oem4f (.const:ti_catalog_arm_cortexm4_tiva_ce_Boot_Module__diagsMask__C)
                  0000a734    00000004     i2ctmp006_pem4f.oem4f (.const:ti_sysbios_family_arm_lm4_Timer_enableFunc__C)
                  0000a738    00000004     i2ctmp006_pem4f.oem4f (.const:ti_sysbios_family_arm_lm4_Timer_numTimerDevices__C)
                  0000a73c    00000004     i2ctmp006_pem4f.oem4f (.const:ti_sysbios_family_arm_lm4_Timer_startupNeeded__C)
                  0000a740    00000004     i2ctmp006_pem4f.oem4f (.const:ti_sysbios_family_arm_m3_Hwi_E_NMI__C)
                  0000a744    00000004     i2ctmp006_pem4f.oem4f (.const:ti_sysbios_family_arm_m3_Hwi_E_alreadyDefined__C)
                  0000a748    00000004     i2ctmp006_pem4f.oem4f (.const:ti_sysbios_family_arm_m3_Hwi_E_busFault__C)
                  0000a74c    00000004     i2ctmp006_pem4f.oem4f (.const:ti_sysbios_family_arm_m3_Hwi_E_debugMon__C)
                  0000a750    00000004     i2ctmp006_pem4f.oem4f (.const:ti_sysbios_family_arm_m3_Hwi_E_hardFault__C)
                  0000a754    00000004     i2ctmp006_pem4f.oem4f (.const:ti_sysbios_family_arm_m3_Hwi_E_memFault__C)
                  0000a758    00000004     i2ctmp006_pem4f.oem4f (.const:ti_sysbios_family_arm_m3_Hwi_E_noIsr__C)
                  0000a75c    00000004     i2ctmp006_pem4f.oem4f (.const:ti_sysbios_family_arm_m3_Hwi_E_reserved__C)
                  0000a760    00000004     i2ctmp006_pem4f.oem4f (.const:ti_sysbios_family_arm_m3_Hwi_E_svCall__C)
                  0000a764    00000004     i2ctmp006_pem4f.oem4f (.const:ti_sysbios_family_arm_m3_Hwi_E_usageFault__C)
                  0000a768    00000004     i2ctmp006_pem4f.oem4f (.const:ti_sysbios_family_arm_m3_Hwi_NUM_INTERRUPTS__C)
                  0000a76c    00000004     i2ctmp006_pem4f.oem4f (.const:ti_sysbios_family_arm_m3_Hwi_Object__count__C)
                  0000a770    00000004     i2ctmp006_pem4f.oem4f (.const:ti_sysbios_family_arm_m3_Hwi_ccr__C)
                  0000a774    00000004     i2ctmp006_pem4f.oem4f (.const:ti_sysbios_family_arm_m3_Hwi_excHandlerFunc__C)
                  0000a778    00000004     i2ctmp006_pem4f.oem4f (.const:ti_sysbios_family_arm_m3_Hwi_excHookFuncs__C)
                  0000a77c    00000004     i2ctmp006_pem4f.oem4f (.const:ti_sysbios_family_arm_m3_Hwi_nullIsrFunc__C)
                  0000a780    00000004     i2ctmp006_pem4f.oem4f (.const:ti_sysbios_family_arm_m3_Hwi_priGroup__C)
                  0000a784    00000004     i2ctmp006_pem4f.oem4f (.const:ti_sysbios_gates_GateMutex_Instance_State_sem__O)
                  0000a788    00000004     i2ctmp006_pem4f.oem4f (.const:ti_sysbios_hal_Hwi_E_stackOverflow__C)
                  0000a78c    00000004     i2ctmp006_pem4f.oem4f (.const:ti_sysbios_heaps_HeapMem_E_memory__C)
                  0000a790    00000004     i2ctmp006_pem4f.oem4f (.const:ti_sysbios_heaps_HeapMem_Module__gateObj__C)
                  0000a794    00000004     i2ctmp006_pem4f.oem4f (.const:ti_sysbios_heaps_HeapMem_Object__count__C)
                  0000a798    00000004     i2ctmp006_pem4f.oem4f (.const:ti_sysbios_heaps_HeapMem_reqAlign__C)
                  0000a79c    00000004     i2ctmp006_pem4f.oem4f (.const:ti_sysbios_knl_Clock_Module_State_clockQ__O)
                  0000a7a0    00000004     i2ctmp006_pem4f.oem4f (.const:ti_sysbios_knl_Idle_funcList__A)
                  0000a7a4    00000004     i2ctmp006_pem4f.oem4f (.const:ti_sysbios_knl_Semaphore_Instance_State_pendQ__O)
                  0000a7a8    00000004     i2ctmp006_pem4f.oem4f (.const:ti_sysbios_knl_Swi_Object__count__C)
                  0000a7ac    00000004     i2ctmp006_pem4f.oem4f (.const:ti_sysbios_knl_Task_E_spOutOfBounds__C)
                  0000a7b0    00000004     i2ctmp006_pem4f.oem4f (.const:ti_sysbios_knl_Task_E_stackOverflow__C)
                  0000a7b4    00000004     i2ctmp006_pem4f.oem4f (.const:ti_sysbios_knl_Task_Module_State_inactiveQ__O)
                  0000a7b8    00000004     i2ctmp006_pem4f.oem4f (.const:ti_sysbios_knl_Task_Object__count__C)
                  0000a7bc    00000004     i2ctmp006_pem4f.oem4f (.const:ti_sysbios_knl_Task_allBlockedFunc__C)
                  0000a7c0    00000004     i2ctmp006_pem4f.oem4f (.const:ti_sysbios_knl_Task_numConstructedTasks__C)
                  0000a7c4    00000004     i2ctmp006_pem4f.oem4f (.const:xdc_runtime_Assert_E_assertFailed__C)
                  0000a7c8    00000004     i2ctmp006_pem4f.oem4f (.const:xdc_runtime_Core_A_initializedParams__C)
                  0000a7cc    00000004     i2ctmp006_pem4f.oem4f (.const:xdc_runtime_Core_Module__diagsEnabled__C)
                  0000a7d0    00000004     i2ctmp006_pem4f.oem4f (.const:xdc_runtime_Core_Module__diagsIncluded__C)
                  0000a7d4    00000004     i2ctmp006_pem4f.oem4f (.const:xdc_runtime_Core_Module__diagsMask__C)
                  0000a7d8    00000004     i2ctmp006_pem4f.oem4f (.const:xdc_runtime_Error_E_memory__C)
                  0000a7dc    00000004     i2ctmp006_pem4f.oem4f (.const:xdc_runtime_Error_Module__diagsEnabled__C)
                  0000a7e0    00000004     i2ctmp006_pem4f.oem4f (.const:xdc_runtime_Error_Module__diagsIncluded__C)
                  0000a7e4    00000004     i2ctmp006_pem4f.oem4f (.const:xdc_runtime_Error_Module__diagsMask__C)
                  0000a7e8    00000004     i2ctmp006_pem4f.oem4f (.const:xdc_runtime_Error_Module__loggerFxn8__C)
                  0000a7ec    00000004     i2ctmp006_pem4f.oem4f (.const:xdc_runtime_Error_Module__loggerObj__C)
                  0000a7f0    00000004     i2ctmp006_pem4f.oem4f (.const:xdc_runtime_Error_policyFxn__C)
                  0000a7f4    00000004     i2ctmp006_pem4f.oem4f (.const:xdc_runtime_Error_raiseHook__C)
                  0000a7f8    00000004     i2ctmp006_pem4f.oem4f (.const:xdc_runtime_IGateProvider_Interface__BASE__C)
                  0000a7fc    00000004     i2ctmp006_pem4f.oem4f (.const:xdc_runtime_IHeap_Interface__BASE__C)
                  0000a800    00000004     i2ctmp006_pem4f.oem4f (.const:xdc_runtime_IModule_Interface__BASE__C)
                  0000a804    00000004     i2ctmp006_pem4f.oem4f (.const:xdc_runtime_Log_L_error__C)
                  0000a808    00000004     i2ctmp006_pem4f.oem4f (.const:xdc_runtime_Memory_defaultHeapInstance__C)
                  0000a80c    00000004     i2ctmp006_pem4f.oem4f (.const:xdc_runtime_Startup_execImpl__C)
                  0000a810    00000004     i2ctmp006_pem4f.oem4f (.const:xdc_runtime_Startup_lastFxns__A)
                  0000a814    00000004     i2ctmp006_pem4f.oem4f (.const:xdc_runtime_Startup_maxPasses__C)
                  0000a818    00000004     i2ctmp006_pem4f.oem4f (.const:xdc_runtime_Startup_sfxnRts__C)
                  0000a81c    00000004     i2ctmp006_pem4f.oem4f (.const:xdc_runtime_Startup_sfxnTab__C)
                  0000a820    00000004     i2ctmp006_pem4f.oem4f (.const:xdc_runtime_SysMin_bufSize__C)
                  0000a824    00000004     i2ctmp006_pem4f.oem4f (.const:xdc_runtime_SysMin_outputFunc__C)
                  0000a828    00000004     i2ctmp006_pem4f.oem4f (.const:xdc_runtime_System_Module__gateObj__C)
                  0000a82c    00000004     i2ctmp006_pem4f.oem4f (.const:xdc_runtime_System_abortFxn__C)
                  0000a830    00000004     i2ctmp006_pem4f.oem4f (.const:xdc_runtime_System_exitFxn__C)
                  0000a834    00000004     i2ctmp006_pem4f.oem4f (.const:xdc_runtime_System_extendFxn__C)
                  0000a838    00000004     i2ctmp006_pem4f.oem4f (.const:xdc_runtime_System_maxAtexitHandlers__C)
                  0000a83c    00000004     i2ctmp006_pem4f.oem4f (.const:xdc_runtime_Text_charTab__C)
                  0000a840    00000004     i2ctmp006_pem4f.oem4f (.const:xdc_runtime_Text_nameEmpty__C)
                  0000a844    00000004     i2ctmp006_pem4f.oem4f (.const:xdc_runtime_Text_nameStatic__C)
                  0000a848    00000004     i2ctmp006_pem4f.oem4f (.const:xdc_runtime_Text_nameUnknown__C)
                  0000a84c    00000004     i2ctmp006_pem4f.oem4f (.const:xdc_runtime_Text_nodeTab__A)
                  0000a850    00000004     i2ctmp006_pem4f.oem4f (.const:xdc_runtime_Text_visitRopeFxn__C)
                  0000a854    00000002     i2ctmp006_pem4f.oem4f (.const:ti_sysbios_family_arm_lm4_TimestampProvider_useClockTimer__C)
                  0000a856    00000002     i2ctmp006_pem4f.oem4f (.const:ti_sysbios_family_arm_m3_Hwi_Module__id__C)
                  0000a858    00000002     i2ctmp006_pem4f.oem4f (.const:ti_sysbios_hal_Hwi_Module__id__C)
                  0000a85a    00000002     i2ctmp006_pem4f.oem4f (.const:ti_sysbios_heaps_HeapMem_Module__id__C)
                  0000a85c    00000002     i2ctmp006_pem4f.oem4f (.const:ti_sysbios_knl_Task_Module__id__C)
                  0000a85e    00000002     i2ctmp006_pem4f.oem4f (.const:ti_sysbios_knl_Task_initStackFlag__C)
                  0000a860    00000002     i2ctmp006_pem4f.oem4f (.const:xdc_runtime_Core_Module__id__C)
                  0000a862    00000002     i2ctmp006_pem4f.oem4f (.const:xdc_runtime_Error_Module__loggerDefined__C)
                  0000a864    00000002     i2ctmp006_pem4f.oem4f (.const:xdc_runtime_Error_maxDepth__C)
                  0000a866    00000002     i2ctmp006_pem4f.oem4f (.const:xdc_runtime_Memory_Module__id__C)
                  0000a868    00000002     i2ctmp006_pem4f.oem4f (.const:xdc_runtime_SysMin_flushAtExit__C)
                  0000a86a    00000002     i2ctmp006_pem4f.oem4f (.const:xdc_runtime_Text_charCnt__C)
                  0000a86c    00000002     i2ctmp006_pem4f.oem4f (.const:xdc_runtime_Text_isLoaded__C)
                  0000a86e    00000002     i2ctmp006_pem4f.oem4f (.const:xdc_runtime_Text_registryModsLastId__C)
                  0000a870    00000002     i2ctmp006_pem4f.oem4f (.const:xdc_runtime_Text_unnamedModsLastId__C)
                  0000a872    00000001     i2ctmp006_pem4f.oem4f (.const:xdc_runtime_Text_charTab__A)

.cinit     0    0000a878    00000558     
                  0000a878    00000522     (.cinit..data.load) [load image, compression = rle]
                  0000ad9a    00000002     --HOLE-- [fill = 0]
                  0000ad9c    0000000c     (__TI_handler_table)
                  0000ada8    00000008     (.cinit..bss.load) [load image, compression = zero_init]
                  0000adb0    00000008     (.cinit..vecs.load) [load image, compression = zero_init]
                  0000adb8    00000018     (__TI_cinit_table)

.init_array 
*          0    00000000    00000000     UNINITIALIZED

.vecs      0    20000000    00000360     UNINITIALIZED
                  20000000    00000360     i2ctmp006_pem4f.oem4f (.vecs)

.bss       0    20000360    00005d5c     UNINITIALIZED
                  20000360    00002000     i2ctmp006_pem4f.oem4f (.bss:taskStackSection)
                  20002360    00001404     i2ctmp006.obj (.bss:cBuf2)
                  20003764    00001404     i2ctmp006.obj (.bss:cBuf)
                  20004b68    00000800     i2ctmp006_pem4f.oem4f (.bss:ti_sysbios_heaps_HeapMem_Instance_State_0_buf__A)
                  20005368    00000360     i2ctmp006_pem4f.oem4f (.bss:ti_sysbios_family_arm_m3_Hwi_dispatchTable)
                  200056c8    00000240     EK_TM4C123GXL.obj (.bss:sdspiTivaObjects)
                  20005908    00000224     i2ctmp006.obj (.bss:logFile)
                  20005b2c    00000198     EK_TM4C123GXL.obj (.bss:uartTivaObjects)
                  20005cc4    00000120     rtsv7M4_T_le_v4SPD16_eabi.lib : trgmsg.obj (.bss:__CIOBUF_)
                  20005de4    00000100     EK_TM4C123GXL.obj (.bss:i2cTivaObjects)
                  20005ee4    00000090     drivers_tivaware.aem4f : GPIOTiva.oem4f (.bss:gpioCallbackInfo)
                  20005f74    00000080     i2ctmp006_pem4f.oem4f (.bss:xdc_runtime_SysMin_Module_State_0_outbuf__A)
                  20005ff4    00000028     ti.sysbios.fatfs.aem4f : ffcio.oem4f (.bss:filTable)
                  2000601c    00000024     i2ctmp006.obj (.bss:motor)
                  20006040    00000020     (.common:uartTivaRingBuffer)
                  20006060    00000010     (.common:p_angle)
                  20006070    00000010     (.common:sdspiHandles)
                  20006080    00000008     (.common:freq)
                  20006088    00000008     (.common:parmbuf)
                  20006090    00000006     (.common:degs)
                  20006096    00000002     --HOLE--
                  20006098    00000004     (.common:bno)
                  2000609c    00000004     (.common:cBufAccess)
                  200060a0    00000004     (.common:gpioInterruptVectors)
                  200060a4    00000004     (.common:handle_i2c0)
                  200060a8    00000004     (.common:handle_i2c1)
                  200060ac    00000004     (.common:handle_uart1)
                  200060b0    00000004     (.common:lastAngle)
                  200060b4    00000004     (.common:ui32Load)
                  200060b8    00000004     (.common:ui32PWMClock)

.data      0    200060c0    000008a0     UNINITIALIZED
                  200060c0    00000140     i2ctmp006_pem4f.oem4f (.data:ti_sysbios_family_arm_lm4_Timer_Object__table__V)
                  20006200    00000134     i2ctmp006_pem4f.oem4f (.data)
                  20006334    00000130     i2ctmp006_pem4f.oem4f (.data:ti_sysbios_knl_Task_Object__table__V)
                  20006464    000000d0     rtsv7M4_T_le_v4SPD16_eabi.lib : lowlev.obj (.data)
                  20006534    00000080     i2ctmp006_pem4f.oem4f (.data:ti_sysbios_knl_Swi_Module_State_0_readyQ__A)
                  200065b4    00000078     i2ctmp006_pem4f.oem4f (.data:ti_sysbios_family_arm_m3_Hwi_Object__table__V)
                  2000662c    00000004     drivers_tivaware.aem4f : I2C.oem4f (.data)
                  20006630    00000070     i2ctmp006.obj (.data)
                  200066a0    00000050     ti.sysbios.fatfs.aem4f : diskio.oem4f (.data:drive_fxn_table)
                  200066f0    00000044     i2ctmp006_pem4f.oem4f (.data:ti_sysbios_knl_Task_Module__state__V)
                  20006734    0000003c     i2ctmp006_pem4f.oem4f (.data:ti_sysbios_knl_Semaphore_Object__table__V)
                  20006770    00000038     i2ctmp006_pem4f.oem4f (.data:ti_sysbios_gates_GateMutex_Object__table__V)
                  200067a8    00000034     i2ctmp006_pem4f.oem4f (.data:ti_sysbios_family_arm_m3_Hwi_Module__state__V)
                  200067dc    00000030     i2ctmp006_pem4f.oem4f (.data:ti_sysbios_family_arm_lm4_Timer_Module_State_0_device__A)
                  2000680c    00000030     i2ctmp006_pem4f.oem4f (.data:ti_sysbios_knl_Swi_Object__table__V)
                  2000683c    0000002c     i2ctmp006_pem4f.oem4f (.data:ti_sysbios_knl_Clock_Module__state__V)
                  20006868    00000028     EK_TM4C123GXL.obj (.data)
                  20006890    00000028     i2ctmp006_pem4f.oem4f (.data:ti_sysbios_knl_Task_Module_State_0_readyQ__A)
                  200068b8    00000024     rtsv7M4_T_le_v4SPD16_eabi.lib : localtim.obj (.data:local_tm)
                  200068dc    00000024     i2ctmp006_pem4f.oem4f (.data:ti_sysbios_BIOS_Module__state__V)
                  20006900    00000012     ti.sysbios.fatfs.aem4f : ff.oem4f (.data)
                  20006912    00000002     --HOLE--
                  20006914    00000010     BNO55.obj (.data)
                  20006924    00000010     rtsv7M4_T_le_v4SPD16_eabi.lib : tmzone.obj (.data)
                  20006934    00000008                                   : _lock.obj (.data)
                  2000693c    00000008                                   : exit.obj (.data)
                  20006944    00000005     drivers_tivaware.aem4f : GPIOTiva.oem4f (.data)
                  20006949    00000003     --HOLE--
                  2000694c    00000004                            : SDSPI.oem4f (.data)
                  20006950    00000004                            : SDSPITiva.oem4f (.data)
                  20006954    00000004                            : UART.oem4f (.data)
                  20006958    00000004     rtsv7M4_T_le_v4SPD16_eabi.lib : stkdepth_vars.obj (.data)
                  2000695c    00000004     ti.sysbios.fatfs.aem4f : ffcio.oem4f (.data)

.stack     0    20006960    00000300     UNINITIALIZED
                  20006960    00000300     --HOLE--

.bootVecs 
*          0    00000000    00000008     DSECT
                  00000000    00000008     boot.aem4f : boot.oem4f (.bootVecs)

xdc.meta   0    00000000    000000d4     COPY SECTION
                  00000000    000000d4     i2ctmp006_pem4f.oem4f (xdc.meta)

xdc.noload 
*          0    00000000    00000000     COPY SECTION

.TI.noinit 
*          0    20000360    00000000     UNINITIALIZED

.TI.persistent 
*          0    200060c0    00000000     UNINITIALIZED


LINKER GENERATED COPY TABLES

__TI_cinit_table @ 0000adb8 records: 3, size/record: 8, table size: 24
	.data: load addr=0000a878, load size=00000522 bytes, run addr=200060c0, run size=000008a0 bytes, compression=rle
	.bss: load addr=0000ada8, load size=00000008 bytes, run addr=20000360, run size=00005d5c bytes, compression=zero_init
	.vecs: load addr=0000adb0, load size=00000008 bytes, run addr=20000000, run size=00000360 bytes, compression=zero_init


LINKER GENERATED HANDLER TABLE

__TI_handler_table @ 0000ad9c records: 3, size/record: 4, table size: 12
	index: 0, handler: __TI_decompress_rle24
	index: 1, handler: __TI_decompress_none
	index: 2, handler: __TI_zero_init


GLOBAL SYMBOLS: SORTED ALPHABETICALLY BY Name 

address   name                                                              
[...]
0000a059  ti_sysbios_knl_Clock_logTick__E                                   
0000a2e8  ti_sysbios_family_arm_m3_Hwi_Object__PARAMS__C                    
0000a318  uartTivaHWAttrs                                                   
0000a348  UARTTiva_fxnTable                                                 
0000a370  ti_sysbios_heaps_HeapMem_Module__FXNS__C                          
0000a398  xdc_runtime_Startup_sfxnTab__A                                    
0000a3c0  I2C_config                                                        
0000a3e4  UART_config                                                       
0000a408  UART_defaultParams                                                
0000a42c  sdspiTivaHWattrs                                                  
0000a450  ti_sysbios_gates_GateHwi_Module__FXNS__C                          
0000a474  ti_sysbios_gates_GateMutex_Module__FXNS__C                        
0000a498  ti_sysbios_heaps_HeapMem_Object__PARAMS__C                        
0000a4bc  ti_sysbios_knl_Clock_Object__PARAMS__C                            
0000a4e0  ti_sysbios_knl_Semaphore_Object__PARAMS__C                        
0000a504  ti_sysbios_family_arm_m3_Hwi_Object__DESC__C                      
0000a524  ti_sysbios_gates_GateHwi_Object__DESC__C                          
0000a544  ti_sysbios_gates_GateMutex_Object__DESC__C                        
0000a564  ti_sysbios_heaps_HeapMem_Object__DESC__C                          
0000a584  ti_sysbios_knl_Clock_Object__DESC__C                              
0000a5a4  ti_sysbios_knl_Queue_Object__DESC__C                              
0000a5c4  ti_sysbios_knl_Semaphore_Object__DESC__C                          
0000a5e4  I2CTiva_fxnTable                                                  
0000a600  SDSPI_config                                                      
0000a618  i2cTivaHWAttrs                                                    
0000a630  ti_sysbios_gates_GateHwi_Object__PARAMS__C                        
0000a648  ti_sysbios_gates_GateMutex_Object__PARAMS__C                      
0000a660  ti_sysbios_knl_Queue_Object__PARAMS__C                            
0000a678  GPIOTiva_config                                                   
0000a68c  proximityTask                                                     
0000a690  sdTask                                                            
0000a694  proximitySemaphore                                                
0000a698  imuSemaphore                                                      
0000a69c  sdSemaphore                                                       
0000a6a0  xdc_runtime_Startup_firstFxns__A                                  
0000a6b4  xdc_runtime_Startup_sfxnRts__A                                    
0000a6d9  xdc_runtime_Error_policy__C                                       
0000a6da  ti_catalog_arm_cortexm4_tiva_ce_Boot_Module__id__C                
0000a6dc  I2C_defaultParams                                                 
0000a6ec  SDSPITiva_fxnTable                                                
0000a6fc  SDSPI_defaultParams                                               
0000a704  ti_sysbios_family_arm_m3_Hwi_excHookFuncs__A                      
0000a70c  ti_sysbios_knl_Idle_funcList__C                                   
0000a714  xdc_runtime_Startup_firstFxns__C                                  
0000a71c  xdc_runtime_Startup_lastFxns__C                                   
0000a724  ti_catalog_arm_cortexm4_tiva_ce_Boot_A_mustUseEnhancedClockMode__C
0000a728  ti_catalog_arm_cortexm4_tiva_ce_Boot_Module__diagsEnabled__C      
0000a72c  ti_catalog_arm_cortexm4_tiva_ce_Boot_Module__diagsIncluded__C     
0000a730  ti_catalog_arm_cortexm4_tiva_ce_Boot_Module__diagsMask__C         
0000a734  ti_sysbios_family_arm_lm4_Timer_enableFunc__C                     
0000a738  ti_sysbios_family_arm_lm4_Timer_numTimerDevices__C                
0000a73c  ti_sysbios_family_arm_lm4_Timer_startupNeeded__C                  
0000a740  ti_sysbios_family_arm_m3_Hwi_E_NMI__C                             
0000a744  ti_sysbios_family_arm_m3_Hwi_E_alreadyDefined__C                  
0000a748  ti_sysbios_family_arm_m3_Hwi_E_busFault__C                        
0000a74c  ti_sysbios_family_arm_m3_Hwi_E_debugMon__C                        
0000a750  ti_sysbios_family_arm_m3_Hwi_E_hardFault__C                       
0000a754  ti_sysbios_family_arm_m3_Hwi_E_memFault__C                        
0000a758  ti_sysbios_family_arm_m3_Hwi_E_noIsr__C                           
0000a75c  ti_sysbios_family_arm_m3_Hwi_E_reserved__C                        
0000a760  ti_sysbios_family_arm_m3_Hwi_E_svCall__C                          
0000a764  ti_sysbios_family_arm_m3_Hwi_E_usageFault__C                      
0000a768  ti_sysbios_family_arm_m3_Hwi_NUM_INTERRUPTS__C                    
0000a76c  ti_sysbios_family_arm_m3_Hwi_Object__count__C                     
0000a770  ti_sysbios_family_arm_m3_Hwi_ccr__C                               
0000a774  ti_sysbios_family_arm_m3_Hwi_excHandlerFunc__C                    
0000a778  ti_sysbios_family_arm_m3_Hwi_excHookFuncs__C                      
0000a77c  ti_sysbios_family_arm_m3_Hwi_nullIsrFunc__C                       
0000a780  ti_sysbios_family_arm_m3_Hwi_priGroup__C                          
0000a784  ti_sysbios_gates_GateMutex_Instance_State_sem__O                  
0000a788  ti_sysbios_hal_Hwi_E_stackOverflow__C                             
0000a78c  ti_sysbios_heaps_HeapMem_E_memory__C                              
0000a790  ti_sysbios_heaps_HeapMem_Module__gateObj__C                       
0000a794  ti_sysbios_heaps_HeapMem_Object__count__C                         
0000a798  ti_sysbios_heaps_HeapMem_reqAlign__C                              
0000a79c  ti_sysbios_knl_Clock_Module_State_clockQ__O                       
0000a7a0  ti_sysbios_knl_Idle_funcList__A                                   
0000a7a4  ti_sysbios_knl_Semaphore_Instance_State_pendQ__O                  
0000a7a8  ti_sysbios_knl_Swi_Object__count__C                               
0000a7ac  ti_sysbios_knl_Task_E_spOutOfBounds__C                            
0000a7b0  ti_sysbios_knl_Task_E_stackOverflow__C                            
0000a7b4  ti_sysbios_knl_Task_Module_State_inactiveQ__O                     
0000a7b8  ti_sysbios_knl_Task_Object__count__C                              
0000a7bc  ti_sysbios_knl_Task_allBlockedFunc__C                             
0000a7c0  ti_sysbios_knl_Task_numConstructedTasks__C                        
0000a7c4  xdc_runtime_Assert_E_assertFailed__C                              
0000a7c8  xdc_runtime_Core_A_initializedParams__C                           
0000a7cc  xdc_runtime_Core_Module__diagsEnabled__C                          
0000a7d0  xdc_runtime_Core_Module__diagsIncluded__C                         
0000a7d4  xdc_runtime_Core_Module__diagsMask__C                             
0000a7d8  xdc_runtime_Error_E_memory__C                                     
0000a7dc  xdc_runtime_Error_Module__diagsEnabled__C                         
0000a7e0  xdc_runtime_Error_Module__diagsIncluded__C                        
0000a7e4  xdc_runtime_Error_Module__diagsMask__C                            
0000a7e8  xdc_runtime_Error_Module__loggerFxn8__C                           
0000a7ec  xdc_runtime_Error_Module__loggerObj__C                            
0000a7f0  xdc_runtime_Error_policyFxn__C                                    
0000a7f4  xdc_runtime_Error_raiseHook__C                                    
0000a7f8  xdc_runtime_IGateProvider_Interface__BASE__C                      
0000a7fc  xdc_runtime_IHeap_Interface__BASE__C                              
0000a800  xdc_runtime_IModule_Interface__BASE__C                            
0000a804  xdc_runtime_Log_L_error__C                                        
0000a808  xdc_runtime_Memory_defaultHeapInstance__C                         
0000a80c  xdc_runtime_Startup_execImpl__C                                   
0000a810  xdc_runtime_Startup_lastFxns__A                                   
0000a814  xdc_runtime_Startup_maxPasses__C                                  
0000a818  xdc_runtime_Startup_sfxnRts__C                                    
0000a81c  xdc_runtime_Startup_sfxnTab__C                                    
0000a820  xdc_runtime_SysMin_bufSize__C                                     
0000a824  xdc_runtime_SysMin_outputFunc__C                                  
0000a828  xdc_runtime_System_Module__gateObj__C                             
0000a82c  xdc_runtime_System_abortFxn__C                                    
0000a830  xdc_runtime_System_exitFxn__C                                     
0000a834  xdc_runtime_System_extendFxn__C                                   
0000a838  xdc_runtime_System_maxAtexitHandlers__C                           
0000a83c  xdc_runtime_Text_charTab__C                                       
0000a840  xdc_runtime_Text_nameEmpty__C                                     
0000a844  xdc_runtime_Text_nameStatic__C                                    
0000a848  xdc_runtime_Text_nameUnknown__C                                   
0000a84c  xdc_runtime_Text_nodeTab__A                                       
0000a850  xdc_runtime_Text_visitRopeFxn__C                                  
0000a854  ti_sysbios_family_arm_lm4_TimestampProvider_useClockTimer__C      
0000a856  ti_sysbios_family_arm_m3_Hwi_Module__id__C                        
0000a858  ti_sysbios_hal_Hwi_Module__id__C                                  
0000a85a  ti_sysbios_heaps_HeapMem_Module__id__C                            
0000a85c  ti_sysbios_knl_Task_Module__id__C                                 
0000a85e  ti_sysbios_knl_Task_initStackFlag__C                              
0000a860  xdc_runtime_Core_Module__id__C                                    
0000a862  xdc_runtime_Error_Module__loggerDefined__C                        
0000a864  xdc_runtime_Error_maxDepth__C                                     
0000a866  xdc_runtime_Memory_Module__id__C                                  
0000a868  xdc_runtime_SysMin_flushAtExit__C                                 
0000a86a  xdc_runtime_Text_charCnt__C                                       
0000a86c  xdc_runtime_Text_isLoaded__C                                      
0000a86e  xdc_runtime_Text_registryModsLastId__C                            
0000a870  xdc_runtime_Text_unnamedModsLastId__C                             
0000a872  xdc_runtime_Text_charTab__A                                       
0000a878  __TI_static_base__                                                
0000ad9c  __TI_Handler_Table_Base                                           
0000ada8  __TI_Handler_Table_Limit                                          
0000adb8  __TI_CINIT_Base                                                   
0000add0  __TI_CINIT_Limit                                                  
20000000  ti_sysbios_family_arm_m3_Hwi_ramVectors                           
20000360  ti_sysbios_knl_Task_Instance_State_0_stack__A                     
20000b60  ti_sysbios_knl_Task_Instance_State_1_stack__A                     
20001360  ti_sysbios_knl_Task_Instance_State_2_stack__A                     
20001b60  ti_sysbios_knl_Task_Instance_State_3_stack__A                     
20002360  cBuf2                                                             
20003764  cBuf                                                              
20004b68  ti_sysbios_heaps_HeapMem_Instance_State_0_buf__A                  
20005368  ti_sysbios_family_arm_m3_Hwi_dispatchTable                        
200056c8  sdspiTivaObjects                                                  
20005908  logFile                                                           
20005b2c  uartTivaObjects                                                   
20005cc4  __CIOBUF_                                                         
20005de4  i2cTivaObjects                                                    
20005f74  xdc_runtime_SysMin_Module_State_0_outbuf__A                       
2000601c  motor                                                             
20006040  uartTivaRingBuffer                                                
20006060  p_angle                                                           
20006080  freq                                                              
20006090  degs                                                              
20006098  bno                                                               
2000609c  cBufAccess                                                        
200060a4  handle_i2c0                                                       
200060a8  handle_i2c1                                                       
200060ac  handle_uart1                                                      
200060b0  lastAngle                                                         
200060b4  ui32Load                                                          
200060b8  ui32PWMClock                                                      
200060c0  ti_sysbios_family_arm_lm4_Timer_Object__table__V                  
20006200  ti_sysbios_family_arm_lm4_Seconds_Module__state__V                
20006208  ti_sysbios_family_arm_lm4_Timer_Module__root__V                   
20006210  ti_sysbios_family_arm_lm4_Timer_Module_State_0_handles__A         
20006228  ti_sysbios_family_arm_lm4_Timer_Module__state__V                  
20006234  ti_sysbios_family_arm_lm4_TimestampProvider_Module__state__V      
2000623c  ti_sysbios_family_arm_m3_Hwi_Module__root__V                      
20006244  ti_sysbios_family_arm_m3_Hwi_Module_State_0_excActive__A          
20006248  ti_sysbios_family_arm_m3_Hwi_Module_State_0_excContext__A         
2000624c  ti_sysbios_family_arm_m3_Hwi_Module_State_0_excStack__A           
20006250  ti_sysbios_gates_GateHwi_Module__root__V                          
20006258  ti_sysbios_gates_GateHwi_Object__table__V                         
2000625c  ti_sysbios_gates_GateMutex_Module__root__V                        
20006264  ti_sysbios_hal_Hwi_Module__root__V                                
2000626c  ti_sysbios_hal_Timer_Module__root__V                              
20006274  ti_sysbios_hal_Timer_Object__table__V                             
2000628c  ti_sysbios_heaps_HeapMem_Module__root__V                          
20006294  ti_sysbios_heaps_HeapMem_Object__table__V                         
200062ac  ti_sysbios_knl_Clock_Module__root__V                              
200062b4  ti_sysbios_knl_Queue_Module__root__V                              
200062bc  ti_sysbios_knl_Semaphore_Module__root__V                          
200062c4  ti_sysbios_knl_Swi_Module__root__V                                
200062cc  ti_sysbios_knl_Swi_Module__state__V                               
200062e8  ti_sysbios_knl_Task_Module__root__V                               
200062f0  ti_sysbios_knl_Task_Module_State_0_idleTask__A                    
200062f4  xdc_runtime_Error_Module__state__V                                
200062f8  xdc_runtime_Memory_Module__state__V                               
200062fc  xdc_runtime_Registry_Module__state__V                             
20006304  xdc_runtime_Startup_Module__state__V                              
2000630c  xdc_runtime_SysMin_Module__state__V                               
20006318  xdc_runtime_System_Module_State_0_atexitHandlers__A               
20006320  xdc_runtime_System_Module__state__V                               
20006328  xdc_runtime_Text_Module__state__V                                 
20006330  __xdc__init__addr                                                 
20006334  ti_sysbios_knl_Task_Object__table__V                              
20006418  TSK_idle                                                          
20006534  ti_sysbios_knl_Swi_Module_State_0_readyQ__A                       
200065b4  ti_sysbios_family_arm_m3_Hwi_Object__table__V                     
20006630  j                                                                 
20006634  currentPos                                                        
20006638  DesPos                                                            
2000663c  direction                                                         
20006640  ACCER                                                             
20006644  SD                                                                
20006648  PROX                                                              
2000664c  BNO                                                               
20006650  ENCODER                                                           
20006654  SEND_TO_placeholder                                               
20006658  SEND_TO_CABLE                                                     
2000665c  angle                                                             
20006660  oldavg                                                            
20006664  newavg                                                            
20006668  CalibrationOffset                                                 
2000666c  Velocity                                                          
20006670  speed                                                             
20006674  dir_angle                                                         
20006678  k1                                                                
20006680  k2                                                                
20006688  index                                                             
2000668c  jk                                                                
20006690  limit                                                             
20006694  pos                                                               
20006698  conv                                                              
200066f0  ti_sysbios_knl_Task_Module__state__V                              
20006734  ti_sysbios_knl_Semaphore_Object__table__V                         
20006770  ti_sysbios_gates_GateMutex_Object__table__V                       
200067a8  ti_sysbios_family_arm_m3_Hwi_Module__state__V                     
200067dc  ti_sysbios_family_arm_lm4_Timer_Module_State_0_device__A          
2000680c  ti_sysbios_knl_Swi_Object__table__V                               
2000683c  ti_sysbios_knl_Clock_Module__state__V                             
2000686c  gpioPinConfigs                                                    
20006884  gpioCallbackFunctions                                             
20006890  ti_sysbios_knl_Task_Module_State_0_readyQ__A                      
200068dc  ti_sysbios_BIOS_Module__state__V                                  
20006924  _tz                                                               
20006934  _lock                                                             
20006938  _unlock                                                           
2000693c  __TI_cleanup_ptr                                                  
20006940  __TI_dtors_ptr                                                    
20006958  main_func_sp                                                      
20006960  __stack                                                           
20006b60  __STACK_TOP                                                       
20006c60  __STACK_END                                                       
e000e000  ti_sysbios_family_arm_m3_Hwi_nvic                                 
ffffffff  __binit__                                                         
ffffffff  __c_args__                                                        
ffffffff  binit                                                             
UNDEFED   SHT$$INIT_ARRAY$$Base                                             
UNDEFED   SHT$$INIT_ARRAY$$Limit                                            

[789 symbols]
